Component: ARM Compiler 5.06 update 6 (build 750) Tool: armlink [4d35ed]

==============================================================================

Section Cross References

    main.o(i.main) refers to led.o(i.LED_Init) for LED_Init
    main.o(i.main) refers to glcd_spi_lpc1700.o(i.GLCD_Init) for GLCD_Init
    main.o(i.main) refers to glcd_spi_lpc1700.o(i.GLCD_Clear) for GLCD_Clear
    main.o(i.main) refers to glcd_spi_lpc1700.o(i.GLCD_SetTextColor) for GLCD_SetTextColor
    main.o(i.main) refers to glcd_spi_lpc1700.o(i.GLCD_SetBackColor) for GLCD_SetBackColor
    main.o(i.main) refers to glcd_spi_lpc1700.o(i.GLCD_DisplayString) for GLCD_DisplayString
    main.o(i.main) refers to rt_cmsis.o(i.osKernelInitialize) for osKernelInitialize
    main.o(i.main) refers to thread.o(i.Init_Thread) for Init_Thread
    main.o(i.main) refers to rt_cmsis.o(i.osKernelStart) for osKernelStart
    main.o(i.main) refers to rt_cmsis.o(i.osDelay) for osDelay
    glcd_spi_lpc1700.o(i.GLCD_Bargraph) refers to glcd_spi_lpc1700.o(i.GLCD_SetWindow) for GLCD_SetWindow
    glcd_spi_lpc1700.o(i.GLCD_Bargraph) refers to glcd_spi_lpc1700.o(i.wr_cmd) for wr_cmd
    glcd_spi_lpc1700.o(i.GLCD_Bargraph) refers to glcd_spi_lpc1700.o(i.wr_dat_start) for wr_dat_start
    glcd_spi_lpc1700.o(i.GLCD_Bargraph) refers to glcd_spi_lpc1700.o(i.wr_dat_only) for wr_dat_only
    glcd_spi_lpc1700.o(i.GLCD_Bargraph) refers to glcd_spi_lpc1700.o(i.wr_dat_stop) for wr_dat_stop
    glcd_spi_lpc1700.o(i.GLCD_Bargraph) refers to glcd_spi_lpc1700.o(.data) for Color
    glcd_spi_lpc1700.o(i.GLCD_Bitmap) refers to glcd_spi_lpc1700.o(i.GLCD_SetWindow) for GLCD_SetWindow
    glcd_spi_lpc1700.o(i.GLCD_Bitmap) refers to glcd_spi_lpc1700.o(i.wr_cmd) for wr_cmd
    glcd_spi_lpc1700.o(i.GLCD_Bitmap) refers to glcd_spi_lpc1700.o(i.wr_dat_start) for wr_dat_start
    glcd_spi_lpc1700.o(i.GLCD_Bitmap) refers to glcd_spi_lpc1700.o(i.wr_dat_only) for wr_dat_only
    glcd_spi_lpc1700.o(i.GLCD_Bitmap) refers to glcd_spi_lpc1700.o(i.wr_dat_stop) for wr_dat_stop
    glcd_spi_lpc1700.o(i.GLCD_Clear) refers to glcd_spi_lpc1700.o(i.GLCD_WindowMax) for GLCD_WindowMax
    glcd_spi_lpc1700.o(i.GLCD_Clear) refers to glcd_spi_lpc1700.o(i.wr_cmd) for wr_cmd
    glcd_spi_lpc1700.o(i.GLCD_Clear) refers to glcd_spi_lpc1700.o(i.wr_dat_start) for wr_dat_start
    glcd_spi_lpc1700.o(i.GLCD_Clear) refers to glcd_spi_lpc1700.o(i.wr_dat_only) for wr_dat_only
    glcd_spi_lpc1700.o(i.GLCD_Clear) refers to glcd_spi_lpc1700.o(i.wr_dat_stop) for wr_dat_stop
    glcd_spi_lpc1700.o(i.GLCD_ClearLn) refers to glcd_spi_lpc1700.o(i.GLCD_WindowMax) for GLCD_WindowMax
    glcd_spi_lpc1700.o(i.GLCD_ClearLn) refers to glcd_spi_lpc1700.o(i.GLCD_DisplayString) for GLCD_DisplayString
    glcd_spi_lpc1700.o(i.GLCD_DisplayChar) refers to glcd_spi_lpc1700.o(i.GLCD_DrawChar) for GLCD_DrawChar
    glcd_spi_lpc1700.o(i.GLCD_DisplayChar) refers to glcd_spi_lpc1700.o(.constdata) for Font_6x8_h
    glcd_spi_lpc1700.o(i.GLCD_DisplayString) refers to glcd_spi_lpc1700.o(i.GLCD_DisplayChar) for GLCD_DisplayChar
    glcd_spi_lpc1700.o(i.GLCD_DrawChar) refers to glcd_spi_lpc1700.o(i.GLCD_SetWindow) for GLCD_SetWindow
    glcd_spi_lpc1700.o(i.GLCD_DrawChar) refers to glcd_spi_lpc1700.o(i.wr_cmd) for wr_cmd
    glcd_spi_lpc1700.o(i.GLCD_DrawChar) refers to glcd_spi_lpc1700.o(i.wr_dat_start) for wr_dat_start
    glcd_spi_lpc1700.o(i.GLCD_DrawChar) refers to glcd_spi_lpc1700.o(i.wr_dat_only) for wr_dat_only
    glcd_spi_lpc1700.o(i.GLCD_DrawChar) refers to glcd_spi_lpc1700.o(i.wr_dat_stop) for wr_dat_stop
    glcd_spi_lpc1700.o(i.GLCD_DrawChar) refers to glcd_spi_lpc1700.o(.data) for Color
    glcd_spi_lpc1700.o(i.GLCD_Init) refers to glcd_spi_lpc1700.o(i.rd_id_man) for rd_id_man
    glcd_spi_lpc1700.o(i.GLCD_Init) refers to glcd_spi_lpc1700.o(i.rd_reg) for rd_reg
    glcd_spi_lpc1700.o(i.GLCD_Init) refers to glcd_spi_lpc1700.o(i.wr_reg) for wr_reg
    glcd_spi_lpc1700.o(i.GLCD_Init) refers to glcd_spi_lpc1700.o(i.delay) for delay
    glcd_spi_lpc1700.o(i.GLCD_Init) refers to glcd_spi_lpc1700.o(.data) for Himax
    glcd_spi_lpc1700.o(i.GLCD_PutPixel) refers to glcd_spi_lpc1700.o(i.wr_reg) for wr_reg
    glcd_spi_lpc1700.o(i.GLCD_PutPixel) refers to glcd_spi_lpc1700.o(i.wr_cmd) for wr_cmd
    glcd_spi_lpc1700.o(i.GLCD_PutPixel) refers to glcd_spi_lpc1700.o(i.wr_dat) for wr_dat
    glcd_spi_lpc1700.o(i.GLCD_PutPixel) refers to glcd_spi_lpc1700.o(.data) for Himax
    glcd_spi_lpc1700.o(i.GLCD_SetBackColor) refers to glcd_spi_lpc1700.o(.data) for Color
    glcd_spi_lpc1700.o(i.GLCD_SetTextColor) refers to glcd_spi_lpc1700.o(.data) for Color
    glcd_spi_lpc1700.o(i.GLCD_SetWindow) refers to glcd_spi_lpc1700.o(i.wr_reg) for wr_reg
    glcd_spi_lpc1700.o(i.GLCD_SetWindow) refers to glcd_spi_lpc1700.o(.data) for Himax
    glcd_spi_lpc1700.o(i.GLCD_WindowMax) refers to glcd_spi_lpc1700.o(i.GLCD_SetWindow) for GLCD_SetWindow
[...]
    rt_cmsis.o(i.svcTimerStart) refers to rt_cmsis.o(i.rt_timer_insert) for rt_timer_insert
    rt_cmsis.o(i.svcTimerStart) refers to rtx_conf_cm.o(.constdata) for os_clockrate
    rt_cmsis.o(i.svcTimerStop) refers to rt_cmsis.o(i.rt_id2obj) for rt_id2obj
    rt_cmsis.o(i.svcTimerStop) refers to rt_cmsis.o(i.rt_timer_remove) for rt_timer_remove
    rt_cmsis.o(i.sysMailAlloc) refers to rt_membox.o(i.rt_alloc_box) for rt_alloc_box
    rt_cmsis.o(i.sysMailAlloc) refers to rt_list.o(i.rt_put_prio) for rt_put_prio
    rt_cmsis.o(i.sysMailAlloc) refers to rt_cmsis.o(i.rt_ms2tick) for rt_ms2tick
    rt_cmsis.o(i.sysMailAlloc) refers to rt_task.o(i.rt_block) for rt_block
    rt_cmsis.o(i.sysMailAlloc) refers to rt_task.o(.data) for os_tsk
    rt_cmsis.o(i.sysMailFree) refers to rt_membox.o(i.rt_free_box) for rt_free_box
    rt_cmsis.o(i.sysMailFree) refers to rt_list.o(i.rt_psq_enq) for rt_psq_enq
    rt_cmsis.o(i.sysMailFree) refers to rt_system.o(i.rt_psh_req) for rt_psh_req
    rt_cmsis.o(i.sysMailFree) refers to rt_membox.o(i.rt_alloc_box) for rt_alloc_box
    rt_cmsis.o(i.sysMailFree) refers to rt_list.o(i.rt_get_first) for rt_get_first
    rt_cmsis.o(i.sysMailFree) refers to hal_cm.o(i.rt_ret_val) for rt_ret_val
    rt_cmsis.o(i.sysMailFree) refers to rt_list.o(i.rt_rmv_dly) for rt_rmv_dly
    rt_cmsis.o(i.sysMailFree) refers to rt_task.o(i.rt_dispatch) for rt_dispatch
    rt_cmsis.o(i.sysPoolAlloc) refers to rt_membox.o(i.rt_alloc_box) for rt_alloc_box
    rt_cmsis.o(i.sysPoolFree) refers to rt_membox.o(i.rt_free_box) for rt_free_box
    rt_cmsis.o(i.sysTimerTick) refers to rt_cmsis.o(i.isrMessagePut) for isrMessagePut
    rt_cmsis.o(i.sysTimerTick) refers to rtx_conf_cm.o(i.os_error) for os_error
    rt_cmsis.o(i.sysTimerTick) refers to rt_cmsis.o(i.rt_timer_insert) for rt_timer_insert
    rt_cmsis.o(i.sysTimerTick) refers to rt_cmsis.o(.data) for .data
    rt_cmsis.o(i.sysTimerTick) refers to rtx_conf_cm.o(.data) for osMessageQId_osTimerMessageQ
    rt_cmsis.o(i.sysUserTimerUpdate) refers to rt_cmsis.o(i.sysTimerTick) for sysTimerTick
    rt_cmsis.o(i.sysUserTimerUpdate) refers to rt_cmsis.o(.data) for .data
    rt_cmsis.o(i.sysUserTimerWakeupTime) refers to rt_cmsis.o(.data) for .data
    rt_task.o(i.rt_block) refers to rt_list.o(i.rt_put_dly) for rt_put_dly
    rt_task.o(i.rt_block) refers to rt_list.o(i.rt_get_first) for rt_get_first
    rt_task.o(i.rt_block) refers to rt_task.o(i.rt_switch_req) for rt_switch_req
    rt_task.o(i.rt_block) refers to rt_task.o(.data) for .data
    rt_task.o(i.rt_block) refers to rt_list.o(.bss) for os_rdy
    rt_task.o(i.rt_dispatch) refers to rt_list.o(i.rt_put_rdy_first) for rt_put_rdy_first
    rt_task.o(i.rt_dispatch) refers to rt_task.o(i.rt_switch_req) for rt_switch_req
    rt_task.o(i.rt_dispatch) refers to rt_list.o(i.rt_get_first) for rt_get_first
    rt_task.o(i.rt_dispatch) refers to rt_list.o(i.rt_put_prio) for rt_put_prio
    rt_task.o(i.rt_dispatch) refers to rt_task.o(.data) for .data
    rt_task.o(i.rt_dispatch) refers to rt_list.o(.bss) for os_rdy
    rt_task.o(i.rt_init_context) refers to rt_membox.o(i.rt_alloc_box) for rt_alloc_box
    rt_task.o(i.rt_init_context) refers to hal_cm.o(i.rt_init_stack) for rt_init_stack
    rt_task.o(i.rt_init_context) refers to rtx_conf_cm.o(.bss) for mp_stk
    rt_task.o(i.rt_switch_req) refers to hal_cm.o(i.dbg_task_switch) for dbg_task_switch
    rt_task.o(i.rt_switch_req) refers to rt_task.o(.data) for .data
    rt_task.o(i.rt_switch_req) refers to hal_cm.o(.data) for dbg_msg
    rt_task.o(i.rt_sys_init) refers to hal_cm.o(i.dbg_init) for dbg_init
    rt_task.o(i.rt_sys_init) refers to rt_membox.o(i._init_box) for _init_box
    rt_task.o(i.rt_sys_init) refers to rt_task.o(i.rt_init_context) for rt_init_context
    rt_task.o(i.rt_sys_init) refers to rt_robin.o(i.rt_init_robin) for rt_init_robin
    rt_task.o(i.rt_sys_init) refers to rtx_conf_cm.o(.bss) for os_active_TCB
    rt_task.o(i.rt_sys_init) refers to rtx_conf_cm.o(.constdata) for os_maxtaskrun
    rt_task.o(i.rt_sys_init) refers to rtx_conf_cm.o(.data) for m_tmr
    rt_task.o(i.rt_sys_init) refers to rt_task.o(.bss) for .bss
    rt_task.o(i.rt_sys_init) refers to rtx_conf_cm.o(i.os_idle_demon) for os_idle_demon
    rt_task.o(i.rt_sys_init) refers to rt_list.o(.bss) for os_rdy
    rt_task.o(i.rt_sys_init) refers to rt_task.o(.data) for .data
    rt_task.o(i.rt_sys_start) refers to rt_system.o(i.os_tick_init) for os_tick_init
    rt_task.o(i.rt_sys_start) refers to rt_system.o(.data) for os_tick_irqn
    rt_task.o(i.rt_tsk_create) refers to rt_membox.o(i.rt_alloc_box) for rt_alloc_box
    rt_task.o(i.rt_tsk_create) refers to rt_task.o(i.rt_init_context) for rt_init_context
    rt_task.o(i.rt_tsk_create) refers to hal_cm.o(i.dbg_task_notify) for dbg_task_notify
    rt_task.o(i.rt_tsk_create) refers to rt_task.o(i.rt_dispatch) for rt_dispatch
    rt_task.o(i.rt_tsk_create) refers to rtx_conf_cm.o(.bss) for mp_tcb
    rt_task.o(i.rt_tsk_create) refers to rtx_conf_cm.o(.constdata) for os_maxtaskrun
    rt_task.o(i.rt_tsk_create) refers to hal_cm.o(.data) for dbg_msg
    rt_task.o(i.rt_tsk_delete) refers to hal_cm3.o(.emb_text) for rt_get_PSP
    rt_task.o(i.rt_tsk_delete) refers to rt_system.o(i.rt_stk_check) for rt_stk_check
    rt_task.o(i.rt_tsk_delete) refers to rt_list.o(i.rt_get_first) for rt_get_first
    rt_task.o(i.rt_tsk_delete) refers to hal_cm.o(i.rt_ret_val) for rt_ret_val
    rt_task.o(i.rt_tsk_delete) refers to rt_list.o(i.rt_rmv_dly) for rt_rmv_dly
    rt_task.o(i.rt_tsk_delete) refers to rt_list.o(i.rt_put_prio) for rt_put_prio
    rt_task.o(i.rt_tsk_delete) refers to rt_membox.o(i.rt_free_box) for rt_free_box
    rt_task.o(i.rt_tsk_delete) refers to hal_cm.o(i.dbg_task_notify) for dbg_task_notify
    rt_task.o(i.rt_tsk_delete) refers to rt_list.o(i.rt_rmv_list) for rt_rmv_list
    rt_task.o(i.rt_tsk_delete) refers to rt_task.o(i.rt_dispatch) for rt_dispatch
    rt_task.o(i.rt_tsk_delete) refers to hal_cm.o(.data) for dbg_msg
    rt_task.o(i.rt_tsk_delete) refers to rtx_conf_cm.o(.bss) for os_active_TCB
    rt_task.o(i.rt_tsk_delete) refers to rt_task.o(.data) for .data
    rt_task.o(i.rt_tsk_delete) refers to rt_list.o(.bss) for os_rdy
    rt_task.o(i.rt_tsk_delete) refers to rtx_conf_cm.o(.constdata) for os_maxtaskrun
    rt_task.o(i.rt_tsk_pass) refers to rt_list.o(i.rt_get_same_rdy_prio) for rt_get_same_rdy_prio
    rt_task.o(i.rt_tsk_pass) refers to rt_list.o(i.rt_put_prio) for rt_put_prio
    rt_task.o(i.rt_tsk_pass) refers to rt_task.o(i.rt_switch_req) for rt_switch_req
    rt_task.o(i.rt_tsk_pass) refers to rt_task.o(.data) for .data
    rt_task.o(i.rt_tsk_pass) refers to rt_list.o(.bss) for os_rdy
    rt_task.o(i.rt_tsk_prio) refers to rt_list.o(i.rt_put_prio) for rt_put_prio
    rt_task.o(i.rt_tsk_prio) refers to rt_list.o(i.rt_resort_prio) for rt_resort_prio
    rt_task.o(i.rt_tsk_prio) refers to rt_list.o(i.rt_get_first) for rt_get_first
    rt_task.o(i.rt_tsk_prio) refers to rt_task.o(i.rt_dispatch) for rt_dispatch
    rt_task.o(i.rt_tsk_prio) refers to rt_task.o(.data) for .data
    rt_task.o(i.rt_tsk_prio) refers to rtx_conf_cm.o(.constdata) for os_maxtaskrun
    rt_task.o(i.rt_tsk_prio) refers to rtx_conf_cm.o(.bss) for os_active_TCB
    rt_task.o(i.rt_tsk_prio) refers to rt_list.o(.bss) for os_rdy
    rt_task.o(i.rt_tsk_self) refers to rt_task.o(.data) for .data
    rt_system.o(i.os_tick_init) refers to rtx_conf_cm.o(.constdata) for os_trv
    rt_system.o(i.os_tick_val) refers to rtx_conf_cm.o(.constdata) for os_trv
    rt_system.o(i.rt_pop_req) refers to rt_list.o(i.rt_put_rdy_first) for rt_put_rdy_first
    rt_system.o(i.rt_pop_req) refers to rt_semaphore.o(i.rt_sem_psh) for rt_sem_psh
    rt_system.o(i.rt_pop_req) refers to rt_list.o(i.rt_get_first) for rt_get_first
    rt_system.o(i.rt_pop_req) refers to rt_task.o(i.rt_switch_req) for rt_switch_req
    rt_system.o(i.rt_pop_req) refers to rt_event.o(i.rt_evt_psh) for rt_evt_psh
    rt_system.o(i.rt_pop_req) refers to rt_mailbox.o(i.rt_mbx_psh) for rt_mbx_psh
    rt_system.o(i.rt_pop_req) refers to rt_task.o(.data) for os_tsk
    rt_system.o(i.rt_pop_req) refers to rtx_conf_cm.o(.bss) for os_fifo
    rt_system.o(i.rt_pop_req) refers to rt_list.o(.bss) for os_rdy
    rt_system.o(i.rt_psh_req) refers to rt_system.o(.data) for .data
    rt_system.o(i.rt_resume) refers to rt_list.o(i.rt_put_rdy_first) for rt_put_rdy_first
    rt_system.o(i.rt_resume) refers to rt_list.o(i.rt_dec_dly) for rt_dec_dly
    rt_system.o(i.rt_resume) refers to rt_cmsis.o(i.sysUserTimerUpdate) for sysUserTimerUpdate
    rt_system.o(i.rt_resume) refers to rt_list.o(i.rt_get_first) for rt_get_first
    rt_system.o(i.rt_resume) refers to rt_task.o(i.rt_switch_req) for rt_switch_req
    rt_system.o(i.rt_resume) refers to rt_system.o(i.rt_tsk_unlock) for rt_tsk_unlock
    rt_system.o(i.rt_resume) refers to rt_task.o(.data) for os_tsk
    rt_system.o(i.rt_resume) refers to rt_robin.o(.data) for os_robin
    rt_system.o(i.rt_resume) refers to rt_list.o(.bss) for os_dly
    rt_system.o(i.rt_resume) refers to rt_time.o(.data) for os_time
    rt_system.o(i.rt_stk_check) refers to rtx_conf_cm.o(i.os_error) for os_error
    rt_system.o(i.rt_stk_check) refers to rt_task.o(.data) for os_tsk
    rt_system.o(i.rt_suspend) refers to rt_system.o(i.rt_tsk_lock) for rt_tsk_lock
    rt_system.o(i.rt_suspend) refers to rt_cmsis.o(i.sysUserTimerWakeupTime) for sysUserTimerWakeupTime
    rt_system.o(i.rt_suspend) refers to rt_list.o(.bss) for os_dly
    rt_system.o(i.rt_systick) refers to rt_list.o(i.rt_put_rdy_first) for rt_put_rdy_first
    rt_system.o(i.rt_systick) refers to rt_robin.o(i.rt_chk_robin) for rt_chk_robin
    rt_system.o(i.rt_systick) refers to rt_list.o(i.rt_dec_dly) for rt_dec_dly
    rt_system.o(i.rt_systick) refers to rt_cmsis.o(i.sysTimerTick) for sysTimerTick
    rt_system.o(i.rt_systick) refers to rt_list.o(i.rt_get_first) for rt_get_first
    rt_system.o(i.rt_systick) refers to rt_task.o(i.rt_switch_req) for rt_switch_req
    rt_system.o(i.rt_systick) refers to rt_task.o(.data) for os_tsk
    rt_system.o(i.rt_systick) refers to rt_time.o(.data) for os_time
    rt_system.o(i.rt_systick) refers to rt_list.o(.bss) for os_rdy
    rt_system.o(i.rt_tsk_lock) refers to rt_system.o(.data) for .data
    rt_system.o(i.rt_tsk_unlock) refers to rt_system.o(.data) for .data
    rt_event.o(i.isr_evt_set) refers to rt_list.o(i.rt_psq_enq) for rt_psq_enq
    rt_event.o(i.isr_evt_set) refers to rt_system.o(i.rt_psh_req) for rt_psh_req
    rt_event.o(i.isr_evt_set) refers to rtx_conf_cm.o(.bss) for os_active_TCB
    rt_event.o(i.rt_evt_clr) refers to rtx_conf_cm.o(.bss) for os_active_TCB
    rt_event.o(i.rt_evt_get) refers to rt_task.o(.data) for os_tsk
    rt_event.o(i.rt_evt_psh) refers to rt_list.o(i.rt_rmv_dly) for rt_rmv_dly
    rt_event.o(i.rt_evt_psh) refers to hal_cm.o(i.rt_ret_val2) for rt_ret_val2
    rt_event.o(i.rt_evt_psh) refers to rt_list.o(i.rt_put_prio) for rt_put_prio
    rt_event.o(i.rt_evt_psh) refers to rt_list.o(.bss) for os_rdy
    rt_event.o(i.rt_evt_set) refers to rt_list.o(i.rt_rmv_dly) for rt_rmv_dly
    rt_event.o(i.rt_evt_set) refers to hal_cm.o(i.rt_ret_val2) for rt_ret_val2
    rt_event.o(i.rt_evt_set) refers to rt_task.o(i.rt_dispatch) for rt_dispatch
    rt_event.o(i.rt_evt_set) refers to rtx_conf_cm.o(.bss) for os_active_TCB
    rt_event.o(i.rt_evt_wait) refers to rt_task.o(i.rt_block) for rt_block
    rt_event.o(i.rt_evt_wait) refers to rt_task.o(.data) for os_tsk
    rt_list.o(i.rt_dec_dly) refers to rt_list.o(i.rt_put_prio) for rt_put_prio
    rt_list.o(i.rt_dec_dly) refers to rt_list.o(.bss) for .bss
    rt_list.o(i.rt_dec_dly) refers to rt_time.o(.data) for os_time
    rt_list.o(i.rt_get_same_rdy_prio) refers to rt_list.o(.bss) for .bss
    rt_list.o(i.rt_get_same_rdy_prio) refers to rt_task.o(.data) for os_tsk
    rt_list.o(i.rt_psq_enq) refers to rtx_conf_cm.o(i.os_error) for os_error
    rt_list.o(i.rt_psq_enq) refers to rtx_conf_cm.o(.bss) for os_fifo
    rt_list.o(i.rt_put_dly) refers to rt_list.o(.bss) for .bss
    rt_list.o(i.rt_put_rdy_first) refers to rt_list.o(.bss) for .bss
    rt_list.o(i.rt_resort_prio) refers to rt_list.o(i.rt_rmv_list) for rt_rmv_list
    rt_list.o(i.rt_resort_prio) refers to rt_list.o(i.rt_put_prio) for rt_put_prio
    rt_list.o(i.rt_resort_prio) refers to rt_list.o(.bss) for .bss
    rt_list.o(i.rt_rmv_list) refers to rt_list.o(.bss) for .bss
    rt_mailbox.o(i.isr_mbx_receive) refers to rt_list.o(i.rt_psq_enq) for rt_psq_enq
    rt_mailbox.o(i.isr_mbx_receive) refers to rt_system.o(i.rt_psh_req) for rt_psh_req
    rt_mailbox.o(i.isr_mbx_send) refers to rt_list.o(i.rt_psq_enq) for rt_psq_enq
    rt_mailbox.o(i.isr_mbx_send) refers to rt_system.o(i.rt_psh_req) for rt_psh_req
    rt_mailbox.o(i.rt_mbx_psh) refers to rt_membox.o(i.rt_alloc_box) for rt_alloc_box
    rt_mailbox.o(i.rt_mbx_psh) refers to rt_list.o(i.rt_get_first) for rt_get_first
    rt_mailbox.o(i.rt_mbx_psh) refers to hal_cm.o(i.rt_ret_val) for rt_ret_val
    rt_mailbox.o(i.rt_mbx_psh) refers to rt_list.o(i.rt_rmv_dly) for rt_rmv_dly
    rt_mailbox.o(i.rt_mbx_psh) refers to rt_list.o(i.rt_put_prio) for rt_put_prio
    rt_mailbox.o(i.rt_mbx_psh) refers to hal_cm.o(i.rt_ret_val2) for rt_ret_val2
    rt_mailbox.o(i.rt_mbx_psh) refers to rtx_conf_cm.o(i.os_error) for os_error
    rt_mailbox.o(i.rt_mbx_psh) refers to rt_list.o(.bss) for os_rdy
    rt_mailbox.o(i.rt_mbx_send) refers to rt_list.o(i.rt_put_prio) for rt_put_prio
    rt_mailbox.o(i.rt_mbx_send) refers to rt_list.o(i.rt_get_first) for rt_get_first
    rt_mailbox.o(i.rt_mbx_send) refers to hal_cm.o(i.rt_ret_val2) for rt_ret_val2
    rt_mailbox.o(i.rt_mbx_send) refers to rt_list.o(i.rt_rmv_dly) for rt_rmv_dly
    rt_mailbox.o(i.rt_mbx_send) refers to rt_task.o(i.rt_dispatch) for rt_dispatch
    rt_mailbox.o(i.rt_mbx_send) refers to rt_task.o(i.rt_block) for rt_block
    rt_mailbox.o(i.rt_mbx_send) refers to rt_task.o(.data) for os_tsk
    rt_mailbox.o(i.rt_mbx_wait) refers to rt_list.o(i.rt_get_first) for rt_get_first
    rt_mailbox.o(i.rt_mbx_wait) refers to hal_cm.o(i.rt_ret_val) for rt_ret_val
    rt_mailbox.o(i.rt_mbx_wait) refers to rt_list.o(i.rt_rmv_dly) for rt_rmv_dly
    rt_mailbox.o(i.rt_mbx_wait) refers to rt_task.o(i.rt_dispatch) for rt_dispatch
    rt_mailbox.o(i.rt_mbx_wait) refers to rt_list.o(i.rt_put_prio) for rt_put_prio
    rt_mailbox.o(i.rt_mbx_wait) refers to rt_task.o(i.rt_block) for rt_block
    rt_mailbox.o(i.rt_mbx_wait) refers to rt_task.o(.data) for os_tsk
    rt_semaphore.o(i.isr_sem_send) refers to rt_list.o(i.rt_psq_enq) for rt_psq_enq
    rt_semaphore.o(i.isr_sem_send) refers to rt_system.o(i.rt_psh_req) for rt_psh_req
    rt_semaphore.o(i.rt_sem_delete) refers to rt_list.o(i.rt_get_first) for rt_get_first
    rt_semaphore.o(i.rt_sem_delete) refers to hal_cm.o(i.rt_ret_val) for rt_ret_val
    rt_semaphore.o(i.rt_sem_delete) refers to rt_list.o(i.rt_rmv_dly) for rt_rmv_dly
    rt_semaphore.o(i.rt_sem_delete) refers to rt_list.o(i.rt_put_prio) for rt_put_prio
    rt_semaphore.o(i.rt_sem_delete) refers to rt_task.o(i.rt_dispatch) for rt_dispatch
    rt_semaphore.o(i.rt_sem_delete) refers to rt_list.o(.bss) for os_rdy
    rt_semaphore.o(i.rt_sem_delete) refers to rt_task.o(.data) for os_tsk
    rt_semaphore.o(i.rt_sem_psh) refers to rt_list.o(i.rt_get_first) for rt_get_first
    rt_semaphore.o(i.rt_sem_psh) refers to rt_list.o(i.rt_rmv_dly) for rt_rmv_dly
    rt_semaphore.o(i.rt_sem_psh) refers to hal_cm.o(i.rt_ret_val) for rt_ret_val
    rt_semaphore.o(i.rt_sem_psh) refers to rt_list.o(i.rt_put_prio) for rt_put_prio
    rt_semaphore.o(i.rt_sem_psh) refers to rt_list.o(.bss) for os_rdy
    rt_semaphore.o(i.rt_sem_send) refers to rt_list.o(i.rt_get_first) for rt_get_first
    rt_semaphore.o(i.rt_sem_send) refers to hal_cm.o(i.rt_ret_val) for rt_ret_val
    rt_semaphore.o(i.rt_sem_send) refers to rt_list.o(i.rt_rmv_dly) for rt_rmv_dly
    rt_semaphore.o(i.rt_sem_send) refers to rt_task.o(i.rt_dispatch) for rt_dispatch
    rt_semaphore.o(i.rt_sem_wait) refers to rt_list.o(i.rt_put_prio) for rt_put_prio
    rt_semaphore.o(i.rt_sem_wait) refers to rt_task.o(i.rt_block) for rt_block
    rt_semaphore.o(i.rt_sem_wait) refers to rt_task.o(.data) for os_tsk
    rt_time.o(i.rt_dly_wait) refers to rt_task.o(i.rt_block) for rt_block
    rt_time.o(i.rt_itv_set) refers to rt_task.o(.data) for os_tsk
    rt_time.o(i.rt_itv_set) refers to rt_time.o(.data) for .data
    rt_time.o(i.rt_itv_wait) refers to rt_task.o(i.rt_block) for rt_block
    rt_time.o(i.rt_itv_wait) refers to rt_task.o(.data) for os_tsk
    rt_time.o(i.rt_itv_wait) refers to rt_time.o(.data) for .data
    rt_time.o(i.rt_time_get) refers to rt_time.o(.data) for .data
    rt_mutex.o(i.rt_mut_delete) refers to rt_list.o(i.rt_resort_prio) for rt_resort_prio
    rt_mutex.o(i.rt_mut_delete) refers to rt_list.o(i.rt_get_first) for rt_get_first
    rt_mutex.o(i.rt_mut_delete) refers to hal_cm.o(i.rt_ret_val) for rt_ret_val
    rt_mutex.o(i.rt_mut_delete) refers to rt_list.o(i.rt_rmv_dly) for rt_rmv_dly
    rt_mutex.o(i.rt_mut_delete) refers to rt_list.o(i.rt_put_prio) for rt_put_prio
    rt_mutex.o(i.rt_mut_delete) refers to rt_task.o(i.rt_dispatch) for rt_dispatch
    rt_mutex.o(i.rt_mut_delete) refers to rt_task.o(.data) for os_tsk
    rt_mutex.o(i.rt_mut_delete) refers to rt_list.o(.bss) for os_rdy
    rt_mutex.o(i.rt_mut_release) refers to rt_list.o(i.rt_get_first) for rt_get_first
    rt_mutex.o(i.rt_mut_release) refers to hal_cm.o(i.rt_ret_val) for rt_ret_val
    rt_mutex.o(i.rt_mut_release) refers to rt_list.o(i.rt_rmv_dly) for rt_rmv_dly
    rt_mutex.o(i.rt_mut_release) refers to rt_list.o(i.rt_put_prio) for rt_put_prio
    rt_mutex.o(i.rt_mut_release) refers to rt_task.o(i.rt_dispatch) for rt_dispatch
    rt_mutex.o(i.rt_mut_release) refers to rt_task.o(.data) for os_tsk
    rt_mutex.o(i.rt_mut_release) refers to rt_list.o(.bss) for os_rdy
    rt_mutex.o(i.rt_mut_wait) refers to rt_list.o(i.rt_resort_prio) for rt_resort_prio
    rt_mutex.o(i.rt_mut_wait) refers to rt_list.o(i.rt_put_prio) for rt_put_prio
    rt_mutex.o(i.rt_mut_wait) refers to rt_task.o(i.rt_block) for rt_block
    rt_mutex.o(i.rt_mut_wait) refers to rt_task.o(.data) for os_tsk
    rt_membox.o(i._calloc_box) refers to hal_cm3.o(.emb_text) for _alloc_box
    hal_cm.o(i.dbg_init) refers to hal_cm.o(.data) for .data
    hal_cm.o(i.rt_init_stack) refers to rtx_conf_cm.o(.constdata) for os_stackinfo
    rt_robin.o(i.rt_chk_robin) refers to rt_list.o(i.rt_get_first) for rt_get_first
    rt_robin.o(i.rt_chk_robin) refers to rt_list.o(i.rt_put_prio) for rt_put_prio
    rt_robin.o(i.rt_chk_robin) refers to rt_robin.o(.data) for .data
    rt_robin.o(i.rt_chk_robin) refers to rt_list.o(.bss) for os_rdy
    rt_robin.o(i.rt_chk_robin) refers to rt_time.o(.data) for os_time
    rt_robin.o(i.rt_init_robin) refers to rt_robin.o(.data) for .data
    rt_robin.o(i.rt_init_robin) refers to rtx_conf_cm.o(.constdata) for os_rrobin
    hal_cm3.o(.emb_text) refers to rtx_conf_cm.o(.constdata) for os_flags
    hal_cm3.o(.emb_text) refers to rt_membox.o(i.rt_alloc_box) for rt_alloc_box
    hal_cm3.o(.emb_text) refers to rt_membox.o(i.rt_free_box) for rt_free_box
    hal_cm3.o(.emb_text) refers to rt_system.o(i.rt_stk_check) for rt_stk_check
    hal_cm3.o(.emb_text) refers to rt_task.o(.data) for os_tsk
    hal_cm3.o(.emb_text) refers to svc_table.o(SVC_TABLE) for SVC_Count
    hal_cm3.o(.emb_text) refers to rt_system.o(i.rt_pop_req) for rt_pop_req
    hal_cm3.o(.emb_text) refers to rt_system.o(i.rt_systick) for rt_systick
    hal_cm3.o(.emb_text) refers to rt_system.o(i.os_tick_irqack) for os_tick_irqack
    entry.o(.ARM.Collect$$$$00000000) refers (Special) to entry10a.o(.ARM.Collect$$$$0000000D) for __rt_final_cpp
    entry.o(.ARM.Collect$$$$00000000) refers (Special) to entry11a.o(.ARM.Collect$$$$0000000F) for __rt_final_exit
    entry.o(.ARM.Collect$$$$00000000) refers (Special) to entry7b.o(.ARM.Collect$$$$00000008) for _main_clock
    entry.o(.ARM.Collect$$$$00000000) refers (Special) to entry8b.o(.ARM.Collect$$$$0000000A) for _main_cpp_init
    entry.o(.ARM.Collect$$$$00000000) refers (Special) to rtx_conf_cm.o(.ARM.Collect$$$$000000FF) for _main_init
    entry.o(.ARM.Collect$$$$00000000) refers (Special) to entry5.o(.ARM.Collect$$$$00000004) for _main_scatterload
    entry.o(.ARM.Collect$$$$00000000) refers (Special) to entry2.o(.ARM.Collect$$$$00000001) for _main_stk
    uldiv.o(.text) refers to llushr.o(.text) for __aeabi_llsr
    uldiv.o(.text) refers to llshl.o(.text) for __aeabi_llsl
    entry2.o(.ARM.Collect$$$$00000001) refers to entry2.o(.ARM.Collect$$$$00002712) for __lit__00000000
    entry2.o(.ARM.Collect$$$$00002712) refers to startup_lpc17xx.o(STACK) for __initial_sp
    entry2.o(__vectab_stack_and_reset_area) refers to startup_lpc17xx.o(STACK) for __initial_sp
    entry2.o(__vectab_stack_and_reset_area) refers to entry.o(.ARM.Collect$$$$00000000) for __main
    entry5.o(.ARM.Collect$$$$00000004) refers to init.o(.text) for __scatterload
    init.o(.text) refers to entry5.o(.ARM.Collect$$$$00000004) for __main_after_scatterload


==============================================================================

Removing Unused input sections from the image.

    Removing main.o(.rev16_text), (4 bytes).
    Removing main.o(.revsh_text), (4 bytes).
    Removing main.o(.rrx_text), (6 bytes).
    Removing main.o(i.fputc), (36 bytes).
    Removing main.o(.data), (8 bytes).
    Removing glcd_spi_lpc1700.o(.rev16_text), (4 bytes).
    Removing glcd_spi_lpc1700.o(.revsh_text), (4 bytes).
    Removing glcd_spi_lpc1700.o(.rrx_text), (6 bytes).
    Removing glcd_spi_lpc1700.o(i.GLCD_Bargraph), (104 bytes).
    Removing glcd_spi_lpc1700.o(i.GLCD_Bitmap), (82 bytes).
    Removing glcd_spi_lpc1700.o(i.GLCD_ClearLn), (94 bytes).
    Removing glcd_spi_lpc1700.o(i.GLCD_PutPixel), (128 bytes).
    Removing glcd_spi_lpc1700.o(i.GLCD_ScrollVertical), (2 bytes).
    Removing glcd_spi_lpc1700.o(i.GLCD_WrCmd), (12 bytes).
    Removing glcd_spi_lpc1700.o(i.GLCD_WrReg), (16 bytes).
    Removing led.o(.rev16_text), (4 bytes).
    Removing led.o(.revsh_text), (4 bytes).
    Removing led.o(.rrx_text), (6 bytes).
    Removing led.o(i.LED_Out), (38 bytes).
    Removing thread.o(.rev16_text), (4 bytes).
    Removing thread.o(.revsh_text), (4 bytes).
    Removing thread.o(.rrx_text), (6 bytes).
    Removing startup_lpc17xx.o(HEAP), (0 bytes).
    Removing system_lpc17xx.o(.rev16_text), (4 bytes).
    Removing system_lpc17xx.o(.revsh_text), (4 bytes).
    Removing system_lpc17xx.o(.rrx_text), (6 bytes).
    Removing system_lpc17xx.o(i.SystemCoreClockUpdate), (424 bytes).
    Removing system_lpc17xx.o(.data), (4 bytes).
    Removing rt_cmsis.o(.rev16_text), (4 bytes).
    Removing rt_cmsis.o(.revsh_text), (4 bytes).
    Removing rt_cmsis.o(.rrx_text), (6 bytes).
    Removing rt_cmsis.o(i.isrSemaphoreRelease), (40 bytes).
    Removing rt_cmsis.o(i.isrSignalSet), (36 bytes).
    Removing rt_cmsis.o(i.osKernelRunning), (36 bytes).
    Removing rt_cmsis.o(i.osKernelSysTick), (24 bytes).
    Removing rt_cmsis.o(i.osMailAlloc), (28 bytes).
    Removing rt_cmsis.o(i.osMailCAlloc), (48 bytes).
    Removing rt_cmsis.o(i.osMailCreate), (44 bytes).
    Removing rt_cmsis.o(i.osMailFree), (28 bytes).
    Removing rt_cmsis.o(i.osMailGet), (22 bytes).
    Removing rt_cmsis.o(i.osMailPut), (20 bytes).
    Removing rt_cmsis.o(i.osMessageCreate), (44 bytes).
    Removing rt_cmsis.o(i.osMessagePut), (24 bytes).
    Removing rt_cmsis.o(i.osMutexCreate), (44 bytes).
    Removing rt_cmsis.o(i.osMutexDelete), (24 bytes).
    Removing rt_cmsis.o(i.osMutexRelease), (24 bytes).
    Removing rt_cmsis.o(i.osMutexWait), (24 bytes).
    Removing rt_cmsis.o(i.osPoolAlloc), (32 bytes).
    Removing rt_cmsis.o(i.osPoolCAlloc), (52 bytes).
    Removing rt_cmsis.o(i.osPoolCreate), (44 bytes).
    Removing rt_cmsis.o(i.osPoolFree), (32 bytes).
    Removing rt_cmsis.o(i.osSemaphoreCreate), (44 bytes).
    Removing rt_cmsis.o(i.osSemaphoreDelete), (24 bytes).
    Removing rt_cmsis.o(i.osSemaphoreRelease), (24 bytes).
    Removing rt_cmsis.o(i.osSemaphoreWait), (24 bytes).
    Removing rt_cmsis.o(i.osSignalClear), (24 bytes).
    Removing rt_cmsis.o(i.osSignalSet), (24 bytes).
    Removing rt_cmsis.o(i.osSignalWait), (24 bytes).
    Removing rt_cmsis.o(i.osThreadGetId), (24 bytes).
    Removing rt_cmsis.o(i.osThreadGetPriority), (24 bytes).
    Removing rt_cmsis.o(i.osThreadSetPriority), (24 bytes).
    Removing rt_cmsis.o(i.osThreadTerminate), (24 bytes).
    Removing rt_cmsis.o(i.osThreadYield), (24 bytes).
    Removing rt_cmsis.o(i.osTimerCreate), (44 bytes).
    Removing rt_cmsis.o(i.osTimerDelete), (24 bytes).
    Removing rt_cmsis.o(i.osTimerStart), (24 bytes).
    Removing rt_cmsis.o(i.osTimerStop), (24 bytes).
    Removing rt_cmsis.o(i.osWait), (4 bytes).
    Removing rt_cmsis.o(i.os_resume), (12 bytes).
    Removing rt_cmsis.o(i.os_suspend), (12 bytes).
    Removing rt_cmsis.o(i.rt_clr_box), (24 bytes).
    Removing rt_cmsis.o(i.rt_timer_remove), (60 bytes).
    Removing rt_cmsis.o(i.svcKernelRunning), (12 bytes).
    Removing rt_cmsis.o(i.svcKernelSysTick), (56 bytes).
    Removing rt_cmsis.o(i.svcMailCreate), (66 bytes).
    Removing rt_cmsis.o(i.svcMessagePut), (54 bytes).
    Removing rt_cmsis.o(i.svcMutexCreate), (28 bytes).
    Removing rt_cmsis.o(i.svcMutexDelete), (26 bytes).
    Removing rt_cmsis.o(i.svcMutexRelease), (34 bytes).
    Removing rt_cmsis.o(i.svcMutexWait), (58 bytes).
    Removing rt_cmsis.o(i.svcPoolCreate), (40 bytes).
    Removing rt_cmsis.o(i.svcSemaphoreCreate), (36 bytes).
    Removing rt_cmsis.o(i.svcSemaphoreDelete), (26 bytes).
    Removing rt_cmsis.o(i.svcSemaphoreRelease), (40 bytes).
    Removing rt_cmsis.o(i.svcSemaphoreWait), (50 bytes).
    Removing rt_cmsis.o(i.svcSignalClear), (36 bytes).
    Removing rt_cmsis.o(i.svcSignalSet), (36 bytes).
    Removing rt_cmsis.o(i.svcSignalWait), (84 bytes).
    Removing rt_cmsis.o(i.svcThreadGetPriority), (18 bytes).
    Removing rt_cmsis.o(i.svcThreadSetPriority), (46 bytes).
    Removing rt_cmsis.o(i.svcThreadYield), (10 bytes).
    Removing rt_cmsis.o(i.svcTimerCreate), (56 bytes).
    Removing rt_cmsis.o(i.svcTimerDelete), (40 bytes).
    Removing rt_cmsis.o(i.svcTimerStart), (100 bytes).
    Removing rt_cmsis.o(i.svcTimerStop), (36 bytes).
    Removing rt_cmsis.o(i.sysMailAlloc), (88 bytes).
    Removing rt_cmsis.o(i.sysMailFree), (96 bytes).
    Removing rt_cmsis.o(i.sysPoolAlloc), (10 bytes).
    Removing rt_cmsis.o(i.sysPoolFree), (20 bytes).
    Removing rt_cmsis.o(i.sysUserTimerUpdate), (48 bytes).
    Removing rt_cmsis.o(i.sysUserTimerWakeupTime), (20 bytes).
    Removing rt_task.o(i.rt_tsk_pass), (48 bytes).
    Removing rt_system.o(.emb_text), (0 bytes).
    Removing rt_system.o(i.os_tick_ovf), (16 bytes).
    Removing rt_system.o(i.os_tick_val), (20 bytes).
    Removing rt_system.o(i.rt_resume), (136 bytes).
    Removing rt_system.o(i.rt_suspend), (36 bytes).
    Removing rt_system.o(i.rt_tsk_lock), (80 bytes).
    Removing rt_system.o(i.rt_tsk_unlock), (80 bytes).
    Removing rt_event.o(i.isr_evt_set), (40 bytes).
    Removing rt_event.o(i.rt_evt_clr), (28 bytes).
    Removing rt_event.o(i.rt_evt_get), (12 bytes).
    Removing rt_event.o(i.rt_evt_set), (92 bytes).
    Removing rt_event.o(i.rt_evt_wait), (60 bytes).
    Removing rt_list.o(i.rt_get_same_rdy_prio), (36 bytes).
    Removing rt_mailbox.o(i.rt_mbx_send), (152 bytes).
    Removing rt_semaphore.o(i.isr_sem_send), (16 bytes).
    Removing rt_semaphore.o(i.rt_sem_delete), (92 bytes).
    Removing rt_semaphore.o(i.rt_sem_init), (12 bytes).
    Removing rt_semaphore.o(i.rt_sem_send), (42 bytes).
    Removing rt_semaphore.o(i.rt_sem_wait), (64 bytes).
    Removing rt_time.o(i.rt_itv_set), (24 bytes).
    Removing rt_time.o(i.rt_itv_wait), (40 bytes).
    Removing rt_time.o(i.rt_time_get), (12 bytes).
    Removing rt_mutex.o(i.rt_mut_delete), (176 bytes).
    Removing rt_mutex.o(i.rt_mut_init), (16 bytes).
    Removing rt_mutex.o(i.rt_mut_release), (216 bytes).
    Removing rt_mutex.o(i.rt_mut_wait), (120 bytes).
    Removing rt_membox.o(i._calloc_box), (30 bytes).

129 unused section(s) (total 5204 bytes) removed from the image.

==============================================================================

Image Symbol Table

    Local Symbols

    Symbol Name                              Value     Ov Type        Size  Object(Section)

    RESET                                    0x00000000   Section      204  startup_lpc17xx.o(RESET)
    ../clib/microlib/division.c              0x00000000   Number         0  uldiv.o ABSOLUTE
    ../clib/microlib/init/entry.s            0x00000000   Number         0  entry8b.o ABSOLUTE
    ../clib/microlib/init/entry.s            0x00000000   Number         0  entry.o ABSOLUTE
    ../clib/microlib/init/entry.s            0x00000000   Number         0  entry10a.o ABSOLUTE
    ../clib/microlib/init/entry.s            0x00000000   Number         0  entry10b.o ABSOLUTE
    ../clib/microlib/init/entry.s            0x00000000   Number         0  entry11a.o ABSOLUTE
    ../clib/microlib/init/entry.s            0x00000000   Number         0  entry11b.o ABSOLUTE
    ../clib/microlib/init/entry.s            0x00000000   Number         0  entry2.o ABSOLUTE
    ../clib/microlib/init/entry.s            0x00000000   Number         0  entry5.o ABSOLUTE
    ../clib/microlib/init/entry.s            0x00000000   Number         0  entry7a.o ABSOLUTE
    ../clib/microlib/init/entry.s            0x00000000   Number         0  entry7b.o ABSOLUTE
    ../clib/microlib/init/entry.s            0x00000000   Number         0  entry8a.o ABSOLUTE
    ../clib/microlib/longlong.c              0x00000000   Number         0  llshl.o ABSOLUTE
    ../clib/microlib/longlong.c              0x00000000   Number         0  llushr.o ABSOLUTE
    ..\HAL_CM.c                              0x00000000   Number         0  hal_cm.o ABSOLUTE
    ..\\rt_CMSIS.c                           0x00000000   Number         0  rt_cmsis.o ABSOLUTE
    ..\\rt_System.c                          0x00000000   Number         0  rt_system.o ABSOLUTE
    ..\rt_CMSIS.c                            0x00000000   Number         0  rt_cmsis.o ABSOLUTE
    ..\rt_Event.c                            0x00000000   Number         0  rt_event.o ABSOLUTE
    ..\rt_List.c                             0x00000000   Number         0  rt_list.o ABSOLUTE
    ..\rt_Mailbox.c                          0x00000000   Number         0  rt_mailbox.o ABSOLUTE
    ..\rt_MemBox.c                           0x00000000   Number         0  rt_membox.o ABSOLUTE
    ..\rt_Memory.c                           0x00000000   Number         0  rt_memory.o ABSOLUTE
    ..\rt_Mutex.c                            0x00000000   Number         0  rt_mutex.o ABSOLUTE
    ..\rt_Robin.c                            0x00000000   Number         0  rt_robin.o ABSOLUTE
    ..\rt_Semaphore.c                        0x00000000   Number         0  rt_semaphore.o ABSOLUTE
    ..\rt_System.c                           0x00000000   Number         0  rt_system.o ABSOLUTE
    ..\rt_Task.c                             0x00000000   Number         0  rt_task.o ABSOLUTE
    ..\rt_Time.c                             0x00000000   Number         0  rt_time.o ABSOLUTE
    GLCD_SPI_LPC1700.c                       0x00000000   Number         0  glcd_spi_lpc1700.o ABSOLUTE
    GLCD_SPI_LPC1700.c                       0x00000000   Number         0  glcd_spi_lpc1700.o ABSOLUTE
    HAL_CM3.c                                0x00000000   Number         0  hal_cm3.o ABSOLUTE
    HAL_CM3.c                                0x00000000   Number         0  hal_cm3.o ABSOLUTE
    LED.c                                    0x00000000   Number         0  led.o ABSOLUTE
    LED.c                                    0x00000000   Number         0  led.o ABSOLUTE
    RTE\CMSIS\RTX_Conf_CM.c                  0x00000000   Number         0  rtx_conf_cm.o ABSOLUTE
    RTE\Device\LPC1768\startup_LPC17xx.s     0x00000000   Number         0  startup_lpc17xx.o ABSOLUTE
    RTE\Device\LPC1768\system_LPC17xx.c      0x00000000   Number         0  system_lpc17xx.o ABSOLUTE
    RTE\\Device\\LPC1768\\system_LPC17xx.c   0x00000000   Number         0  system_lpc17xx.o ABSOLUTE
    SVC_Table.s                              0x00000000   Number         0  svc_table.o ABSOLUTE
    Thread.c                                 0x00000000   Number         0  thread.o ABSOLUTE
    Thread.c                                 0x00000000   Number         0  thread.o ABSOLUTE
    dc.s                                     0x00000000   Number         0  dc.o ABSOLUTE
    handlers.s                               0x00000000   Number         0  handlers.o ABSOLUTE
    init.s                                   0x00000000   Number         0  init.o ABSOLUTE
    main.c                                   0x00000000   Number         0  main.o ABSOLUTE
    main.c                                   0x00000000   Number         0  main.o ABSOLUTE
    .ARM.Collect$$$$00000000                 0x000000cc   Section        0  entry.o(.ARM.Collect$$$$00000000)
    .ARM.Collect$$$$00000001                 0x000000cc   Section        4  entry2.o(.ARM.Collect$$$$00000001)
    .ARM.Collect$$$$00000004                 0x000000d0   Section        4  entry5.o(.ARM.Collect$$$$00000004)
    .ARM.Collect$$$$00000008                 0x000000d4   Section        0  entry7b.o(.ARM.Collect$$$$00000008)
    .ARM.Collect$$$$0000000A                 0x000000d4   Section        0  entry8b.o(.ARM.Collect$$$$0000000A)
    .ARM.Collect$$$$0000000D                 0x000000d4   Section        0  entry10a.o(.ARM.Collect$$$$0000000D)
    .ARM.Collect$$$$0000000F                 0x000000d4   Section        0  entry11a.o(.ARM.Collect$$$$0000000F)
    .ARM.Collect$$$$000000FF                 0x000000d4   Section        0  rtx_conf_cm.o(.ARM.Collect$$$$000000FF)
    .ARM.Collect$$$$00002712                 0x000000ec   Section        4  entry2.o(.ARM.Collect$$$$00002712)
    __lit__00000000                          0x000000ec   Data           4  entry2.o(.ARM.Collect$$$$00002712)
    .emb_text                                0x000000f0   Section      304  hal_cm3.o(.emb_text)
    .text                                    0x00000220   Section       36  startup_lpc17xx.o(.text)
    .text                                    0x00000244   Section       36  init.o(.text)
    SVC_TABLE                                0x00000268   Section        4  svc_table.o(SVC_TABLE)
    i.GLCD_Clear                             0x0000026c   Section        0  glcd_spi_lpc1700.o(i.GLCD_Clear)
    i.GLCD_DisplayChar                       0x00000298   Section        0  glcd_spi_lpc1700.o(i.GLCD_DisplayChar)
    i.__scatterload_null                     0x000002f4   Section        2  handlers.o(i.__scatterload_null)
    i.os_tick_irqack                         0x000002f6   Section        0  rt_system.o(i.os_tick_irqack)
    .ARM.__at_0x02FC                         0x000002fc   Section        4  startup_lpc17xx.o(.ARM.__at_0x02FC)
    i.GLCD_DisplayString                     0x00000300   Section        0  glcd_spi_lpc1700.o(i.GLCD_DisplayString)
    i.GLCD_DrawChar                          0x00000328   Section        0  glcd_spi_lpc1700.o(i.GLCD_DrawChar)
    i.GLCD_Init                              0x000003c4   Section        0  glcd_spi_lpc1700.o(i.GLCD_Init)
    i.GLCD_SetBackColor                      0x000009ac   Section        0  glcd_spi_lpc1700.o(i.GLCD_SetBackColor)
    i.GLCD_SetTextColor                      0x000009b8   Section        0  glcd_spi_lpc1700.o(i.GLCD_SetTextColor)
    i.GLCD_SetWindow                         0x000009c4   Section        0  glcd_spi_lpc1700.o(i.GLCD_SetWindow)
    i.GLCD_WindowMax                         0x00000a70   Section        0  glcd_spi_lpc1700.o(i.GLCD_WindowMax)
    i.Init_Thread                            0x00000a84   Section        0  thread.o(i.Init_Thread)
    i.LED_Init                               0x00000aec   Section        0  led.o(i.LED_Init)
    i.LED_Off                                0x00000b1c   Section        0  led.o(i.LED_Off)
    i.LED_On                                 0x00000b4c   Section        0  led.o(i.LED_On)
    i.SystemInit                             0x00000b7c   Section        0  system_lpc17xx.o(i.SystemInit)
    i.Thread1                                0x00000cbc   Section        0  thread.o(i.Thread1)
    i.Thread2                                0x00000d10   Section        0  thread.o(i.Thread2)
    i.Thread3                                0x00000d64   Section        0  thread.o(i.Thread3)
    i.__scatterload_copy                     0x00000db8   Section       14  handlers.o(i.__scatterload_copy)
    i.__scatterload_zeroinit                 0x00000dc6   Section       14  handlers.o(i.__scatterload_zeroinit)
    i._init_box                              0x00000dd4   Section        0  rt_membox.o(i._init_box)
    i.dbg_init                               0x00000e1c   Section        0  hal_cm.o(i.dbg_init)
    i.dbg_task_notify                        0x00000e4c   Section        0  hal_cm.o(i.dbg_task_notify)
    i.dbg_task_switch                        0x00000e6c   Section        0  hal_cm.o(i.dbg_task_switch)
    i.delay                                  0x00000e7c   Section        0  glcd_spi_lpc1700.o(i.delay)
    delay                                    0x00000e7d   Thumb Code    14  glcd_spi_lpc1700.o(i.delay)
    i.isrMessageGet                          0x00000e8a   Section        0  rt_cmsis.o(i.isrMessageGet)
    i.isrMessagePut                          0x00000eb4   Section        0  rt_cmsis.o(i.isrMessagePut)
    i.isr_mbx_receive                        0x00000ee0   Section        0  rt_mailbox.o(i.isr_mbx_receive)
    i.isr_mbx_send                           0x00000f36   Section        0  rt_mailbox.o(i.isr_mbx_send)
    i.main                                   0x00000f44   Section        0  main.o(i.main)
    i.osDelay                                0x00000fd4   Section        0  rt_cmsis.o(i.osDelay)
    i.osKernelInitialize                     0x00000fec   Section        0  rt_cmsis.o(i.osKernelInitialize)
    i.osKernelStart                          0x00001010   Section        0  rt_cmsis.o(i.osKernelStart)
    i.osMessageGet                           0x0000107c   Section        0  rt_cmsis.o(i.osMessageGet)
    i.osThreadCreate                         0x00001094   Section        0  rt_cmsis.o(i.osThreadCreate)
    i.osThreadExit                           0x000010c0   Section        0  rt_cmsis.o(i.osThreadExit)
    i.osTimerCall                            0x000010d8   Section        0  rt_cmsis.o(i.osTimerCall)
    i.osTimerThread                          0x000010e4   Section        0  rt_cmsis.o(i.osTimerThread)
    i.os_error                               0x00001110   Section        0  rtx_conf_cm.o(i.os_error)
    i.os_idle_demon                          0x00001134   Section        0  rtx_conf_cm.o(i.os_idle_demon)
    i.os_tick_init                           0x00001148   Section        0  rt_system.o(i.os_tick_init)
    i.rd_id_man                              0x00001170   Section        0  glcd_spi_lpc1700.o(i.rd_id_man)
    rd_id_man                                0x00001171   Thumb Code   132  glcd_spi_lpc1700.o(i.rd_id_man)
    i.rd_reg                                 0x000011fc   Section        0  glcd_spi_lpc1700.o(i.rd_reg)
    rd_reg                                   0x000011fd   Thumb Code    66  glcd_spi_lpc1700.o(i.rd_reg)
    i.rt_alloc_box                           0x00001244   Section        0  rt_membox.o(i.rt_alloc_box)
    i.rt_alloc_mem                           0x0000125e   Section        0  rt_memory.o(i.rt_alloc_mem)
    i.rt_block                               0x0000129c   Section        0  rt_task.o(i.rt_block)
    i.rt_chk_robin                           0x000012d4   Section        0  rt_robin.o(i.rt_chk_robin)
    i.rt_dec_dly                             0x0000131c   Section        0  rt_list.o(i.rt_dec_dly)
    i.rt_dispatch                            0x0000138c   Section        0  rt_task.o(i.rt_dispatch)
    i.rt_dly_wait                            0x000013d0   Section        0  rt_time.o(i.rt_dly_wait)
    i.rt_evt_psh                             0x000013d8   Section        0  rt_event.o(i.rt_evt_psh)
    i.rt_free_box                            0x00001428   Section        0  rt_membox.o(i.rt_free_box)
    i.rt_free_mem                            0x00001454   Section        0  rt_memory.o(i.rt_free_mem)
    i.rt_get_first                           0x0000147c   Section        0  rt_list.o(i.rt_get_first)
    i.rt_id2obj                              0x000014a4   Section        0  rt_cmsis.o(i.rt_id2obj)
    rt_id2obj                                0x000014a5   Thumb Code     8  rt_cmsis.o(i.rt_id2obj)
    i.rt_init_context                        0x000014ac   Section        0  rt_task.o(i.rt_init_context)
    rt_init_context                          0x000014ad   Thumb Code    66  rt_task.o(i.rt_init_context)
    i.rt_init_mem                            0x000014f4   Section        0  rt_memory.o(i.rt_init_mem)
    i.rt_init_robin                          0x00001510   Section        0  rt_robin.o(i.rt_init_robin)
    i.rt_init_stack                          0x00001528   Section        0  hal_cm.o(i.rt_init_stack)
    i.rt_mbx_check                           0x000015a8   Section        0  rt_mailbox.o(i.rt_mbx_check)
    i.rt_mbx_init                            0x000015b0   Section        0  rt_mailbox.o(i.rt_mbx_init)
    i.rt_mbx_psh                             0x000015cc   Section        0  rt_mailbox.o(i.rt_mbx_psh)
    i.rt_mbx_wait                            0x000016bc   Section        0  rt_mailbox.o(i.rt_mbx_wait)
    i.rt_ms2tick                             0x00001770   Section        0  rt_cmsis.o(i.rt_ms2tick)
    rt_ms2tick                               0x00001771   Thumb Code    58  rt_cmsis.o(i.rt_ms2tick)
    i.rt_pop_req                             0x000017b4   Section        0  rt_system.o(i.rt_pop_req)
    i.rt_psh_req                             0x00001830   Section        0  rt_system.o(i.rt_psh_req)
    i.rt_psq_enq                             0x00001850   Section        0  rt_list.o(i.rt_psq_enq)
    i.rt_put_dly                             0x000018ac   Section        0  rt_list.o(i.rt_put_dly)
    i.rt_put_prio                            0x000018f4   Section        0  rt_list.o(i.rt_put_prio)
    i.rt_put_rdy_first                       0x0000192c   Section        0  rt_list.o(i.rt_put_rdy_first)
    i.rt_resort_prio                         0x00001940   Section        0  rt_list.o(i.rt_resort_prio)
    i.rt_ret_val                             0x00001974   Section        0  hal_cm.o(i.rt_ret_val)
    i.rt_ret_val2                            0x0000197a   Section        0  hal_cm.o(i.rt_ret_val2)
    i.rt_rmv_dly                             0x00001982   Section        0  rt_list.o(i.rt_rmv_dly)
    i.rt_rmv_list                            0x000019ac   Section        0  rt_list.o(i.rt_rmv_list)
    i.rt_sem_psh                             0x000019dc   Section        0  rt_semaphore.o(i.rt_sem_psh)
    i.rt_stk_check                           0x00001a10   Section        0  rt_system.o(i.rt_stk_check)
    i.rt_switch_req                          0x00001a34   Section        0  rt_task.o(i.rt_switch_req)
    i.rt_sys_init                            0x00001a5c   Section        0  rt_task.o(i.rt_sys_init)
    i.rt_sys_start                           0x00001b28   Section        0  rt_task.o(i.rt_sys_start)
    i.rt_systick                             0x00001ba0   Section        0  rt_system.o(i.rt_systick)
    i.rt_tid2ptcb                            0x00001be0   Section        0  rt_cmsis.o(i.rt_tid2ptcb)
    rt_tid2ptcb                              0x00001be1   Thumb Code    18  rt_cmsis.o(i.rt_tid2ptcb)
    i.rt_timer_insert                        0x00001bf4   Section        0  rt_cmsis.o(i.rt_timer_insert)
    rt_timer_insert                          0x00001bf5   Thumb Code    48  rt_cmsis.o(i.rt_timer_insert)
    i.rt_tsk_create                          0x00001c28   Section        0  rt_task.o(i.rt_tsk_create)
    i.rt_tsk_delete                          0x00001cb0   Section        0  rt_task.o(i.rt_tsk_delete)
    i.rt_tsk_prio                            0x00001e2c   Section        0  rt_task.o(i.rt_tsk_prio)
    i.rt_tsk_self                            0x00001ea8   Section        0  rt_task.o(i.rt_tsk_self)
    i.spi_tran                               0x00001eb8   Section        0  glcd_spi_lpc1700.o(i.spi_tran)
    spi_tran                                 0x00001eb9   Thumb Code    28  glcd_spi_lpc1700.o(i.spi_tran)
    i.spi_tran_man                           0x00001ed8   Section        0  glcd_spi_lpc1700.o(i.spi_tran_man)
    spi_tran_man                             0x00001ed9   Thumb Code   124  glcd_spi_lpc1700.o(i.spi_tran_man)
    i.svcDelay                               0x00001f58   Section        0  rt_cmsis.o(i.svcDelay)
    i.svcKernelInitialize                    0x00001f6c   Section        0  rt_cmsis.o(i.svcKernelInitialize)
    i.svcKernelStart                         0x00001fdc   Section        0  rt_cmsis.o(i.svcKernelStart)
    i.svcMessageCreate                       0x00002024   Section        0  rt_cmsis.o(i.svcMessageCreate)
    i.svcMessageGet                          0x00002048   Section        0  rt_cmsis.o(i.svcMessageGet)
    i.svcThreadCreate                        0x00002084   Section        0  rt_cmsis.o(i.svcThreadCreate)
    i.svcThreadGetId                         0x000020f0   Section        0  rt_cmsis.o(i.svcThreadGetId)
    i.svcThreadTerminate                     0x0000210c   Section        0  rt_cmsis.o(i.svcThreadTerminate)
    i.svcTimerCall                           0x00002144   Section        0  rt_cmsis.o(i.svcTimerCall)
    i.sysTimerTick                           0x0000215c   Section        0  rt_cmsis.o(i.sysTimerTick)
    i.wr_cmd                                 0x000021b8   Section        0  glcd_spi_lpc1700.o(i.wr_cmd)
    wr_cmd                                   0x000021b9   Thumb Code    36  glcd_spi_lpc1700.o(i.wr_cmd)
    i.wr_dat                                 0x000021e0   Section        0  glcd_spi_lpc1700.o(i.wr_dat)
    wr_dat                                   0x000021e1   Thumb Code    36  glcd_spi_lpc1700.o(i.wr_dat)
    i.wr_dat_only                            0x00002208   Section        0  glcd_spi_lpc1700.o(i.wr_dat_only)
    wr_dat_only                              0x00002209   Thumb Code    18  glcd_spi_lpc1700.o(i.wr_dat_only)
    i.wr_dat_start                           0x0000221c   Section        0  glcd_spi_lpc1700.o(i.wr_dat_start)
    wr_dat_start                             0x0000221d   Thumb Code    16  glcd_spi_lpc1700.o(i.wr_dat_start)
    i.wr_dat_stop                            0x00002230   Section        0  glcd_spi_lpc1700.o(i.wr_dat_stop)
    wr_dat_stop                              0x00002231   Thumb Code     8  glcd_spi_lpc1700.o(i.wr_dat_stop)
    i.wr_reg                                 0x0000223c   Section        0  glcd_spi_lpc1700.o(i.wr_reg)
    wr_reg                                   0x0000223d   Thumb Code    20  glcd_spi_lpc1700.o(i.wr_reg)
    .constdata                               0x00002250   Section     6272  glcd_spi_lpc1700.o(.constdata)
    .constdata                               0x00003ad0   Section       32  led.o(.constdata)
    .constdata                               0x00003af0   Section       48  thread.o(.constdata)
    .constdata                               0x00003b20   Section      104  rtx_conf_cm.o(.constdata)
    __tagsym$$used                           0x00003b3c   Number         0  rtx_conf_cm.o(.constdata)
    __tagsym$$used                           0x00003b40   Number         0  rtx_conf_cm.o(.constdata)
    __tagsym$$used                           0x00003b44   Number         0  rtx_conf_cm.o(.constdata)
    __tagsym$$used                           0x00003b48   Number         0  rtx_conf_cm.o(.constdata)
    .bss                                     0x10000000   Section    14816  rtx_conf_cm.o(.bss)
    .data                                    0x2007c000   Section        5  glcd_spi_lpc1700.o(.data)
    Color                                    0x2007c000   Data           4  glcd_spi_lpc1700.o(.data)
    Himax                                    0x2007c004   Data           1  glcd_spi_lpc1700.o(.data)
    .data                                    0x2007c008   Section       20  thread.o(.data)
    .data                                    0x2007c01c   Section       20  rtx_conf_cm.o(.data)
    .data                                    0x2007c030   Section        8  rt_cmsis.o(.data)
    .data                                    0x2007c038   Section        8  rt_task.o(.data)
    .data                                    0x2007c040   Section        8  rt_system.o(.data)
    os_lock                                  0x2007c040   Data           1  rt_system.o(.data)
    os_psh_flag                              0x2007c041   Data           1  rt_system.o(.data)
    pend_flags                               0x2007c042   Data           1  rt_system.o(.data)
    .data                                    0x2007c048   Section        4  rt_time.o(.data)
    .data                                    0x2007c04c   Section        1  hal_cm.o(.data)
    .data                                    0x2007c050   Section        8  rt_robin.o(.data)
    .bss                                     0x2007c058   Section       52  rt_task.o(.bss)
    .bss                                     0x2007c08c   Section       48  rt_list.o(.bss)
    STACK                                    0x2007c0c0   Section     8192  startup_lpc17xx.o(STACK)

    Global Symbols

    Symbol Name                              Value     Ov Type        Size  Object(Section)

    BuildAttributes$$THM_ISAv4$P$D$K$B$S$PE$A:L22UL41UL21$X:L11$S22US41US21$IEEE1$IW$USESV6$~STKCKD$USESV7$~SHL$OSPACE$EBA8$MICROLIB$REQ8$PRES8$EABIv2 0x00000000   Number         0  anon$$obj.o ABSOLUTE
    __ARM_use_no_argv                        0x00000000   Number         0  main.o ABSOLUTE
    __Vectors                                0x00000000   Data           4  startup_lpc17xx.o(RESET)
    __cpp_initialize__aeabi_                  - Undefined Weak Reference
    __cxa_finalize                            - Undefined Weak Reference
    __decompress                              - Undefined Weak Reference
    _clock_init                               - Undefined Weak Reference
    _microlib_exit                            - Undefined Weak Reference
    __main                                   0x000000cd   Thumb Code     0  entry.o(.ARM.Collect$$$$00000000)
    _main_stk                                0x000000cd   Thumb Code     0  entry2.o(.ARM.Collect$$$$00000001)
    _main_scatterload                        0x000000d1   Thumb Code     0  entry5.o(.ARM.Collect$$$$00000004)
    __main_after_scatterload                 0x000000d5   Thumb Code     0  entry5.o(.ARM.Collect$$$$00000004)
    __rt_final_cpp                           0x000000d5   Thumb Code     0  entry10a.o(.ARM.Collect$$$$0000000D)
    __rt_final_exit                          0x000000d5   Thumb Code     0  entry11a.o(.ARM.Collect$$$$0000000F)
    _main_clock                              0x000000d5   Thumb Code     0  entry7b.o(.ARM.Collect$$$$00000008)
    _main_cpp_init                           0x000000d5   Thumb Code     0  entry8b.o(.ARM.Collect$$$$0000000A)
    _main_init                               0x000000d5   Thumb Code    18  rtx_conf_cm.o(.ARM.Collect$$$$000000FF)
    rt_set_PSP                               0x000000f1   Thumb Code     6  hal_cm3.o(.emb_text)
    rt_get_PSP                               0x000000f7   Thumb Code     6  hal_cm3.o(.emb_text)
    os_set_env                               0x000000fd   Thumb Code    24  hal_cm3.o(.emb_text)
    _alloc_box                               0x00000119   Thumb Code    28  hal_cm3.o(.emb_text)
    _free_box                                0x00000139   Thumb Code    28  hal_cm3.o(.emb_text)
    SVC_Handler                              0x00000159   Thumb Code   108  hal_cm3.o(.emb_text)
    PendSV_Handler                           0x000001d1   Thumb Code    56  hal_cm3.o(.emb_text)
    SysTick_Handler                          0x0000020d   Thumb Code     8  hal_cm3.o(.emb_text)
    OS_Tick_Handler                          0x00000215   Thumb Code    12  hal_cm3.o(.emb_text)
    Reset_Handler                            0x00000221   Thumb Code     8  startup_lpc17xx.o(.text)
    NMI_Handler                              0x00000229   Thumb Code     2  startup_lpc17xx.o(.text)
    HardFault_Handler                        0x0000022b   Thumb Code     2  startup_lpc17xx.o(.text)
    MemManage_Handler                        0x0000022d   Thumb Code     2  startup_lpc17xx.o(.text)
    BusFault_Handler                         0x0000022f   Thumb Code     2  startup_lpc17xx.o(.text)
    UsageFault_Handler                       0x00000231   Thumb Code     2  startup_lpc17xx.o(.text)
    DebugMon_Handler                         0x00000235   Thumb Code     2  startup_lpc17xx.o(.text)
    ADC_IRQHandler                           0x0000023b   Thumb Code     0  startup_lpc17xx.o(.text)
    BOD_IRQHandler                           0x0000023b   Thumb Code     0  startup_lpc17xx.o(.text)
    CANActivity_IRQHandler                   0x0000023b   Thumb Code     0  startup_lpc17xx.o(.text)
    CAN_IRQHandler                           0x0000023b   Thumb Code     0  startup_lpc17xx.o(.text)
    DMA_IRQHandler                           0x0000023b   Thumb Code     0  startup_lpc17xx.o(.text)
    EINT0_IRQHandler                         0x0000023b   Thumb Code     0  startup_lpc17xx.o(.text)
    EINT1_IRQHandler                         0x0000023b   Thumb Code     0  startup_lpc17xx.o(.text)
    EINT2_IRQHandler                         0x0000023b   Thumb Code     0  startup_lpc17xx.o(.text)
    EINT3_IRQHandler                         0x0000023b   Thumb Code     0  startup_lpc17xx.o(.text)
    ENET_IRQHandler                          0x0000023b   Thumb Code     0  startup_lpc17xx.o(.text)
    I2C0_IRQHandler                          0x0000023b   Thumb Code     0  startup_lpc17xx.o(.text)
    I2C1_IRQHandler                          0x0000023b   Thumb Code     0  startup_lpc17xx.o(.text)
    I2C2_IRQHandler                          0x0000023b   Thumb Code     0  startup_lpc17xx.o(.text)
    I2S_IRQHandler                           0x0000023b   Thumb Code     0  startup_lpc17xx.o(.text)
    MCPWM_IRQHandler                         0x0000023b   Thumb Code     0  startup_lpc17xx.o(.text)
    PLL0_IRQHandler                          0x0000023b   Thumb Code     0  startup_lpc17xx.o(.text)
    PLL1_IRQHandler                          0x0000023b   Thumb Code     0  startup_lpc17xx.o(.text)
    PWM1_IRQHandler                          0x0000023b   Thumb Code     0  startup_lpc17xx.o(.text)
    QEI_IRQHandler                           0x0000023b   Thumb Code     0  startup_lpc17xx.o(.text)
    RIT_IRQHandler                           0x0000023b   Thumb Code     0  startup_lpc17xx.o(.text)
    RTC_IRQHandler                           0x0000023b   Thumb Code     0  startup_lpc17xx.o(.text)
    SPI_IRQHandler                           0x0000023b   Thumb Code     0  startup_lpc17xx.o(.text)
    SSP0_IRQHandler                          0x0000023b   Thumb Code     0  startup_lpc17xx.o(.text)
    SSP1_IRQHandler                          0x0000023b   Thumb Code     0  startup_lpc17xx.o(.text)
    TIMER0_IRQHandler                        0x0000023b   Thumb Code     0  startup_lpc17xx.o(.text)
    TIMER1_IRQHandler                        0x0000023b   Thumb Code     0  startup_lpc17xx.o(.text)
    TIMER2_IRQHandler                        0x0000023b   Thumb Code     0  startup_lpc17xx.o(.text)
    TIMER3_IRQHandler                        0x0000023b   Thumb Code     0  startup_lpc17xx.o(.text)
    UART0_IRQHandler                         0x0000023b   Thumb Code     0  startup_lpc17xx.o(.text)
    UART1_IRQHandler                         0x0000023b   Thumb Code     0  startup_lpc17xx.o(.text)
    UART2_IRQHandler                         0x0000023b   Thumb Code     0  startup_lpc17xx.o(.text)
    UART3_IRQHandler                         0x0000023b   Thumb Code     0  startup_lpc17xx.o(.text)
    USBActivity_IRQHandler                   0x0000023b   Thumb Code     0  startup_lpc17xx.o(.text)
    USB_IRQHandler                           0x0000023b   Thumb Code     0  startup_lpc17xx.o(.text)
    WDT_IRQHandler                           0x0000023b   Thumb Code     0  startup_lpc17xx.o(.text)
    __scatterload                            0x00000245   Thumb Code    28  init.o(.text)
    __scatterload_rt2                        0x00000245   Thumb Code     0  init.o(.text)
    SVC_Count                                0x00000268   Data           4  svc_table.o(SVC_TABLE)
    GLCD_Clear                               0x0000026d   Thumb Code    42  glcd_spi_lpc1700.o(i.GLCD_Clear)
    SVC_Table                                0x0000026c   Data           0  svc_table.o(SVC_TABLE)
    GLCD_DisplayChar                         0x00000299   Thumb Code    84  glcd_spi_lpc1700.o(i.GLCD_DisplayChar)
    __scatterload_null                       0x000002f5   Thumb Code     2  handlers.o(i.__scatterload_null)
    os_tick_irqack                           0x000002f7   Thumb Code     2  rt_system.o(i.os_tick_irqack)
    GLCD_DisplayString                       0x00000301   Thumb Code    40  glcd_spi_lpc1700.o(i.GLCD_DisplayString)
    GLCD_DrawChar                            0x00000329   Thumb Code   150  glcd_spi_lpc1700.o(i.GLCD_DrawChar)
    GLCD_Init                                0x000003c5   Thumb Code  1506  glcd_spi_lpc1700.o(i.GLCD_Init)
    __RL_RTX_VER                             0x00000482   Number         0  rt_system.o ABSOLUTE
    GLCD_SetBackColor                        0x000009ad   Thumb Code     6  glcd_spi_lpc1700.o(i.GLCD_SetBackColor)
    GLCD_SetTextColor                        0x000009b9   Thumb Code     6  glcd_spi_lpc1700.o(i.GLCD_SetTextColor)
    GLCD_SetWindow                           0x000009c5   Thumb Code   168  glcd_spi_lpc1700.o(i.GLCD_SetWindow)
    GLCD_WindowMax                           0x00000a71   Thumb Code    18  glcd_spi_lpc1700.o(i.GLCD_WindowMax)
    Init_Thread                              0x00000a85   Thumb Code    78  thread.o(i.Init_Thread)
    LED_Init                                 0x00000aed   Thumb Code    40  led.o(i.LED_Init)
    LED_Off                                  0x00000b1d   Thumb Code    40  led.o(i.LED_Off)
    LED_On                                   0x00000b4d   Thumb Code    40  led.o(i.LED_On)
    SystemInit                               0x00000b7d   Thumb Code   302  system_lpc17xx.o(i.SystemInit)
    Thread1                                  0x00000cbd   Thumb Code    60  thread.o(i.Thread1)
    Thread2                                  0x00000d11   Thumb Code    60  thread.o(i.Thread2)
    Thread3                                  0x00000d65   Thumb Code    60  thread.o(i.Thread3)
    __scatterload_copy                       0x00000db9   Thumb Code    14  handlers.o(i.__scatterload_copy)
    __scatterload_zeroinit                   0x00000dc7   Thumb Code    14  handlers.o(i.__scatterload_zeroinit)
    _init_box                                0x00000dd5   Thumb Code    70  rt_membox.o(i._init_box)
    dbg_init                                 0x00000e1d   Thumb Code    34  hal_cm.o(i.dbg_init)
    dbg_task_notify                          0x00000e4d   Thumb Code    32  hal_cm.o(i.dbg_task_notify)
    dbg_task_switch                          0x00000e6d   Thumb Code    16  hal_cm.o(i.dbg_task_switch)
    isrMessageGet                            0x00000e8b   Thumb Code    42  rt_cmsis.o(i.isrMessageGet)
    isrMessagePut                            0x00000eb5   Thumb Code    44  rt_cmsis.o(i.isrMessagePut)
    isr_mbx_receive                          0x00000ee1   Thumb Code    86  rt_mailbox.o(i.isr_mbx_receive)
    isr_mbx_send                             0x00000f37   Thumb Code    14  rt_mailbox.o(i.isr_mbx_send)
    main                                     0x00000f45   Thumb Code    96  main.o(i.main)
    osDelay                                  0x00000fd5   Thumb Code    18  rt_cmsis.o(i.osDelay)
    osKernelInitialize                       0x00000fed   Thumb Code    30  rt_cmsis.o(i.osKernelInitialize)
    osKernelStart                            0x00001011   Thumb Code    98  rt_cmsis.o(i.osKernelStart)
    osMessageGet                             0x0000107d   Thumb Code    18  rt_cmsis.o(i.osMessageGet)
    osThreadCreate                           0x00001095   Thumb Code    36  rt_cmsis.o(i.osThreadCreate)
    osThreadExit                             0x000010c1   Thumb Code    14  rt_cmsis.o(i.osThreadExit)
    osTimerCall                              0x000010d9   Thumb Code     8  rt_cmsis.o(i.osTimerCall)
    osTimerThread                            0x000010e5   Thumb Code    38  rt_cmsis.o(i.osTimerThread)
    os_error                                 0x00001111   Thumb Code    34  rtx_conf_cm.o(i.os_error)
    os_idle_demon                            0x00001135   Thumb Code    14  rtx_conf_cm.o(i.os_idle_demon)
    os_tick_init                             0x00001149   Thumb Code    32  rt_system.o(i.os_tick_init)
    rt_alloc_box                             0x00001245   Thumb Code    26  rt_membox.o(i.rt_alloc_box)
    rt_alloc_mem                             0x0000125f   Thumb Code    62  rt_memory.o(i.rt_alloc_mem)
    rt_block                                 0x0000129d   Thumb Code    48  rt_task.o(i.rt_block)
    rt_chk_robin                             0x000012d5   Thumb Code    60  rt_robin.o(i.rt_chk_robin)
    rt_dec_dly                               0x0000131d   Thumb Code   102  rt_list.o(i.rt_dec_dly)
    rt_dispatch                              0x0000138d   Thumb Code    60  rt_task.o(i.rt_dispatch)
    rt_dly_wait                              0x000013d1   Thumb Code     6  rt_time.o(i.rt_dly_wait)
    rt_evt_psh                               0x000013d9   Thumb Code    76  rt_event.o(i.rt_evt_psh)
    rt_free_box                              0x00001429   Thumb Code    44  rt_membox.o(i.rt_free_box)
    rt_free_mem                              0x00001455   Thumb Code    40  rt_memory.o(i.rt_free_mem)
    rt_get_first                             0x0000147d   Thumb Code    40  rt_list.o(i.rt_get_first)
    rt_init_mem                              0x000014f5   Thumb Code    26  rt_memory.o(i.rt_init_mem)
    rt_init_robin                            0x00001511   Thumb Code    14  rt_robin.o(i.rt_init_robin)
    rt_init_stack                            0x00001529   Thumb Code   118  hal_cm.o(i.rt_init_stack)
    rt_mbx_check                             0x000015a9   Thumb Code     8  rt_mailbox.o(i.rt_mbx_check)
    rt_mbx_init                              0x000015b1   Thumb Code    26  rt_mailbox.o(i.rt_mbx_init)
    rt_mbx_psh                               0x000015cd   Thumb Code   236  rt_mailbox.o(i.rt_mbx_psh)
    rt_mbx_wait                              0x000016bd   Thumb Code   174  rt_mailbox.o(i.rt_mbx_wait)
    rt_pop_req                               0x000017b5   Thumb Code   112  rt_system.o(i.rt_pop_req)
    rt_psh_req                               0x00001831   Thumb Code    22  rt_system.o(i.rt_psh_req)
    rt_psq_enq                               0x00001851   Thumb Code    88  rt_list.o(i.rt_psq_enq)
    rt_put_dly                               0x000018ad   Thumb Code    68  rt_list.o(i.rt_put_dly)
    rt_put_prio                              0x000018f5   Thumb Code    54  rt_list.o(i.rt_put_prio)
    rt_put_rdy_first                         0x0000192d   Thumb Code    14  rt_list.o(i.rt_put_rdy_first)
    rt_resort_prio                           0x00001941   Thumb Code    46  rt_list.o(i.rt_resort_prio)
    rt_ret_val                               0x00001975   Thumb Code     6  hal_cm.o(i.rt_ret_val)
    rt_ret_val2                              0x0000197b   Thumb Code     8  hal_cm.o(i.rt_ret_val2)
    rt_rmv_dly                               0x00001983   Thumb Code    40  rt_list.o(i.rt_rmv_dly)
    rt_rmv_list                              0x000019ad   Thumb Code    44  rt_list.o(i.rt_rmv_list)
    rt_sem_psh                               0x000019dd   Thumb Code    48  rt_semaphore.o(i.rt_sem_psh)
    rt_stk_check                             0x00001a11   Thumb Code    28  rt_system.o(i.rt_stk_check)
    rt_switch_req                            0x00001a35   Thumb Code    30  rt_task.o(i.rt_switch_req)
    rt_sys_init                              0x00001a5d   Thumb Code   138  rt_task.o(i.rt_sys_init)
    rt_sys_start                             0x00001b29   Thumb Code   110  rt_task.o(i.rt_sys_start)
    rt_systick                               0x00001ba1   Thumb Code    50  rt_system.o(i.rt_systick)
    rt_tsk_create                            0x00001c29   Thumb Code   118  rt_task.o(i.rt_tsk_create)
    rt_tsk_delete                            0x00001cb1   Thumb Code   352  rt_task.o(i.rt_tsk_delete)
    rt_tsk_prio                              0x00001e2d   Thumb Code   108  rt_task.o(i.rt_tsk_prio)
    rt_tsk_self                              0x00001ea9   Thumb Code    12  rt_task.o(i.rt_tsk_self)
    svcDelay                                 0x00001f59   Thumb Code    18  rt_cmsis.o(i.svcDelay)
    svcKernelInitialize                      0x00001f6d   Thumb Code    80  rt_cmsis.o(i.svcKernelInitialize)
    svcKernelStart                           0x00001fdd   Thumb Code    62  rt_cmsis.o(i.svcKernelStart)
    svcMessageCreate                         0x00002025   Thumb Code    36  rt_cmsis.o(i.svcMessageCreate)
    svcMessageGet                            0x00002049   Thumb Code    58  rt_cmsis.o(i.svcMessageGet)
    svcThreadCreate                          0x00002085   Thumb Code    96  rt_cmsis.o(i.svcThreadCreate)
    svcThreadGetId                           0x000020f1   Thumb Code    22  rt_cmsis.o(i.svcThreadGetId)
    svcThreadTerminate                       0x0000210d   Thumb Code    50  rt_cmsis.o(i.svcThreadTerminate)
    svcTimerCall                             0x00002145   Thumb Code    24  rt_cmsis.o(i.svcTimerCall)
    sysTimerTick                             0x0000215d   Thumb Code    84  rt_cmsis.o(i.sysTimerTick)
    Font_6x8_h                               0x00002250   Data         896  glcd_spi_lpc1700.o(.constdata)
    Font_16x24_h                             0x000025d0   Data        5376  glcd_spi_lpc1700.o(.constdata)
    led_mask                                 0x00003ad0   Data          32  led.o(.constdata)
    os_thread_def_Thread1                    0x00003af0   Data          16  thread.o(.constdata)
    os_thread_def_Thread2                    0x00003b00   Data          16  thread.o(.constdata)
    os_thread_def_Thread3                    0x00003b10   Data          16  thread.o(.constdata)
    os_maxtaskrun                            0x00003b20   Data           2  rtx_conf_cm.o(.constdata)
    os_stackinfo                             0x00003b24   Data           4  rtx_conf_cm.o(.constdata)
    os_rrobin                                0x00003b28   Data           4  rtx_conf_cm.o(.constdata)
    os_tickfreq                              0x00003b2c   Data           4  rtx_conf_cm.o(.constdata)
    os_tickus_i                              0x00003b30   Data           2  rtx_conf_cm.o(.constdata)
    os_tickus_f                              0x00003b32   Data           2  rtx_conf_cm.o(.constdata)
    os_trv                                   0x00003b34   Data           4  rtx_conf_cm.o(.constdata)
    os_flags                                 0x00003b38   Data           1  rtx_conf_cm.o(.constdata)
    CMSIS_RTOS_API_Version                   0x00003b3c   Data           4  rtx_conf_cm.o(.constdata)
    CMSIS_RTOS_RTX_Version                   0x00003b40   Data           4  rtx_conf_cm.o(.constdata)
    os_clockrate                             0x00003b44   Data           4  rtx_conf_cm.o(.constdata)
    os_timernum                              0x00003b48   Data           4  rtx_conf_cm.o(.constdata)
    mp_tcb_size                              0x00003b4c   Data           2  rtx_conf_cm.o(.constdata)
    mp_stk_size                              0x00003b50   Data           4  rtx_conf_cm.o(.constdata)
    os_stack_sz                              0x00003b54   Data           4  rtx_conf_cm.o(.constdata)
    os_fifo_size                             0x00003b58   Data           1  rtx_conf_cm.o(.constdata)
    os_thread_def_osTimerThread              0x00003b5c   Data          16  rtx_conf_cm.o(.constdata)
    os_messageQ_def_osTimerMessageQ          0x00003b6c   Data           8  rtx_conf_cm.o(.constdata)
    mp_tmr_size                              0x00003b74   Data           2  rtx_conf_cm.o(.constdata)
    os_thread_def_main                       0x00003b78   Data          16  rtx_conf_cm.o(.constdata)
    Region$$Table$$Base                      0x00003b88   Number         0  anon$$obj.o(Region$$Table)
    Region$$Table$$Limit                     0x00003bb8   Number         0  anon$$obj.o(Region$$Table)
    mp_tcb                                   0x10000000   Data         376  rtx_conf_cm.o(.bss)
    mp_stk                                   0x10000178   Data       12016  rtx_conf_cm.o(.bss)
    os_stack_mem                             0x10003068   Data        2232  rtx_conf_cm.o(.bss)
    os_fifo                                  0x10003920   Data         132  rtx_conf_cm.o(.bss)
    os_active_TCB                            0x100039a4   Data          28  rtx_conf_cm.o(.bss)
    os_messageQ_q_osTimerMessageQ            0x100039c0   Data          32  rtx_conf_cm.o(.bss)
    counta                                   0x2007c008   Data           4  thread.o(.data)
    countb                                   0x2007c00c   Data           4  thread.o(.data)
    tid_Thread                               0x2007c010   Data           4  thread.o(.data)
    tid2_Thread                              0x2007c014   Data           4  thread.o(.data)
    tid3_Thread                              0x2007c018   Data           4  thread.o(.data)
    countIDLE                                0x2007c01c   Data           4  rtx_conf_cm.o(.data)
    osThreadId_osTimerThread                 0x2007c020   Data           4  rtx_conf_cm.o(.data)
    osMessageQId_osTimerMessageQ             0x2007c024   Data           4  rtx_conf_cm.o(.data)
    os_tmr                                   0x2007c028   Data           4  rtx_conf_cm.o(.data)
    m_tmr                                    0x2007c02c   Data           4  rtx_conf_cm.o(.data)
    os_initialized                           0x2007c030   Data           1  rt_cmsis.o(.data)
    os_running                               0x2007c031   Data           1  rt_cmsis.o(.data)
    os_timer_head                            0x2007c034   Data           4  rt_cmsis.o(.data)
    os_tsk                                   0x2007c038   Data           8  rt_task.o(.data)
    os_tick_irqn                             0x2007c044   Data           4  rt_system.o(.data)
    os_time                                  0x2007c048   Data           4  rt_time.o(.data)
    dbg_msg                                  0x2007c04c   Data           1  hal_cm.o(.data)
    os_robin                                 0x2007c050   Data           8  rt_robin.o(.data)
    os_idle_TCB                              0x2007c058   Data          52  rt_task.o(.bss)
    os_rdy                                   0x2007c08c   Data          24  rt_list.o(.bss)
    os_dly                                   0x2007c0a4   Data          24  rt_list.o(.bss)
    __initial_sp                             0x2007e0c0   Data           0  startup_lpc17xx.o(STACK)



==============================================================================

Memory Map of the image

  Image Entry point : 0x000000cd

  Load Region LR_IROM1 (Base: 0x00000000, Size: 0x00003c10, Max: 0x00080000, ABSOLUTE)

    Execution Region ER_IROM1 (Exec base: 0x00000000, Load base: 0x00000000, Size: 0x00003bb8, Max: 0x00080000, ABSOLUTE)

    Exec Addr    Load Addr    Size         Type   Attr      Idx    E Section Name        Object

    0x00000000   0x00000000   0x000000cc   Data   RO          407    RESET               startup_lpc17xx.o
    0x000000cc   0x000000cc   0x00000000   Code   RO         1662  * .ARM.Collect$$$$00000000  mc_w.l(entry.o)
    0x000000cc   0x000000cc   0x00000004   Code   RO         1667    .ARM.Collect$$$$00000001  mc_w.l(entry2.o)
    0x000000d0   0x000000d0   0x00000004   Code   RO         1670    .ARM.Collect$$$$00000004  mc_w.l(entry5.o)
    0x000000d4   0x000000d4   0x00000000   Code   RO         1672    .ARM.Collect$$$$00000008  mc_w.l(entry7b.o)
    0x000000d4   0x000000d4   0x00000000   Code   RO         1674    .ARM.Collect$$$$0000000A  mc_w.l(entry8b.o)
    0x000000d4   0x000000d4   0x00000000   Code   RO         1675    .ARM.Collect$$$$0000000D  mc_w.l(entry10a.o)
    0x000000d4   0x000000d4   0x00000000   Code   RO         1677    .ARM.Collect$$$$0000000F  mc_w.l(entry11a.o)
    0x000000d4   0x000000d4   0x00000018   Code   RO          370    .ARM.Collect$$$$000000FF  rtx_conf_cm.o
    0x000000ec   0x000000ec   0x00000004   Code   RO         1668    .ARM.Collect$$$$00002712  mc_w.l(entry2.o)
    0x000000f0   0x000000f0   0x00000130   Code   RO         1649    .emb_text           RTX_CM3.lib(hal_cm3.o)
    0x00000220   0x00000220   0x00000024   Code   RO          409    .text               startup_lpc17xx.o
    0x00000244   0x00000244   0x00000024   Code   RO         1683    .text               mc_w.l(init.o)
    0x00000268   0x00000268   0x00000004   Code   RO         1659    SVC_TABLE           RTX_CM3.lib(svc_table.o)
    0x0000026c   0x0000026c   0x0000002a   Code   RO           91    i.GLCD_Clear        glcd_spi_lpc1700.o
    0x00000296   0x00000296   0x00000002   PAD
    0x00000298   0x00000298   0x0000005c   Code   RO           93    i.GLCD_DisplayChar  glcd_spi_lpc1700.o
    0x000002f4   0x000002f4   0x00000002   Code   RO         1688    i.__scatterload_null  mc_w.l(handlers.o)
    0x000002f6   0x000002f6   0x00000002   Code   RO         1162    i.os_tick_irqack    RTX_CM3.lib(rt_system.o)
    0x000002f8   0x000002f8   0x00000004   PAD
    0x000002fc   0x000002fc   0x00000004   Code   RO          408    .ARM.__at_0x02FC    startup_lpc17xx.o
    0x00000300   0x00000300   0x00000028   Code   RO           94    i.GLCD_DisplayString  glcd_spi_lpc1700.o
    0x00000328   0x00000328   0x0000009c   Code   RO           95    i.GLCD_DrawChar     glcd_spi_lpc1700.o
    0x000003c4   0x000003c4   0x000005e8   Code   RO           96    i.GLCD_Init         glcd_spi_lpc1700.o
    0x000009ac   0x000009ac   0x0000000c   Code   RO           99    i.GLCD_SetBackColor  glcd_spi_lpc1700.o
    0x000009b8   0x000009b8   0x0000000c   Code   RO          100    i.GLCD_SetTextColor  glcd_spi_lpc1700.o
    0x000009c4   0x000009c4   0x000000ac   Code   RO          101    i.GLCD_SetWindow    glcd_spi_lpc1700.o
    0x00000a70   0x00000a70   0x00000012   Code   RO          102    i.GLCD_WindowMax    glcd_spi_lpc1700.o
    0x00000a82   0x00000a82   0x00000002   PAD
    0x00000a84   0x00000a84   0x00000068   Code   RO          323    i.Init_Thread       thread.o
    0x00000aec   0x00000aec   0x00000030   Code   RO          278    i.LED_Init          led.o
    0x00000b1c   0x00000b1c   0x00000030   Code   RO          279    i.LED_Off           led.o
    0x00000b4c   0x00000b4c   0x00000030   Code   RO          280    i.LED_On            led.o
    0x00000b7c   0x00000b7c   0x00000140   Code   RO          419    i.SystemInit        system_lpc17xx.o
    0x00000cbc   0x00000cbc   0x00000054   Code   RO          324    i.Thread1           thread.o
    0x00000d10   0x00000d10   0x00000054   Code   RO          325    i.Thread2           thread.o
    0x00000d64   0x00000d64   0x00000054   Code   RO          326    i.Thread3           thread.o
    0x00000db8   0x00000db8   0x0000000e   Code   RO         1687    i.__scatterload_copy  mc_w.l(handlers.o)
    0x00000dc6   0x00000dc6   0x0000000e   Code   RO         1689    i.__scatterload_zeroinit  mc_w.l(handlers.o)
    0x00000dd4   0x00000dd4   0x00000046   Code   RO         1527    i._init_box         RTX_CM3.lib(rt_membox.o)
    0x00000e1a   0x00000e1a   0x00000002   PAD
    0x00000e1c   0x00000e1c   0x00000030   Code   RO         1580    i.dbg_init          RTX_CM3.lib(hal_cm.o)
    0x00000e4c   0x00000e4c   0x00000020   Code   RO         1581    i.dbg_task_notify   RTX_CM3.lib(hal_cm.o)
    0x00000e6c   0x00000e6c   0x00000010   Code   RO         1582    i.dbg_task_switch   RTX_CM3.lib(hal_cm.o)
    0x00000e7c   0x00000e7c   0x0000000e   Code   RO          105    i.delay             glcd_spi_lpc1700.o
    0x00000e8a   0x00000e8a   0x0000002a   Code   RO          454    i.isrMessageGet     RTX_CM3.lib(rt_cmsis.o)
    0x00000eb4   0x00000eb4   0x0000002c   Code   RO          455    i.isrMessagePut     RTX_CM3.lib(rt_cmsis.o)
    0x00000ee0   0x00000ee0   0x00000056   Code   RO         1373    i.isr_mbx_receive   RTX_CM3.lib(rt_mailbox.o)
    0x00000f36   0x00000f36   0x0000000e   Code   RO         1374    i.isr_mbx_send      RTX_CM3.lib(rt_mailbox.o)
    0x00000f44   0x00000f44   0x00000090   Code   RO            5    i.main              main.o
    0x00000fd4   0x00000fd4   0x00000018   Code   RO          458    i.osDelay           RTX_CM3.lib(rt_cmsis.o)
    0x00000fec   0x00000fec   0x00000024   Code   RO          459    i.osKernelInitialize  RTX_CM3.lib(rt_cmsis.o)
    0x00001010   0x00001010   0x0000006c   Code   RO          461    i.osKernelStart     RTX_CM3.lib(rt_cmsis.o)
    0x0000107c   0x0000107c   0x00000018   Code   RO          470    i.osMessageGet      RTX_CM3.lib(rt_cmsis.o)
    0x00001094   0x00001094   0x0000002c   Code   RO          487    i.osThreadCreate    RTX_CM3.lib(rt_cmsis.o)
    0x000010c0   0x000010c0   0x00000018   Code   RO          488    i.osThreadExit      RTX_CM3.lib(rt_cmsis.o)
    0x000010d8   0x000010d8   0x0000000c   Code   RO          494    i.osTimerCall       RTX_CM3.lib(rt_cmsis.o)
    0x000010e4   0x000010e4   0x0000002c   Code   RO          499    i.osTimerThread     RTX_CM3.lib(rt_cmsis.o)
    0x00001110   0x00001110   0x00000022   Code   RO          371    i.os_error          rtx_conf_cm.o
    0x00001132   0x00001132   0x00000002   PAD
    0x00001134   0x00001134   0x00000014   Code   RO          372    i.os_idle_demon     rtx_conf_cm.o
    0x00001148   0x00001148   0x00000028   Code   RO         1161    i.os_tick_init      RTX_CM3.lib(rt_system.o)
    0x00001170   0x00001170   0x0000008c   Code   RO          106    i.rd_id_man         glcd_spi_lpc1700.o
    0x000011fc   0x000011fc   0x00000048   Code   RO          107    i.rd_reg            glcd_spi_lpc1700.o
    0x00001244   0x00001244   0x0000001a   Code   RO         1528    i.rt_alloc_box      RTX_CM3.lib(rt_membox.o)
    0x0000125e   0x0000125e   0x0000003e   Code   RO         1556    i.rt_alloc_mem      RTX_CM3.lib(rt_memory.o)
    0x0000129c   0x0000129c   0x00000038   Code   RO         1076    i.rt_block          RTX_CM3.lib(rt_task.o)
    0x000012d4   0x000012d4   0x00000048   Code   RO         1628    i.rt_chk_robin      RTX_CM3.lib(rt_robin.o)
    0x0000131c   0x0000131c   0x00000070   Code   RO         1297    i.rt_dec_dly        RTX_CM3.lib(rt_list.o)
    0x0000138c   0x0000138c   0x00000044   Code   RO         1077    i.rt_dispatch       RTX_CM3.lib(rt_task.o)
    0x000013d0   0x000013d0   0x00000006   Code   RO         1463    i.rt_dly_wait       RTX_CM3.lib(rt_time.o)
    0x000013d6   0x000013d6   0x00000002   PAD
    0x000013d8   0x000013d8   0x00000050   Code   RO         1254    i.rt_evt_psh        RTX_CM3.lib(rt_event.o)
    0x00001428   0x00001428   0x0000002c   Code   RO         1529    i.rt_free_box       RTX_CM3.lib(rt_membox.o)
    0x00001454   0x00001454   0x00000028   Code   RO         1557    i.rt_free_mem       RTX_CM3.lib(rt_memory.o)
    0x0000147c   0x0000147c   0x00000028   Code   RO         1298    i.rt_get_first      RTX_CM3.lib(rt_list.o)
    0x000014a4   0x000014a4   0x00000008   Code   RO          504    i.rt_id2obj         RTX_CM3.lib(rt_cmsis.o)
    0x000014ac   0x000014ac   0x00000048   Code   RO         1078    i.rt_init_context   RTX_CM3.lib(rt_task.o)
    0x000014f4   0x000014f4   0x0000001a   Code   RO         1558    i.rt_init_mem       RTX_CM3.lib(rt_memory.o)
    0x0000150e   0x0000150e   0x00000002   PAD
    0x00001510   0x00001510   0x00000018   Code   RO         1629    i.rt_init_robin     RTX_CM3.lib(rt_robin.o)
    0x00001528   0x00001528   0x00000080   Code   RO         1583    i.rt_init_stack     RTX_CM3.lib(hal_cm.o)
    0x000015a8   0x000015a8   0x00000008   Code   RO         1375    i.rt_mbx_check      RTX_CM3.lib(rt_mailbox.o)
    0x000015b0   0x000015b0   0x0000001a   Code   RO         1376    i.rt_mbx_init       RTX_CM3.lib(rt_mailbox.o)
    0x000015ca   0x000015ca   0x00000002   PAD
    0x000015cc   0x000015cc   0x000000f0   Code   RO         1377    i.rt_mbx_psh        RTX_CM3.lib(rt_mailbox.o)
    0x000016bc   0x000016bc   0x000000b4   Code   RO         1379    i.rt_mbx_wait       RTX_CM3.lib(rt_mailbox.o)
    0x00001770   0x00001770   0x00000044   Code   RO          505    i.rt_ms2tick        RTX_CM3.lib(rt_cmsis.o)
    0x000017b4   0x000017b4   0x0000007c   Code   RO         1165    i.rt_pop_req        RTX_CM3.lib(rt_system.o)
    0x00001830   0x00001830   0x00000020   Code   RO         1166    i.rt_psh_req        RTX_CM3.lib(rt_system.o)
    0x00001850   0x00001850   0x0000005c   Code   RO         1300    i.rt_psq_enq        RTX_CM3.lib(rt_list.o)
    0x000018ac   0x000018ac   0x00000048   Code   RO         1301    i.rt_put_dly        RTX_CM3.lib(rt_list.o)
    0x000018f4   0x000018f4   0x00000036   Code   RO         1302    i.rt_put_prio       RTX_CM3.lib(rt_list.o)
    0x0000192a   0x0000192a   0x00000002   PAD
    0x0000192c   0x0000192c   0x00000014   Code   RO         1303    i.rt_put_rdy_first  RTX_CM3.lib(rt_list.o)
    0x00001940   0x00001940   0x00000034   Code   RO         1304    i.rt_resort_prio    RTX_CM3.lib(rt_list.o)
    0x00001974   0x00001974   0x00000006   Code   RO         1584    i.rt_ret_val        RTX_CM3.lib(hal_cm.o)
    0x0000197a   0x0000197a   0x00000008   Code   RO         1585    i.rt_ret_val2       RTX_CM3.lib(hal_cm.o)
    0x00001982   0x00001982   0x00000028   Code   RO         1305    i.rt_rmv_dly        RTX_CM3.lib(rt_list.o)
    0x000019aa   0x000019aa   0x00000002   PAD
    0x000019ac   0x000019ac   0x00000030   Code   RO         1306    i.rt_rmv_list       RTX_CM3.lib(rt_list.o)
    0x000019dc   0x000019dc   0x00000034   Code   RO         1424    i.rt_sem_psh        RTX_CM3.lib(rt_semaphore.o)
    0x00001a10   0x00001a10   0x00000024   Code   RO         1168    i.rt_stk_check      RTX_CM3.lib(rt_system.o)
    0x00001a34   0x00001a34   0x00000028   Code   RO         1079    i.rt_switch_req     RTX_CM3.lib(rt_task.o)
    0x00001a5c   0x00001a5c   0x000000cc   Code   RO         1080    i.rt_sys_init       RTX_CM3.lib(rt_task.o)
    0x00001b28   0x00001b28   0x00000078   Code   RO         1081    i.rt_sys_start      RTX_CM3.lib(rt_task.o)
    0x00001ba0   0x00001ba0   0x00000040   Code   RO         1170    i.rt_systick        RTX_CM3.lib(rt_system.o)
    0x00001be0   0x00001be0   0x00000012   Code   RO          506    i.rt_tid2ptcb       RTX_CM3.lib(rt_cmsis.o)
    0x00001bf2   0x00001bf2   0x00000002   PAD
    0x00001bf4   0x00001bf4   0x00000034   Code   RO          507    i.rt_timer_insert   RTX_CM3.lib(rt_cmsis.o)
    0x00001c28   0x00001c28   0x00000088   Code   RO         1082    i.rt_tsk_create     RTX_CM3.lib(rt_task.o)
    0x00001cb0   0x00001cb0   0x0000017c   Code   RO         1083    i.rt_tsk_delete     RTX_CM3.lib(rt_task.o)
    0x00001e2c   0x00001e2c   0x0000007c   Code   RO         1085    i.rt_tsk_prio       RTX_CM3.lib(rt_task.o)
    0x00001ea8   0x00001ea8   0x00000010   Code   RO         1086    i.rt_tsk_self       RTX_CM3.lib(rt_task.o)
    0x00001eb8   0x00001eb8   0x00000020   Code   RO          108    i.spi_tran          glcd_spi_lpc1700.o
    0x00001ed8   0x00001ed8   0x00000080   Code   RO          109    i.spi_tran_man      glcd_spi_lpc1700.o
    0x00001f58   0x00001f58   0x00000012   Code   RO          509    i.svcDelay          RTX_CM3.lib(rt_cmsis.o)
    0x00001f6a   0x00001f6a   0x00000002   PAD
    0x00001f6c   0x00001f6c   0x00000070   Code   RO          510    i.svcKernelInitialize  RTX_CM3.lib(rt_cmsis.o)
    0x00001fdc   0x00001fdc   0x00000048   Code   RO          512    i.svcKernelStart    RTX_CM3.lib(rt_cmsis.o)
    0x00002024   0x00002024   0x00000024   Code   RO          515    i.svcMessageCreate  RTX_CM3.lib(rt_cmsis.o)
    0x00002048   0x00002048   0x0000003a   Code   RO          516    i.svcMessageGet     RTX_CM3.lib(rt_cmsis.o)
    0x00002082   0x00002082   0x00000002   PAD
    0x00002084   0x00002084   0x0000006c   Code   RO          530    i.svcThreadCreate   RTX_CM3.lib(rt_cmsis.o)
    0x000020f0   0x000020f0   0x0000001c   Code   RO          531    i.svcThreadGetId    RTX_CM3.lib(rt_cmsis.o)
    0x0000210c   0x0000210c   0x00000038   Code   RO          534    i.svcThreadTerminate  RTX_CM3.lib(rt_cmsis.o)
    0x00002144   0x00002144   0x00000018   Code   RO          536    i.svcTimerCall      RTX_CM3.lib(rt_cmsis.o)
    0x0000215c   0x0000215c   0x0000005c   Code   RO          545    i.sysTimerTick      RTX_CM3.lib(rt_cmsis.o)
    0x000021b8   0x000021b8   0x00000028   Code   RO          110    i.wr_cmd            glcd_spi_lpc1700.o
    0x000021e0   0x000021e0   0x00000028   Code   RO          111    i.wr_dat            glcd_spi_lpc1700.o
    0x00002208   0x00002208   0x00000012   Code   RO          112    i.wr_dat_only       glcd_spi_lpc1700.o
    0x0000221a   0x0000221a   0x00000002   PAD
    0x0000221c   0x0000221c   0x00000014   Code   RO          113    i.wr_dat_start      glcd_spi_lpc1700.o
    0x00002230   0x00002230   0x0000000c   Code   RO          114    i.wr_dat_stop       glcd_spi_lpc1700.o
    0x0000223c   0x0000223c   0x00000014   Code   RO          115    i.wr_reg            glcd_spi_lpc1700.o
    0x00002250   0x00002250   0x00001880   Data   RO          116    .constdata          glcd_spi_lpc1700.o
    0x00003ad0   0x00003ad0   0x00000020   Data   RO          282    .constdata          led.o
    0x00003af0   0x00003af0   0x00000030   Data   RO          327    .constdata          thread.o
    0x00003b20   0x00003b20   0x00000068   Data   RO          374    .constdata          rtx_conf_cm.o
    0x00003b88   0x00003b88   0x00000030   Data   RO         1685    Region$$Table       anon$$obj.o


    Execution Region RW_IRAM1 (Exec base: 0x10000000, Load base: 0x00003bb8, Size: 0x000039e0, Max: 0x00008000, ABSOLUTE)

    Exec Addr    Load Addr    Size         Type   Attr      Idx    E Section Name        Object

    0x10000000        -       0x000039e0   Zero   RW          373    .bss                rtx_conf_cm.o


    Execution Region RW_IRAM2 (Exec base: 0x2007c000, Load base: 0x00003bb8, Size: 0x000020c0, Max: 0x00008000, ABSOLUTE)

    Exec Addr    Load Addr    Size         Type   Attr      Idx    E Section Name        Object

    0x2007c000   0x00003bb8   0x00000005   Data   RW          117    .data               glcd_spi_lpc1700.o
    0x2007c005   0x00003bbd   0x00000003   PAD
    0x2007c008   0x00003bc0   0x00000014   Data   RW          328    .data               thread.o
    0x2007c01c   0x00003bd4   0x00000014   Data   RW          375    .data               rtx_conf_cm.o
    0x2007c030   0x00003be8   0x00000008   Data   RW          548    .data               RTX_CM3.lib(rt_cmsis.o)
    0x2007c038   0x00003bf0   0x00000008   Data   RW         1088    .data               RTX_CM3.lib(rt_task.o)
    0x2007c040   0x00003bf8   0x00000008   Data   RW         1173    .data               RTX_CM3.lib(rt_system.o)
    0x2007c048   0x00003c00   0x00000004   Data   RW         1467    .data               RTX_CM3.lib(rt_time.o)
    0x2007c04c   0x00003c04   0x00000001   Data   RW         1586    .data               RTX_CM3.lib(hal_cm.o)
    0x2007c04d   0x00003c05   0x00000003   PAD
    0x2007c050   0x00003c08   0x00000008   Data   RW         1630    .data               RTX_CM3.lib(rt_robin.o)
    0x2007c058        -       0x00000034   Zero   RW         1087    .bss                RTX_CM3.lib(rt_task.o)
    0x2007c08c        -       0x00000030   Zero   RW         1307    .bss                RTX_CM3.lib(rt_list.o)
    0x2007c0bc   0x00003c10   0x00000004   PAD
    0x2007c0c0        -       0x00002000   Zero   RW          405    STACK               startup_lpc17xx.o


==============================================================================

Image component sizes


      Code (inc. data)   RO Data    RW Data    ZI Data      Debug   Object Name

      2592         94       6272          5          0      13185   glcd_spi_lpc1700.o
       144         24         32          0          0       1749   led.o
       144         48          0          0          0       9109   main.o
        78         12        104         20      14816       7698   rtx_conf_cm.o
        40         12        204          0       8192        996   startup_lpc17xx.o
       320         18          0          0          0        577   system_lpc17xx.o
       356         98         48         20          0       2961   thread.o

    ----------------------------------------------------------------------
      3682        306       6708         48      23008      36275   Object Totals
         0          0         48          0          0          0   (incl. Generated)
         8          0          0          3          0          0   (incl. Padding)

    ----------------------------------------------------------------------

      Code (inc. data)   RO Data    RW Data    ZI Data      Debug   Library Member Name

       238         24          0          1          0       3244   hal_cm.o
       304         36          0          0          0        756   hal_cm3.o
      1152        144          0          8          0      33322   rt_cmsis.o
        80          4          0          0          0        649   rt_event.o
       530         34          0          0         48       8157   rt_list.o
       554         10          0          0          0       3889   rt_mailbox.o
       140          0          0          0          0       1889   rt_membox.o
       128          0          0          0          0       2267   rt_memory.o
        96         22          0          8          0       1134   rt_robin.o
        52          4          0          0          0        565   rt_semaphore.o
       298         52          0          8          0       6139   rt_system.o
      1216        174          0          8         52       9537   rt_task.o
         6          0          0          4          0        636   rt_time.o
         4          4          0          0          0        196   svc_table.o
         0          0          0          0          0          0   entry.o
         0          0          0          0          0          0   entry10a.o
         0          0          0          0          0          0   entry11a.o
         8          4          0          0          0          0   entry2.o
         4          0          0          0          0          0   entry5.o
         0          0          0          0          0          0   entry7b.o
         0          0          0          0          0          0   entry8b.o
        30          0          0          0          0          0   handlers.o
        36          8          0          0          0         68   init.o

    ----------------------------------------------------------------------
      4898        520          0         40        104      72448   Library Totals
        22          0          0          3          4          0   (incl. Padding)

    ----------------------------------------------------------------------

      Code (inc. data)   RO Data    RW Data    ZI Data      Debug   Library Name

      4798        508          0         37        100      72380   RTX_CM3.lib
        78         12          0          0          0         68   mc_w.l

    ----------------------------------------------------------------------
      4898        520          0         40        104      72448   Library Totals

    ----------------------------------------------------------------------

==============================================================================


      Code (inc. data)   RO Data    RW Data    ZI Data      Debug   

      8580        826       6708         88      23112     103831   Grand Totals
      8580        826       6708         88      23112     103831   ELF Image Totals
      8580        826       6708         88          0          0   ROM Totals

==============================================================================

    Total RO  Size (Code + RO Data)                15288 (  14.93kB)
    Total RW  Size (RW Data + ZI Data)             23200 (  22.66kB)
    Total ROM Size (Code + RO Data + RW Data)      15376 (  15.02kB)

==============================================================================

