Component: ARM Compiler 5.06 update 7 (build 960) Tool: armlink [4d3601]

==============================================================================

Section Cross References

    main.o(i.AppThread) refers to strcpy.o(.text) for strcpy
    main.o(i.AppThread) refers to rt_cmsis.o(i.osThreadYield) for osThreadYield
    main.o(i.AppThread) refers to rt_cmsis.o(i.osSignalWait) for osSignalWait
    main.o(i.AppThread) refers to rt_cmsis.o(i.osDelay) for osDelay
    main.o(i.AppThread) refers to rt_cmsis.o(i.osThreadTerminate) for osThreadTerminate
    main.o(i.AppThread) refers to main.o(.bss) for var_logger
    main.o(i.AppThread) refers to main.o(.data) for app
    main.o(i.CPUThread) refers to dflti.o(.text) for __aeabi_i2d
    main.o(i.CPUThread) refers to pow.o(i.pow) for pow
    main.o(i.CPUThread) refers to dfixi.o(.text) for __aeabi_d2iz
    main.o(i.CPUThread) refers to rt_cmsis.o(i.osSignalSet) for osSignalSet
    main.o(i.CPUThread) refers to rt_cmsis.o(i.osThreadTerminate) for osThreadTerminate
    main.o(i.CPUThread) refers to main.o(.data) for cpu
    main.o(i.DeviceThread) refers to rt_cmsis.o(i.osSignalSet) for osSignalSet
    main.o(i.DeviceThread) refers to rt_cmsis.o(i.osDelay) for osDelay
    main.o(i.DeviceThread) refers to rt_cmsis.o(i.osThreadTerminate) for osThreadTerminate
    main.o(i.DeviceThread) refers to main.o(.bss) for var_logger
    main.o(i.DeviceThread) refers to main.o(.data) for tid_AppThread
    main.o(i.Init_Thread) refers to rt_cmsis.o(i.osThreadCreate) for osThreadCreate
    main.o(i.Init_Thread) refers to main.o(.constdata) for os_thread_def_MemoryThread
    main.o(i.Init_Thread) refers to main.o(.data) for tid_MemoryThread
    main.o(i.MemoryThread) refers to rt_cmsis.o(i.osThreadYield) for osThreadYield
    main.o(i.MemoryThread) refers to rt_cmsis.o(i.osSignalWait) for osSignalWait
    main.o(i.MemoryThread) refers to rt_cmsis.o(i.osDelay) for osDelay
    main.o(i.MemoryThread) refers to rt_cmsis.o(i.osThreadTerminate) for osThreadTerminate
    main.o(i.MemoryThread) refers to main.o(.data) for mem
    main.o(i.UIThread) refers to rt_cmsis.o(i.osDelay) for osDelay
    main.o(i.UIThread) refers to rt_cmsis.o(i.osThreadTerminate) for osThreadTerminate
    main.o(i.UIThread) refers to main.o(.data) for usr
    main.o(i.main) refers to rt_cmsis.o(i.osKernelInitialize) for osKernelInitialize
    main.o(i.main) refers to main.o(i.Init_Thread) for Init_Thread
    main.o(i.main) refers to rt_cmsis.o(i.osKernelStart) for osKernelStart
    main.o(i.main) refers to rt_cmsis.o(i.osDelay) for osDelay
    main.o(.constdata) refers to main.o(i.MemoryThread) for MemoryThread
    main.o(.constdata) refers to main.o(i.CPUThread) for CPUThread
    main.o(.constdata) refers to main.o(i.AppThread) for AppThread
    main.o(.constdata) refers to main.o(i.DeviceThread) for DeviceThread
    main.o(.constdata) refers to main.o(i.UIThread) for UIThread
    rtx_conf_cm.o(.ARM.Collect$$$$000000FF) refers to rt_cmsis.o(i.osKernelInitialize) for osKernelInitialize
    rtx_conf_cm.o(.ARM.Collect$$$$000000FF) refers to rt_cmsis.o(i.osThreadCreate) for osThreadCreate
    rtx_conf_cm.o(.ARM.Collect$$$$000000FF) refers to rt_cmsis.o(i.osKernelStart) for osKernelStart
    rtx_conf_cm.o(.ARM.Collect$$$$000000FF) refers to rtx_conf_cm.o(.constdata) for .constdata
    rtx_conf_cm.o(i.os_idle_demon) refers to rtx_conf_cm.o(.data) for idle_count
    rtx_conf_cm.o(.constdata) refers to rt_cmsis.o(i.osTimerThread) for osTimerThread
    rtx_conf_cm.o(.constdata) refers to rtx_conf_cm.o(.bss) for os_messageQ_q_osTimerMessageQ
    rtx_conf_cm.o(.constdata) refers to main.o(i.main) for main
    startup_lpc17xx.o(RESET) refers to startup_lpc17xx.o(STACK) for __initial_sp
    startup_lpc17xx.o(RESET) refers to startup_lpc17xx.o(.text) for Reset_Handler
    startup_lpc17xx.o(RESET) refers to hal_cm3.o(.emb_text) for SVC_Handler
    startup_lpc17xx.o(.text) refers to system_lpc17xx.o(i.SystemInit) for SystemInit
    startup_lpc17xx.o(.text) refers to entry.o(.ARM.Collect$$$$00000000) for __main
    system_lpc17xx.o(i.SystemCoreClockUpdate) refers to uldiv.o(.text) for __aeabi_uldivmod
    system_lpc17xx.o(i.SystemCoreClockUpdate) refers to system_lpc17xx.o(.data) for SystemCoreClock
    rt_cmsis.o(i.isrMessageGet) refers to rt_mailbox.o(i.isr_mbx_receive) for isr_mbx_receive
    rt_cmsis.o(i.isrMessagePut) refers to rt_mailbox.o(i.rt_mbx_check) for rt_mbx_check
    rt_cmsis.o(i.isrMessagePut) refers to rt_mailbox.o(i.isr_mbx_send) for isr_mbx_send
    rt_cmsis.o(i.isrSemaphoreRelease) refers to rt_cmsis.o(i.rt_id2obj) for rt_id2obj
    rt_cmsis.o(i.isrSemaphoreRelease) refers to rt_semaphore.o(i.isr_sem_send) for isr_sem_send
    rt_cmsis.o(i.isrSignalSet) refers to rt_cmsis.o(i.rt_tid2ptcb) for rt_tid2ptcb
    rt_cmsis.o(i.isrSignalSet) refers to rt_event.o(i.isr_evt_set) for isr_evt_set
[...]
    rt_mailbox.o(i.rt_mbx_wait) refers to rt_task.o(i.rt_block) for rt_block
    rt_mailbox.o(i.rt_mbx_wait) refers to rt_task.o(.data) for os_tsk
    rt_semaphore.o(i.isr_sem_send) refers to rt_list.o(i.rt_psq_enq) for rt_psq_enq
    rt_semaphore.o(i.isr_sem_send) refers to rt_system.o(i.rt_psh_req) for rt_psh_req
    rt_semaphore.o(i.rt_sem_delete) refers to rt_list.o(i.rt_get_first) for rt_get_first
    rt_semaphore.o(i.rt_sem_delete) refers to hal_cm.o(i.rt_ret_val) for rt_ret_val
    rt_semaphore.o(i.rt_sem_delete) refers to rt_list.o(i.rt_rmv_dly) for rt_rmv_dly
    rt_semaphore.o(i.rt_sem_delete) refers to rt_list.o(i.rt_put_prio) for rt_put_prio
    rt_semaphore.o(i.rt_sem_delete) refers to rt_task.o(i.rt_dispatch) for rt_dispatch
    rt_semaphore.o(i.rt_sem_delete) refers to rt_list.o(.bss) for os_rdy
    rt_semaphore.o(i.rt_sem_delete) refers to rt_task.o(.data) for os_tsk
    rt_semaphore.o(i.rt_sem_psh) refers to rt_list.o(i.rt_get_first) for rt_get_first
    rt_semaphore.o(i.rt_sem_psh) refers to rt_list.o(i.rt_rmv_dly) for rt_rmv_dly
    rt_semaphore.o(i.rt_sem_psh) refers to hal_cm.o(i.rt_ret_val) for rt_ret_val
    rt_semaphore.o(i.rt_sem_psh) refers to rt_list.o(i.rt_put_prio) for rt_put_prio
    rt_semaphore.o(i.rt_sem_psh) refers to rt_list.o(.bss) for os_rdy
    rt_semaphore.o(i.rt_sem_send) refers to rt_list.o(i.rt_get_first) for rt_get_first
    rt_semaphore.o(i.rt_sem_send) refers to hal_cm.o(i.rt_ret_val) for rt_ret_val
    rt_semaphore.o(i.rt_sem_send) refers to rt_list.o(i.rt_rmv_dly) for rt_rmv_dly
    rt_semaphore.o(i.rt_sem_send) refers to rt_task.o(i.rt_dispatch) for rt_dispatch
    rt_semaphore.o(i.rt_sem_wait) refers to rt_list.o(i.rt_put_prio) for rt_put_prio
    rt_semaphore.o(i.rt_sem_wait) refers to rt_task.o(i.rt_block) for rt_block
    rt_semaphore.o(i.rt_sem_wait) refers to rt_task.o(.data) for os_tsk
    rt_time.o(i.rt_dly_wait) refers to rt_task.o(i.rt_block) for rt_block
    rt_time.o(i.rt_itv_set) refers to rt_task.o(.data) for os_tsk
    rt_time.o(i.rt_itv_set) refers to rt_time.o(.data) for .data
    rt_time.o(i.rt_itv_wait) refers to rt_task.o(i.rt_block) for rt_block
    rt_time.o(i.rt_itv_wait) refers to rt_task.o(.data) for os_tsk
    rt_time.o(i.rt_itv_wait) refers to rt_time.o(.data) for .data
    rt_time.o(i.rt_time_get) refers to rt_time.o(.data) for .data
    rt_mutex.o(i.rt_mut_delete) refers to rt_list.o(i.rt_resort_prio) for rt_resort_prio
    rt_mutex.o(i.rt_mut_delete) refers to rt_list.o(i.rt_get_first) for rt_get_first
    rt_mutex.o(i.rt_mut_delete) refers to hal_cm.o(i.rt_ret_val) for rt_ret_val
    rt_mutex.o(i.rt_mut_delete) refers to rt_list.o(i.rt_rmv_dly) for rt_rmv_dly
    rt_mutex.o(i.rt_mut_delete) refers to rt_list.o(i.rt_put_prio) for rt_put_prio
    rt_mutex.o(i.rt_mut_delete) refers to rt_task.o(i.rt_dispatch) for rt_dispatch
    rt_mutex.o(i.rt_mut_delete) refers to rt_task.o(.data) for os_tsk
    rt_mutex.o(i.rt_mut_delete) refers to rt_list.o(.bss) for os_rdy
    rt_mutex.o(i.rt_mut_release) refers to rt_list.o(i.rt_get_first) for rt_get_first
    rt_mutex.o(i.rt_mut_release) refers to hal_cm.o(i.rt_ret_val) for rt_ret_val
    rt_mutex.o(i.rt_mut_release) refers to rt_list.o(i.rt_rmv_dly) for rt_rmv_dly
    rt_mutex.o(i.rt_mut_release) refers to rt_list.o(i.rt_put_prio) for rt_put_prio
    rt_mutex.o(i.rt_mut_release) refers to rt_task.o(i.rt_dispatch) for rt_dispatch
    rt_mutex.o(i.rt_mut_release) refers to rt_task.o(.data) for os_tsk
    rt_mutex.o(i.rt_mut_release) refers to rt_list.o(.bss) for os_rdy
    rt_mutex.o(i.rt_mut_wait) refers to rt_list.o(i.rt_resort_prio) for rt_resort_prio
    rt_mutex.o(i.rt_mut_wait) refers to rt_list.o(i.rt_put_prio) for rt_put_prio
    rt_mutex.o(i.rt_mut_wait) refers to rt_task.o(i.rt_block) for rt_block
    rt_mutex.o(i.rt_mut_wait) refers to rt_task.o(.data) for os_tsk
    rt_membox.o(i._calloc_box) refers to hal_cm3.o(.emb_text) for _alloc_box
    hal_cm.o(i.dbg_init) refers to hal_cm.o(.data) for .data
    hal_cm.o(i.rt_init_stack) refers to rtx_conf_cm.o(.constdata) for os_stackinfo
    rt_robin.o(i.rt_chk_robin) refers to rt_list.o(i.rt_get_first) for rt_get_first
    rt_robin.o(i.rt_chk_robin) refers to rt_list.o(i.rt_put_prio) for rt_put_prio
    rt_robin.o(i.rt_chk_robin) refers to rt_robin.o(.data) for .data
    rt_robin.o(i.rt_chk_robin) refers to rt_list.o(.bss) for os_rdy
    rt_robin.o(i.rt_chk_robin) refers to rt_time.o(.data) for os_time
    rt_robin.o(i.rt_init_robin) refers to rt_robin.o(.data) for .data
    rt_robin.o(i.rt_init_robin) refers to rtx_conf_cm.o(.constdata) for os_rrobin
    hal_cm3.o(.emb_text) refers to rtx_conf_cm.o(.constdata) for os_flags
    hal_cm3.o(.emb_text) refers to rt_membox.o(i.rt_alloc_box) for rt_alloc_box
    hal_cm3.o(.emb_text) refers to rt_membox.o(i.rt_free_box) for rt_free_box
    hal_cm3.o(.emb_text) refers to rt_system.o(i.rt_stk_check) for rt_stk_check
    hal_cm3.o(.emb_text) refers to rt_task.o(.data) for os_tsk
    hal_cm3.o(.emb_text) refers to svc_table.o(SVC_TABLE) for SVC_Count
    hal_cm3.o(.emb_text) refers to rt_system.o(i.rt_pop_req) for rt_pop_req
    hal_cm3.o(.emb_text) refers to rt_system.o(i.rt_systick) for rt_systick
    hal_cm3.o(.emb_text) refers to rt_system.o(i.os_tick_irqack) for os_tick_irqack
    pow.o(i.__softfp_pow) refers (Special) to iusefp.o(.text) for __I$use$fp
    pow.o(i.__softfp_pow) refers to pow.o(i.pow) for pow
    pow.o(i.pow) refers (Special) to iusefp.o(.text) for __I$use$fp
    pow.o(i.pow) refers to dunder.o(i.__mathlib_dbl_infnan2) for __mathlib_dbl_infnan2
    pow.o(i.pow) refers to errno.o(i.__set_errno) for __set_errno
    pow.o(i.pow) refers to dunder.o(i.__mathlib_dbl_divzero) for __mathlib_dbl_divzero
    pow.o(i.pow) refers to ddiv.o(.text) for __aeabi_ddiv
    pow.o(i.pow) refers to sqrt.o(i.sqrt) for sqrt
    pow.o(i.pow) refers to dmul.o(.text) for __aeabi_dmul
    pow.o(i.pow) refers to dflti.o(.text) for __aeabi_i2d
    pow.o(i.pow) refers to dunder.o(i.__mathlib_dbl_invalid) for __mathlib_dbl_invalid
    pow.o(i.pow) refers to dunder.o(i.__mathlib_dbl_overflow) for __mathlib_dbl_overflow
    pow.o(i.pow) refers to dunder.o(i.__mathlib_dbl_underflow) for __mathlib_dbl_underflow
    pow.o(i.pow) refers to dadd.o(.text) for __aeabi_dsub
    pow.o(i.pow) refers to dscalb.o(.text) for __ARM_scalbn
    pow.o(i.pow) refers to qnan.o(.constdata) for __mathlib_zero
    pow.o(i.pow) refers to poly.o(i.__kernel_poly) for __kernel_poly
    pow.o(i.pow) refers to cdrcmple.o(.text) for __aeabi_cdrcmple
    pow.o(i.pow) refers to pow.o(.constdata) for .constdata
    pow.o(i.pow) refers to fpclassify.o(i.__ARM_fpclassify) for __ARM_fpclassify
    pow.o(.constdata) refers (Special) to iusefp.o(.text) for __I$use$fp
    pow_x.o(i.____softfp_pow$lsc) refers (Special) to iusefp.o(.text) for __I$use$fp
    pow_x.o(i.____softfp_pow$lsc) refers to pow_x.o(i.__pow$lsc) for __pow$lsc
    pow_x.o(i.__pow$lsc) refers (Special) to iusefp.o(.text) for __I$use$fp
    pow_x.o(i.__pow$lsc) refers to dunder.o(i.__mathlib_dbl_infnan2) for __mathlib_dbl_infnan2
    pow_x.o(i.__pow$lsc) refers to errno.o(i.__set_errno) for __set_errno
    pow_x.o(i.__pow$lsc) refers to ddiv.o(.text) for __aeabi_ddiv
    pow_x.o(i.__pow$lsc) refers to sqrt.o(i.sqrt) for sqrt
    pow_x.o(i.__pow$lsc) refers to dmul.o(.text) for __aeabi_dmul
    pow_x.o(i.__pow$lsc) refers to dflti.o(.text) for __aeabi_i2d
    pow_x.o(i.__pow$lsc) refers to dadd.o(.text) for __aeabi_dsub
    pow_x.o(i.__pow$lsc) refers to dscalb.o(.text) for __ARM_scalbn
    pow_x.o(i.__pow$lsc) refers to qnan.o(.constdata) for __mathlib_zero
    pow_x.o(i.__pow$lsc) refers to poly.o(i.__kernel_poly) for __kernel_poly
    pow_x.o(i.__pow$lsc) refers to cdrcmple.o(.text) for __aeabi_cdrcmple
    pow_x.o(i.__pow$lsc) refers to pow_x.o(.constdata) for .constdata
    pow_x.o(.constdata) refers (Special) to iusefp.o(.text) for __I$use$fp
    entry.o(.ARM.Collect$$$$00000000) refers (Special) to entry10a.o(.ARM.Collect$$$$0000000F) for __rt_final_cpp
    entry.o(.ARM.Collect$$$$00000000) refers (Special) to entry11a.o(.ARM.Collect$$$$00000011) for __rt_final_exit
    entry.o(.ARM.Collect$$$$00000000) refers (Special) to entry12b.o(.ARM.Collect$$$$0000000E) for __rt_lib_shutdown_fini
    entry.o(.ARM.Collect$$$$00000000) refers (Special) to entry7b.o(.ARM.Collect$$$$00000008) for _main_clock
    entry.o(.ARM.Collect$$$$00000000) refers (Special) to entry8b.o(.ARM.Collect$$$$0000000A) for _main_cpp_init
    entry.o(.ARM.Collect$$$$00000000) refers (Special) to rtx_conf_cm.o(.ARM.Collect$$$$000000FF) for _main_init
    entry.o(.ARM.Collect$$$$00000000) refers (Special) to entry5.o(.ARM.Collect$$$$00000004) for _main_scatterload
    entry.o(.ARM.Collect$$$$00000000) refers (Special) to entry2.o(.ARM.Collect$$$$00000001) for _main_stk
    uldiv.o(.text) refers to llushr.o(.text) for __aeabi_llsr
    uldiv.o(.text) refers to llshl.o(.text) for __aeabi_llsl
    dflti.o(.text) refers (Special) to iusefp.o(.text) for __I$use$fp
    dflti.o(.text) refers to depilogue.o(.text) for _double_epilogue
    dfixi.o(.text) refers (Special) to iusefp.o(.text) for __I$use$fp
    dfixi.o(.text) refers to llushr.o(.text) for __aeabi_llsr
    dunder.o(i.__mathlib_dbl_divzero) refers to ddiv.o(.text) for __aeabi_ddiv
    dunder.o(i.__mathlib_dbl_infnan) refers to dscalb.o(.text) for __ARM_scalbn
    dunder.o(i.__mathlib_dbl_infnan2) refers to dadd.o(.text) for __aeabi_dadd
    dunder.o(i.__mathlib_dbl_invalid) refers to ddiv.o(.text) for __aeabi_ddiv
    dunder.o(i.__mathlib_dbl_overflow) refers to dscalb.o(.text) for __ARM_scalbn
    dunder.o(i.__mathlib_dbl_posinfnan) refers to dmul.o(.text) for __aeabi_dmul
    dunder.o(i.__mathlib_dbl_underflow) refers to dscalb.o(.text) for __ARM_scalbn
    fpclassify.o(i.__ARM_fpclassify) refers (Special) to iusefp.o(.text) for __I$use$fp
    poly.o(i.__kernel_poly) refers (Special) to iusefp.o(.text) for __I$use$fp
    poly.o(i.__kernel_poly) refers to dmul.o(.text) for __aeabi_dmul
    poly.o(i.__kernel_poly) refers to dadd.o(.text) for __aeabi_dadd
    qnan.o(.constdata) refers (Special) to iusefp.o(.text) for __I$use$fp
    sqrt.o(i.__softfp_sqrt) refers (Special) to iusefp.o(.text) for __I$use$fp
    sqrt.o(i.__softfp_sqrt) refers to dsqrt.o(.text) for _dsqrt
    sqrt.o(i.__softfp_sqrt) refers to errno.o(i.__set_errno) for __set_errno
    sqrt.o(i.sqrt) refers (Special) to iusefp.o(.text) for __I$use$fp
    sqrt.o(i.sqrt) refers to dsqrt.o(.text) for _dsqrt
    sqrt.o(i.sqrt) refers to errno.o(i.__set_errno) for __set_errno
    sqrt_x.o(i.____softfp_sqrt$lsc) refers (Special) to iusefp.o(.text) for __I$use$fp
    sqrt_x.o(i.____softfp_sqrt$lsc) refers to cdcmple.o(.text) for __aeabi_cdcmple
    sqrt_x.o(i.____softfp_sqrt$lsc) refers to errno.o(i.__set_errno) for __set_errno
    sqrt_x.o(i.____softfp_sqrt$lsc) refers to dsqrt.o(.text) for _dsqrt
    sqrt_x.o(i.__sqrt$lsc) refers (Special) to iusefp.o(.text) for __I$use$fp
    sqrt_x.o(i.__sqrt$lsc) refers to cdcmple.o(.text) for __aeabi_cdcmple
    sqrt_x.o(i.__sqrt$lsc) refers to errno.o(i.__set_errno) for __set_errno
    sqrt_x.o(i.__sqrt$lsc) refers to dsqrt.o(.text) for _dsqrt
    entry2.o(.ARM.Collect$$$$00000001) refers to entry2.o(.ARM.Collect$$$$00002712) for __lit__00000000
    entry2.o(.ARM.Collect$$$$00002712) refers to startup_lpc17xx.o(STACK) for __initial_sp
    entry2.o(__vectab_stack_and_reset_area) refers to startup_lpc17xx.o(STACK) for __initial_sp
    entry2.o(__vectab_stack_and_reset_area) refers to entry.o(.ARM.Collect$$$$00000000) for __main
    entry5.o(.ARM.Collect$$$$00000004) refers to init.o(.text) for __scatterload
    errno.o(i.__aeabi_errno_addr) refers to errno.o(.data) for .data
    errno.o(i.__read_errno) refers to errno.o(.data) for .data
    errno.o(i.__set_errno) refers to errno.o(.data) for .data
    depilogue.o(.text) refers to llshl.o(.text) for __aeabi_llsl
    depilogue.o(.text) refers to llushr.o(.text) for __aeabi_llsr
    dadd.o(.text) refers to llshl.o(.text) for __aeabi_llsl
    dadd.o(.text) refers to llsshr.o(.text) for __aeabi_lasr
    dadd.o(.text) refers to depilogue.o(.text) for _double_epilogue
    dmul.o(.text) refers to depilogue.o(.text) for _double_epilogue
    ddiv.o(.text) refers to depilogue.o(.text) for _double_round
    init.o(.text) refers to entry5.o(.ARM.Collect$$$$00000004) for __main_after_scatterload
    dsqrt.o(.text) refers to llushr.o(.text) for __aeabi_llsr
    dsqrt.o(.text) refers to depilogue.o(.text) for _double_round


==============================================================================

Removing Unused input sections from the image.

    Removing main.o(.rev16_text), (4 bytes).
    Removing main.o(.revsh_text), (4 bytes).
    Removing main.o(.rrx_text), (6 bytes).
    Removing startup_lpc17xx.o(HEAP), (0 bytes).
    Removing system_lpc17xx.o(.rev16_text), (4 bytes).
    Removing system_lpc17xx.o(.revsh_text), (4 bytes).
    Removing system_lpc17xx.o(.rrx_text), (6 bytes).
    Removing system_lpc17xx.o(i.SystemCoreClockUpdate), (424 bytes).
    Removing system_lpc17xx.o(.data), (4 bytes).
    Removing rt_cmsis.o(.rev16_text), (4 bytes).
    Removing rt_cmsis.o(.revsh_text), (4 bytes).
    Removing rt_cmsis.o(.rrx_text), (6 bytes).
    Removing rt_cmsis.o(i.isrSemaphoreRelease), (40 bytes).
    Removing rt_cmsis.o(i.osKernelRunning), (36 bytes).
    Removing rt_cmsis.o(i.osKernelSysTick), (24 bytes).
    Removing rt_cmsis.o(i.osMailAlloc), (28 bytes).
    Removing rt_cmsis.o(i.osMailCAlloc), (48 bytes).
    Removing rt_cmsis.o(i.osMailCreate), (44 bytes).
    Removing rt_cmsis.o(i.osMailFree), (28 bytes).
    Removing rt_cmsis.o(i.osMailGet), (22 bytes).
    Removing rt_cmsis.o(i.osMailPut), (20 bytes).
    Removing rt_cmsis.o(i.osMessageCreate), (44 bytes).
    Removing rt_cmsis.o(i.osMessagePut), (24 bytes).
    Removing rt_cmsis.o(i.osMutexCreate), (44 bytes).
    Removing rt_cmsis.o(i.osMutexDelete), (24 bytes).
    Removing rt_cmsis.o(i.osMutexRelease), (24 bytes).
    Removing rt_cmsis.o(i.osMutexWait), (24 bytes).
    Removing rt_cmsis.o(i.osPoolAlloc), (32 bytes).
    Removing rt_cmsis.o(i.osPoolCAlloc), (52 bytes).
    Removing rt_cmsis.o(i.osPoolCreate), (44 bytes).
    Removing rt_cmsis.o(i.osPoolFree), (32 bytes).
    Removing rt_cmsis.o(i.osSemaphoreCreate), (44 bytes).
    Removing rt_cmsis.o(i.osSemaphoreDelete), (24 bytes).
    Removing rt_cmsis.o(i.osSemaphoreRelease), (24 bytes).
    Removing rt_cmsis.o(i.osSemaphoreWait), (24 bytes).
    Removing rt_cmsis.o(i.osSignalClear), (24 bytes).
    Removing rt_cmsis.o(i.osThreadGetId), (24 bytes).
    Removing rt_cmsis.o(i.osThreadGetPriority), (24 bytes).
    Removing rt_cmsis.o(i.osThreadSetPriority), (24 bytes).
    Removing rt_cmsis.o(i.osTimerCreate), (44 bytes).
    Removing rt_cmsis.o(i.osTimerDelete), (24 bytes).
    Removing rt_cmsis.o(i.osTimerStart), (24 bytes).
    Removing rt_cmsis.o(i.osTimerStop), (24 bytes).
    Removing rt_cmsis.o(i.osWait), (4 bytes).
    Removing rt_cmsis.o(i.os_resume), (12 bytes).
    Removing rt_cmsis.o(i.os_suspend), (12 bytes).
    Removing rt_cmsis.o(i.rt_clr_box), (24 bytes).
    Removing rt_cmsis.o(i.rt_timer_remove), (60 bytes).
    Removing rt_cmsis.o(i.svcKernelRunning), (12 bytes).
    Removing rt_cmsis.o(i.svcKernelSysTick), (56 bytes).
    Removing rt_cmsis.o(i.svcMailCreate), (66 bytes).
    Removing rt_cmsis.o(i.svcMessagePut), (54 bytes).
    Removing rt_cmsis.o(i.svcMutexCreate), (28 bytes).
    Removing rt_cmsis.o(i.svcMutexDelete), (26 bytes).
    Removing rt_cmsis.o(i.svcMutexRelease), (34 bytes).
    Removing rt_cmsis.o(i.svcMutexWait), (58 bytes).
    Removing rt_cmsis.o(i.svcPoolCreate), (40 bytes).
    Removing rt_cmsis.o(i.svcSemaphoreCreate), (36 bytes).
    Removing rt_cmsis.o(i.svcSemaphoreDelete), (26 bytes).
    Removing rt_cmsis.o(i.svcSemaphoreRelease), (40 bytes).
    Removing rt_cmsis.o(i.svcSemaphoreWait), (50 bytes).
    Removing rt_cmsis.o(i.svcSignalClear), (36 bytes).
    Removing rt_cmsis.o(i.svcThreadGetPriority), (18 bytes).
    Removing rt_cmsis.o(i.svcThreadSetPriority), (46 bytes).
    Removing rt_cmsis.o(i.svcTimerCreate), (56 bytes).
    Removing rt_cmsis.o(i.svcTimerDelete), (40 bytes).
    Removing rt_cmsis.o(i.svcTimerStart), (100 bytes).
    Removing rt_cmsis.o(i.svcTimerStop), (36 bytes).
    Removing rt_cmsis.o(i.sysMailAlloc), (88 bytes).
    Removing rt_cmsis.o(i.sysMailFree), (96 bytes).
    Removing rt_cmsis.o(i.sysPoolAlloc), (10 bytes).
    Removing rt_cmsis.o(i.sysPoolFree), (20 bytes).
    Removing rt_cmsis.o(i.sysUserTimerUpdate), (48 bytes).
    Removing rt_cmsis.o(i.sysUserTimerWakeupTime), (20 bytes).
    Removing rt_system.o(.emb_text), (0 bytes).
    Removing rt_system.o(i.os_tick_ovf), (16 bytes).
    Removing rt_system.o(i.os_tick_val), (20 bytes).
    Removing rt_system.o(i.rt_resume), (136 bytes).
    Removing rt_system.o(i.rt_suspend), (36 bytes).
    Removing rt_system.o(i.rt_tsk_lock), (80 bytes).
    Removing rt_system.o(i.rt_tsk_unlock), (80 bytes).
    Removing rt_event.o(i.rt_evt_clr), (28 bytes).
    Removing rt_event.o(i.rt_evt_get), (12 bytes).
    Removing rt_mailbox.o(i.rt_mbx_send), (152 bytes).
    Removing rt_semaphore.o(i.isr_sem_send), (16 bytes).
    Removing rt_semaphore.o(i.rt_sem_delete), (92 bytes).
    Removing rt_semaphore.o(i.rt_sem_init), (12 bytes).
    Removing rt_semaphore.o(i.rt_sem_send), (42 bytes).
    Removing rt_semaphore.o(i.rt_sem_wait), (64 bytes).
    Removing rt_time.o(i.rt_itv_set), (24 bytes).
    Removing rt_time.o(i.rt_itv_wait), (40 bytes).
    Removing rt_time.o(i.rt_time_get), (12 bytes).
    Removing rt_mutex.o(i.rt_mut_delete), (176 bytes).
    Removing rt_mutex.o(i.rt_mut_init), (16 bytes).
    Removing rt_mutex.o(i.rt_mut_release), (216 bytes).
    Removing rt_mutex.o(i.rt_mut_wait), (120 bytes).
    Removing rt_membox.o(i._calloc_box), (30 bytes).
    Removing rt_robin.o(i.rt_chk_robin), (72 bytes).
    Removing rt_robin.o(i.rt_init_robin), (24 bytes).
    Removing rt_robin.o(.data), (8 bytes).
    Removing cdcmple.o(.text), (48 bytes).

101 unused section(s) (total 4256 bytes) removed from the image.

==============================================================================

Image Symbol Table

    Local Symbols

    Symbol Name                              Value     Ov Type        Size  Object(Section)

    RESET                                    0x00000000   Section      204  startup_lpc17xx.o(RESET)
    ../clib/microlib/division.c              0x00000000   Number         0  uldiv.o ABSOLUTE
    ../clib/microlib/errno.c                 0x00000000   Number         0  errno.o ABSOLUTE
    ../clib/microlib/init/entry.s            0x00000000   Number         0  entry12a.o ABSOLUTE
    ../clib/microlib/init/entry.s            0x00000000   Number         0  entry12b.o ABSOLUTE
    ../clib/microlib/init/entry.s            0x00000000   Number         0  entry2.o ABSOLUTE
    ../clib/microlib/init/entry.s            0x00000000   Number         0  entry5.o ABSOLUTE
    ../clib/microlib/init/entry.s            0x00000000   Number         0  entry.o ABSOLUTE
    ../clib/microlib/init/entry.s            0x00000000   Number         0  entry7a.o ABSOLUTE
    ../clib/microlib/init/entry.s            0x00000000   Number         0  entry7b.o ABSOLUTE
    ../clib/microlib/init/entry.s            0x00000000   Number         0  entry8a.o ABSOLUTE
    ../clib/microlib/init/entry.s            0x00000000   Number         0  entry8b.o ABSOLUTE
    ../clib/microlib/init/entry.s            0x00000000   Number         0  entry10a.o ABSOLUTE
    ../clib/microlib/init/entry.s            0x00000000   Number         0  entry11a.o ABSOLUTE
    ../clib/microlib/init/entry.s            0x00000000   Number         0  entry11b.o ABSOLUTE
    ../clib/microlib/init/entry.s            0x00000000   Number         0  entry10b.o ABSOLUTE
    ../clib/microlib/longlong.c              0x00000000   Number         0  llushr.o ABSOLUTE
    ../clib/microlib/longlong.c              0x00000000   Number         0  llshl.o ABSOLUTE
    ../clib/microlib/longlong.c              0x00000000   Number         0  llsshr.o ABSOLUTE
    ../clib/microlib/string/strcpy.c         0x00000000   Number         0  strcpy.o ABSOLUTE
    ../clib/microlib/stubs.s                 0x00000000   Number         0  iusefp.o ABSOLUTE
    ../fplib/microlib/fpadd.c                0x00000000   Number         0  dadd.o ABSOLUTE
    ../fplib/microlib/fpdiv.c                0x00000000   Number         0  ddiv.o ABSOLUTE
    ../fplib/microlib/fpepilogue.c           0x00000000   Number         0  depilogue.o ABSOLUTE
    ../fplib/microlib/fpfix.c                0x00000000   Number         0  dfixi.o ABSOLUTE
    ../fplib/microlib/fpflt.c                0x00000000   Number         0  dflti.o ABSOLUTE
    ../fplib/microlib/fpmul.c                0x00000000   Number         0  dmul.o ABSOLUTE
    ../fplib/microlib/fpscalb.c              0x00000000   Number         0  dscalb.o ABSOLUTE
    ../fplib/microlib/fpsqrt.c               0x00000000   Number         0  dsqrt.o ABSOLUTE
    ../mathlib/dunder.c                      0x00000000   Number         0  dunder.o ABSOLUTE
    ../mathlib/fpclassify.c                  0x00000000   Number         0  fpclassify.o ABSOLUTE
    ../mathlib/poly.c                        0x00000000   Number         0  poly.o ABSOLUTE
    ../mathlib/pow.c                         0x00000000   Number         0  pow_x.o ABSOLUTE
    ../mathlib/pow.c                         0x00000000   Number         0  pow.o ABSOLUTE
    ../mathlib/qnan.c                        0x00000000   Number         0  qnan.o ABSOLUTE
    ../mathlib/sqrt.c                        0x00000000   Number         0  sqrt_x.o ABSOLUTE
    ../mathlib/sqrt.c                        0x00000000   Number         0  sqrt.o ABSOLUTE
    ..\HAL_CM.c                              0x00000000   Number         0  hal_cm.o ABSOLUTE
    ..\\rt_CMSIS.c                           0x00000000   Number         0  rt_cmsis.o ABSOLUTE
    ..\\rt_System.c                          0x00000000   Number         0  rt_system.o ABSOLUTE
    ..\rt_CMSIS.c                            0x00000000   Number         0  rt_cmsis.o ABSOLUTE
    ..\rt_Event.c                            0x00000000   Number         0  rt_event.o ABSOLUTE
    ..\rt_List.c                             0x00000000   Number         0  rt_list.o ABSOLUTE
    ..\rt_Mailbox.c                          0x00000000   Number         0  rt_mailbox.o ABSOLUTE
    ..\rt_MemBox.c                           0x00000000   Number         0  rt_membox.o ABSOLUTE
    ..\rt_Memory.c                           0x00000000   Number         0  rt_memory.o ABSOLUTE
    ..\rt_Mutex.c                            0x00000000   Number         0  rt_mutex.o ABSOLUTE
    ..\rt_Robin.c                            0x00000000   Number         0  rt_robin.o ABSOLUTE
    ..\rt_Semaphore.c                        0x00000000   Number         0  rt_semaphore.o ABSOLUTE
    ..\rt_System.c                           0x00000000   Number         0  rt_system.o ABSOLUTE
    ..\rt_Task.c                             0x00000000   Number         0  rt_task.o ABSOLUTE
    ..\rt_Time.c                             0x00000000   Number         0  rt_time.o ABSOLUTE
    HAL_CM3.c                                0x00000000   Number         0  hal_cm3.o ABSOLUTE
    HAL_CM3.c                                0x00000000   Number         0  hal_cm3.o ABSOLUTE
    RTE\CMSIS\RTX_Conf_CM.c                  0x00000000   Number         0  rtx_conf_cm.o ABSOLUTE
    RTE\Device\LPC1768\startup_LPC17xx.s     0x00000000   Number         0  startup_lpc17xx.o ABSOLUTE
    RTE\Device\LPC1768\system_LPC17xx.c      0x00000000   Number         0  system_lpc17xx.o ABSOLUTE
    RTE\\Device\\LPC1768\\system_LPC17xx.c   0x00000000   Number         0  system_lpc17xx.o ABSOLUTE
    SVC_Table.s                              0x00000000   Number         0  svc_table.o ABSOLUTE
    cdcmple.s                                0x00000000   Number         0  cdcmple.o ABSOLUTE
    cdrcmple.s                               0x00000000   Number         0  cdrcmple.o ABSOLUTE
    dc.s                                     0x00000000   Number         0  dc.o ABSOLUTE
    handlers.s                               0x00000000   Number         0  handlers.o ABSOLUTE
    init.s                                   0x00000000   Number         0  init.o ABSOLUTE
    main.c                                   0x00000000   Number         0  main.o ABSOLUTE
    main.c                                   0x00000000   Number         0  main.o ABSOLUTE
    .ARM.Collect$$$$00000000                 0x000000cc   Section        0  entry.o(.ARM.Collect$$$$00000000)
    .ARM.Collect$$$$00000001                 0x000000cc   Section        4  entry2.o(.ARM.Collect$$$$00000001)
    .ARM.Collect$$$$00000004                 0x000000d0   Section        4  entry5.o(.ARM.Collect$$$$00000004)
    .ARM.Collect$$$$00000008                 0x000000d4   Section        0  entry7b.o(.ARM.Collect$$$$00000008)
    .ARM.Collect$$$$0000000A                 0x000000d4   Section        0  entry8b.o(.ARM.Collect$$$$0000000A)
    .ARM.Collect$$$$0000000E                 0x000000d4   Section        4  entry12b.o(.ARM.Collect$$$$0000000E)
    .ARM.Collect$$$$0000000F                 0x000000d8   Section        0  entry10a.o(.ARM.Collect$$$$0000000F)
    .ARM.Collect$$$$00000011                 0x000000d8   Section        0  entry11a.o(.ARM.Collect$$$$00000011)
    .ARM.Collect$$$$000000FF                 0x000000d8   Section        0  rtx_conf_cm.o(.ARM.Collect$$$$000000FF)
    .ARM.Collect$$$$00002712                 0x000000f0   Section        4  entry2.o(.ARM.Collect$$$$00002712)
    __lit__00000000                          0x000000f0   Data           4  entry2.o(.ARM.Collect$$$$00002712)
    .emb_text                                0x000000f4   Section      304  hal_cm3.o(.emb_text)
    .text                                    0x00000224   Section       36  startup_lpc17xx.o(.text)
    .text                                    0x00000248   Section        0  strcpy.o(.text)
    .text                                    0x0000025a   Section        0  dflti.o(.text)
    .text                                    0x0000027c   Section        0  dfixi.o(.text)
    .text                                    0x000002ba   Section        0  llshl.o(.text)
    .text                                    0x000002d8   Section        0  llushr.o(.text)
    .text                                    0x000002f8   Section        0  iusefp.o(.text)
    SVC_TABLE                                0x000002f8   Section        4  svc_table.o(SVC_TABLE)
    .ARM.__at_0x02FC                         0x000002fc   Section        4  startup_lpc17xx.o(.ARM.__at_0x02FC)
    .text                                    0x00000300   Section        0  depilogue.o(.text)
    .text                                    0x000003ba   Section        0  dadd.o(.text)
    .text                                    0x00000508   Section        0  dmul.o(.text)
    .text                                    0x000005ec   Section        0  ddiv.o(.text)
    .text                                    0x000006ca   Section        0  dscalb.o(.text)
    .text                                    0x000006f8   Section       48  cdrcmple.o(.text)
    .text                                    0x00000728   Section       36  init.o(.text)
    .text                                    0x0000074c   Section        0  llsshr.o(.text)
    .text                                    0x00000770   Section        0  dsqrt.o(.text)
    i.AppThread                              0x00000814   Section        0  main.o(i.AppThread)
    i.CPUThread                              0x00000860   Section        0  main.o(i.CPUThread)
    i.DeviceThread                           0x000008e0   Section        0  main.o(i.DeviceThread)
    i.Init_Thread                            0x00000934   Section        0  main.o(i.Init_Thread)
    i.MemoryThread                           0x000009ac   Section        0  main.o(i.MemoryThread)
    i.SystemInit                             0x000009f4   Section        0  system_lpc17xx.o(i.SystemInit)
    i.UIThread                               0x00000b34   Section        0  main.o(i.UIThread)
    i.__ARM_fpclassify                       0x00000b5c   Section        0  fpclassify.o(i.__ARM_fpclassify)
    i.__kernel_poly                          0x00000b84   Section        0  poly.o(i.__kernel_poly)
    i.__mathlib_dbl_divzero                  0x00000c30   Section        0  dunder.o(i.__mathlib_dbl_divzero)
    i.__mathlib_dbl_infnan2                  0x00000c40   Section        0  dunder.o(i.__mathlib_dbl_infnan2)
    i.__mathlib_dbl_invalid                  0x00000c44   Section        0  dunder.o(i.__mathlib_dbl_invalid)
    i.__mathlib_dbl_overflow                 0x00000c50   Section        0  dunder.o(i.__mathlib_dbl_overflow)
    i.__mathlib_dbl_underflow                0x00000c60   Section        0  dunder.o(i.__mathlib_dbl_underflow)
    i.__scatterload_copy                     0x00000c70   Section       14  handlers.o(i.__scatterload_copy)
    i.__scatterload_null                     0x00000c7e   Section        2  handlers.o(i.__scatterload_null)
    i.__scatterload_zeroinit                 0x00000c80   Section       14  handlers.o(i.__scatterload_zeroinit)
    i.__set_errno                            0x00000c90   Section        0  errno.o(i.__set_errno)
    i._init_box                              0x00000c9c   Section        0  rt_membox.o(i._init_box)
    i.dbg_init                               0x00000ce4   Section        0  hal_cm.o(i.dbg_init)
    i.dbg_task_notify                        0x00000d14   Section        0  hal_cm.o(i.dbg_task_notify)
    i.dbg_task_switch                        0x00000d34   Section        0  hal_cm.o(i.dbg_task_switch)
    i.isrMessageGet                          0x00000d44   Section        0  rt_cmsis.o(i.isrMessageGet)
    i.isrMessagePut                          0x00000d6e   Section        0  rt_cmsis.o(i.isrMessagePut)
    i.isrSignalSet                           0x00000d9a   Section        0  rt_cmsis.o(i.isrSignalSet)
    i.isr_evt_set                            0x00000dc0   Section        0  rt_event.o(i.isr_evt_set)
    i.isr_mbx_receive                        0x00000de8   Section        0  rt_mailbox.o(i.isr_mbx_receive)
    i.isr_mbx_send                           0x00000e3e   Section        0  rt_mailbox.o(i.isr_mbx_send)
    i.main                                   0x00000e4c   Section        0  main.o(i.main)
    i.osDelay                                0x00000e68   Section        0  rt_cmsis.o(i.osDelay)
    i.osKernelInitialize                     0x00000e80   Section        0  rt_cmsis.o(i.osKernelInitialize)
    i.osKernelStart                          0x00000ea4   Section        0  rt_cmsis.o(i.osKernelStart)
    i.osMessageGet                           0x00000f10   Section        0  rt_cmsis.o(i.osMessageGet)
    i.osSignalSet                            0x00000f28   Section        0  rt_cmsis.o(i.osSignalSet)
    i.osSignalWait                           0x00000f40   Section        0  rt_cmsis.o(i.osSignalWait)
    i.osThreadCreate                         0x00000f58   Section        0  rt_cmsis.o(i.osThreadCreate)
    i.osThreadExit                           0x00000f84   Section        0  rt_cmsis.o(i.osThreadExit)
    i.osThreadTerminate                      0x00000f9c   Section        0  rt_cmsis.o(i.osThreadTerminate)
    i.osThreadYield                          0x00000fb4   Section        0  rt_cmsis.o(i.osThreadYield)
    i.osTimerCall                            0x00000fcc   Section        0  rt_cmsis.o(i.osTimerCall)
    i.osTimerThread                          0x00000fd8   Section        0  rt_cmsis.o(i.osTimerThread)
    i.os_error                               0x00001004   Section        0  rtx_conf_cm.o(i.os_error)
    i.os_idle_demon                          0x00001028   Section        0  rtx_conf_cm.o(i.os_idle_demon)
    i.os_tick_init                           0x0000103c   Section        0  rt_system.o(i.os_tick_init)
    i.os_tick_irqack                         0x00001064   Section        0  rt_system.o(i.os_tick_irqack)
    i.pow                                    0x00001068   Section        0  pow.o(i.pow)
    i.rt_alloc_box                           0x00001a40   Section        0  rt_membox.o(i.rt_alloc_box)
    i.rt_alloc_mem                           0x00001a5a   Section        0  rt_memory.o(i.rt_alloc_mem)
    i.rt_block                               0x00001a98   Section        0  rt_task.o(i.rt_block)
    i.rt_chk_robin                           0x00001ad0   Section        0  rtx_conf_cm.o(i.rt_chk_robin)
    i.rt_dec_dly                             0x00001ad4   Section        0  rt_list.o(i.rt_dec_dly)
    i.rt_dispatch                            0x00001b44   Section        0  rt_task.o(i.rt_dispatch)
    i.rt_dly_wait                            0x00001b88   Section        0  rt_time.o(i.rt_dly_wait)
    i.rt_evt_psh                             0x00001b90   Section        0  rt_event.o(i.rt_evt_psh)
    i.rt_evt_set                             0x00001be0   Section        0  rt_event.o(i.rt_evt_set)
    i.rt_evt_wait                            0x00001c3c   Section        0  rt_event.o(i.rt_evt_wait)
    i.rt_free_box                            0x00001c78   Section        0  rt_membox.o(i.rt_free_box)
    i.rt_free_mem                            0x00001ca4   Section        0  rt_memory.o(i.rt_free_mem)
    i.rt_get_first                           0x00001ccc   Section        0  rt_list.o(i.rt_get_first)
    i.rt_get_same_rdy_prio                   0x00001cf4   Section        0  rt_list.o(i.rt_get_same_rdy_prio)
    i.rt_id2obj                              0x00001d18   Section        0  rt_cmsis.o(i.rt_id2obj)
    rt_id2obj                                0x00001d19   Thumb Code     8  rt_cmsis.o(i.rt_id2obj)
    i.rt_init_context                        0x00001d20   Section        0  rt_task.o(i.rt_init_context)
    rt_init_context                          0x00001d21   Thumb Code    66  rt_task.o(i.rt_init_context)
    i.rt_init_mem                            0x00001d68   Section        0  rt_memory.o(i.rt_init_mem)
    i.rt_init_robin                          0x00001d82   Section        0  rtx_conf_cm.o(i.rt_init_robin)
    i.rt_init_stack                          0x00001d84   Section        0  hal_cm.o(i.rt_init_stack)
    i.rt_mbx_check                           0x00001e04   Section        0  rt_mailbox.o(i.rt_mbx_check)
    i.rt_mbx_init                            0x00001e0c   Section        0  rt_mailbox.o(i.rt_mbx_init)
    i.rt_mbx_psh                             0x00001e28   Section        0  rt_mailbox.o(i.rt_mbx_psh)
    i.rt_mbx_wait                            0x00001f18   Section        0  rt_mailbox.o(i.rt_mbx_wait)
    i.rt_ms2tick                             0x00001fcc   Section        0  rt_cmsis.o(i.rt_ms2tick)
    rt_ms2tick                               0x00001fcd   Thumb Code    58  rt_cmsis.o(i.rt_ms2tick)
    i.rt_pop_req                             0x00002010   Section        0  rt_system.o(i.rt_pop_req)
    i.rt_psh_req                             0x0000208c   Section        0  rt_system.o(i.rt_psh_req)
    i.rt_psq_enq                             0x000020ac   Section        0  rt_list.o(i.rt_psq_enq)
    i.rt_put_dly                             0x00002108   Section        0  rt_list.o(i.rt_put_dly)
    i.rt_put_prio                            0x00002150   Section        0  rt_list.o(i.rt_put_prio)
    i.rt_put_rdy_first                       0x00002188   Section        0  rt_list.o(i.rt_put_rdy_first)
    i.rt_resort_prio                         0x0000219c   Section        0  rt_list.o(i.rt_resort_prio)
    i.rt_ret_val                             0x000021d0   Section        0  hal_cm.o(i.rt_ret_val)
    i.rt_ret_val2                            0x000021d6   Section        0  hal_cm.o(i.rt_ret_val2)
    i.rt_rmv_dly                             0x000021de   Section        0  rt_list.o(i.rt_rmv_dly)
    i.rt_rmv_list                            0x00002208   Section        0  rt_list.o(i.rt_rmv_list)
    i.rt_sem_psh                             0x00002238   Section        0  rt_semaphore.o(i.rt_sem_psh)
    i.rt_stk_check                           0x0000226c   Section        0  rt_system.o(i.rt_stk_check)
    i.rt_switch_req                          0x00002290   Section        0  rt_task.o(i.rt_switch_req)
    i.rt_sys_init                            0x000022b8   Section        0  rt_task.o(i.rt_sys_init)
    i.rt_sys_start                           0x00002384   Section        0  rt_task.o(i.rt_sys_start)
    i.rt_systick                             0x000023fc   Section        0  rt_system.o(i.rt_systick)
    i.rt_tid2ptcb                            0x0000243c   Section        0  rt_cmsis.o(i.rt_tid2ptcb)
    rt_tid2ptcb                              0x0000243d   Thumb Code    18  rt_cmsis.o(i.rt_tid2ptcb)
    i.rt_timer_insert                        0x00002450   Section        0  rt_cmsis.o(i.rt_timer_insert)
    rt_timer_insert                          0x00002451   Thumb Code    48  rt_cmsis.o(i.rt_timer_insert)
    i.rt_tsk_create                          0x00002484   Section        0  rt_task.o(i.rt_tsk_create)
    i.rt_tsk_delete                          0x0000250c   Section        0  rt_task.o(i.rt_tsk_delete)
    i.rt_tsk_pass                            0x00002688   Section        0  rt_task.o(i.rt_tsk_pass)
    i.rt_tsk_prio                            0x000026b8   Section        0  rt_task.o(i.rt_tsk_prio)
    i.rt_tsk_self                            0x00002734   Section        0  rt_task.o(i.rt_tsk_self)
    i.sqrt                                   0x00002744   Section        0  sqrt.o(i.sqrt)
    i.svcDelay                               0x00002790   Section        0  rt_cmsis.o(i.svcDelay)
    i.svcKernelInitialize                    0x000027a4   Section        0  rt_cmsis.o(i.svcKernelInitialize)
    i.svcKernelStart                         0x00002814   Section        0  rt_cmsis.o(i.svcKernelStart)
    i.svcMessageCreate                       0x0000285c   Section        0  rt_cmsis.o(i.svcMessageCreate)
    i.svcMessageGet                          0x00002880   Section        0  rt_cmsis.o(i.svcMessageGet)
    i.svcSignalSet                           0x000028ba   Section        0  rt_cmsis.o(i.svcSignalSet)
    i.svcSignalWait                          0x000028e0   Section        0  rt_cmsis.o(i.svcSignalWait)
    i.svcThreadCreate                        0x00002934   Section        0  rt_cmsis.o(i.svcThreadCreate)
    i.svcThreadGetId                         0x000029a0   Section        0  rt_cmsis.o(i.svcThreadGetId)
    i.svcThreadTerminate                     0x000029bc   Section        0  rt_cmsis.o(i.svcThreadTerminate)
    i.svcThreadYield                         0x000029f4   Section        0  rt_cmsis.o(i.svcThreadYield)
    i.svcTimerCall                           0x000029fe   Section        0  rt_cmsis.o(i.svcTimerCall)
    i.sysTimerTick                           0x00002a18   Section        0  rt_cmsis.o(i.sysTimerTick)
    .constdata                               0x00002a74   Section       80  main.o(.constdata)
    .constdata                               0x00002ac4   Section      104  rtx_conf_cm.o(.constdata)
    __tagsym$$used                           0x00002ae0   Number         0  rtx_conf_cm.o(.constdata)
    __tagsym$$used                           0x00002ae4   Number         0  rtx_conf_cm.o(.constdata)
    __tagsym$$used                           0x00002ae8   Number         0  rtx_conf_cm.o(.constdata)
    __tagsym$$used                           0x00002aec   Number         0  rtx_conf_cm.o(.constdata)
    .constdata                               0x00002b30   Section      136  pow.o(.constdata)
    bp                                       0x00002b30   Data          16  pow.o(.constdata)
    dp_h                                     0x00002b40   Data          16  pow.o(.constdata)
    dp_l                                     0x00002b50   Data          16  pow.o(.constdata)
    L                                        0x00002b60   Data          48  pow.o(.constdata)
    P                                        0x00002b90   Data          40  pow.o(.constdata)
    .constdata                               0x00002bb8   Section        8  qnan.o(.constdata)
    .bss                                     0x10000000   Section    14816  rtx_conf_cm.o(.bss)
    .data                                    0x2007c000   Section       60  main.o(.data)
    .data                                    0x2007c03c   Section       20  rtx_conf_cm.o(.data)
    .data                                    0x2007c050   Section        8  rt_cmsis.o(.data)
    .data                                    0x2007c058   Section        8  rt_task.o(.data)
    .data                                    0x2007c060   Section        8  rt_system.o(.data)
    os_lock                                  0x2007c060   Data           1  rt_system.o(.data)
    os_psh_flag                              0x2007c061   Data           1  rt_system.o(.data)
    pend_flags                               0x2007c062   Data           1  rt_system.o(.data)
    .data                                    0x2007c068   Section        4  rt_time.o(.data)
    .data                                    0x2007c06c   Section        1  hal_cm.o(.data)
    .data                                    0x2007c070   Section        4  errno.o(.data)
    _errno                                   0x2007c070   Data           4  errno.o(.data)
    .bss                                     0x2007c074   Section       15  main.o(.bss)
    .bss                                     0x2007c084   Section       52  rt_task.o(.bss)
    .bss                                     0x2007c0b8   Section       48  rt_list.o(.bss)
    STACK                                    0x2007c0e8   Section      512  startup_lpc17xx.o(STACK)

    Global Symbols

    Symbol Name                              Value     Ov Type        Size  Object(Section)

    BuildAttributes$$THM_ISAv4$P$D$K$B$S$PE$A:L22UL41UL21$X:L11$S22US41US21$IEEE1$IW$USESV6$~STKCKD$USESV7$~SHL$OTIME$ROPI$IEEEX$EBA8$MICROLIB$REQ8$PRES8$EABIv2 0x00000000   Number         0  anon$$obj.o ABSOLUTE
    __ARM_use_no_argv                        0x00000000   Number         0  main.o ABSOLUTE
    __Vectors                                0x00000000   Data           4  startup_lpc17xx.o(RESET)
    __arm_fini_                               - Undefined Weak Reference
    __cpp_initialize__aeabi_                  - Undefined Weak Reference
    __cxa_finalize                            - Undefined Weak Reference
    __decompress                              - Undefined Weak Reference
    _clock_init                               - Undefined Weak Reference
    _microlib_exit                            - Undefined Weak Reference
    __main                                   0x000000cd   Thumb Code     0  entry.o(.ARM.Collect$$$$00000000)
    _main_stk                                0x000000cd   Thumb Code     0  entry2.o(.ARM.Collect$$$$00000001)
    _main_scatterload                        0x000000d1   Thumb Code     0  entry5.o(.ARM.Collect$$$$00000004)
    __main_after_scatterload                 0x000000d5   Thumb Code     0  entry5.o(.ARM.Collect$$$$00000004)
    __rt_lib_shutdown_fini                   0x000000d5   Thumb Code     0  entry12b.o(.ARM.Collect$$$$0000000E)
    _main_clock                              0x000000d5   Thumb Code     0  entry7b.o(.ARM.Collect$$$$00000008)
    _main_cpp_init                           0x000000d5   Thumb Code     0  entry8b.o(.ARM.Collect$$$$0000000A)
    __rt_final_cpp                           0x000000d9   Thumb Code     0  entry10a.o(.ARM.Collect$$$$0000000F)
    __rt_final_exit                          0x000000d9   Thumb Code     0  entry11a.o(.ARM.Collect$$$$00000011)
    _main_init                               0x000000d9   Thumb Code    18  rtx_conf_cm.o(.ARM.Collect$$$$000000FF)
    rt_set_PSP                               0x000000f5   Thumb Code     6  hal_cm3.o(.emb_text)
    rt_get_PSP                               0x000000fb   Thumb Code     6  hal_cm3.o(.emb_text)
    os_set_env                               0x00000101   Thumb Code    24  hal_cm3.o(.emb_text)
    _alloc_box                               0x0000011d   Thumb Code    28  hal_cm3.o(.emb_text)
    _free_box                                0x0000013d   Thumb Code    28  hal_cm3.o(.emb_text)
    SVC_Handler                              0x0000015d   Thumb Code   108  hal_cm3.o(.emb_text)
    PendSV_Handler                           0x000001d5   Thumb Code    56  hal_cm3.o(.emb_text)
    SysTick_Handler                          0x00000211   Thumb Code     8  hal_cm3.o(.emb_text)
    OS_Tick_Handler                          0x00000219   Thumb Code    12  hal_cm3.o(.emb_text)
    Reset_Handler                            0x00000225   Thumb Code     8  startup_lpc17xx.o(.text)
    NMI_Handler                              0x0000022d   Thumb Code     2  startup_lpc17xx.o(.text)
    HardFault_Handler                        0x0000022f   Thumb Code     2  startup_lpc17xx.o(.text)
    MemManage_Handler                        0x00000231   Thumb Code     2  startup_lpc17xx.o(.text)
    BusFault_Handler                         0x00000233   Thumb Code     2  startup_lpc17xx.o(.text)
    UsageFault_Handler                       0x00000235   Thumb Code     2  startup_lpc17xx.o(.text)
    DebugMon_Handler                         0x00000239   Thumb Code     2  startup_lpc17xx.o(.text)
    ADC_IRQHandler                           0x0000023f   Thumb Code     0  startup_lpc17xx.o(.text)
    BOD_IRQHandler                           0x0000023f   Thumb Code     0  startup_lpc17xx.o(.text)
    CANActivity_IRQHandler                   0x0000023f   Thumb Code     0  startup_lpc17xx.o(.text)
    CAN_IRQHandler                           0x0000023f   Thumb Code     0  startup_lpc17xx.o(.text)
    DMA_IRQHandler                           0x0000023f   Thumb Code     0  startup_lpc17xx.o(.text)
    EINT0_IRQHandler                         0x0000023f   Thumb Code     0  startup_lpc17xx.o(.text)
    EINT1_IRQHandler                         0x0000023f   Thumb Code     0  startup_lpc17xx.o(.text)
    EINT2_IRQHandler                         0x0000023f   Thumb Code     0  startup_lpc17xx.o(.text)
    EINT3_IRQHandler                         0x0000023f   Thumb Code     0  startup_lpc17xx.o(.text)
    ENET_IRQHandler                          0x0000023f   Thumb Code     0  startup_lpc17xx.o(.text)
    I2C0_IRQHandler                          0x0000023f   Thumb Code     0  startup_lpc17xx.o(.text)
    I2C1_IRQHandler                          0x0000023f   Thumb Code     0  startup_lpc17xx.o(.text)
    I2C2_IRQHandler                          0x0000023f   Thumb Code     0  startup_lpc17xx.o(.text)
    I2S_IRQHandler                           0x0000023f   Thumb Code     0  startup_lpc17xx.o(.text)
    MCPWM_IRQHandler                         0x0000023f   Thumb Code     0  startup_lpc17xx.o(.text)
    PLL0_IRQHandler                          0x0000023f   Thumb Code     0  startup_lpc17xx.o(.text)
    PLL1_IRQHandler                          0x0000023f   Thumb Code     0  startup_lpc17xx.o(.text)
    PWM1_IRQHandler                          0x0000023f   Thumb Code     0  startup_lpc17xx.o(.text)
    QEI_IRQHandler                           0x0000023f   Thumb Code     0  startup_lpc17xx.o(.text)
    RIT_IRQHandler                           0x0000023f   Thumb Code     0  startup_lpc17xx.o(.text)
    RTC_IRQHandler                           0x0000023f   Thumb Code     0  startup_lpc17xx.o(.text)
    SPI_IRQHandler                           0x0000023f   Thumb Code     0  startup_lpc17xx.o(.text)
    SSP0_IRQHandler                          0x0000023f   Thumb Code     0  startup_lpc17xx.o(.text)
    SSP1_IRQHandler                          0x0000023f   Thumb Code     0  startup_lpc17xx.o(.text)
    TIMER0_IRQHandler                        0x0000023f   Thumb Code     0  startup_lpc17xx.o(.text)
    TIMER1_IRQHandler                        0x0000023f   Thumb Code     0  startup_lpc17xx.o(.text)
    TIMER2_IRQHandler                        0x0000023f   Thumb Code     0  startup_lpc17xx.o(.text)
    TIMER3_IRQHandler                        0x0000023f   Thumb Code     0  startup_lpc17xx.o(.text)
    UART0_IRQHandler                         0x0000023f   Thumb Code     0  startup_lpc17xx.o(.text)
    UART1_IRQHandler                         0x0000023f   Thumb Code     0  startup_lpc17xx.o(.text)
    UART2_IRQHandler                         0x0000023f   Thumb Code     0  startup_lpc17xx.o(.text)
    UART3_IRQHandler                         0x0000023f   Thumb Code     0  startup_lpc17xx.o(.text)
    USBActivity_IRQHandler                   0x0000023f   Thumb Code     0  startup_lpc17xx.o(.text)
    USB_IRQHandler                           0x0000023f   Thumb Code     0  startup_lpc17xx.o(.text)
    WDT_IRQHandler                           0x0000023f   Thumb Code     0  startup_lpc17xx.o(.text)
    strcpy                                   0x00000249   Thumb Code    18  strcpy.o(.text)
    __aeabi_i2d                              0x0000025b   Thumb Code    34  dflti.o(.text)
    __aeabi_d2iz                             0x0000027d   Thumb Code    62  dfixi.o(.text)
    __aeabi_llsl                             0x000002bb   Thumb Code    30  llshl.o(.text)
    _ll_shift_l                              0x000002bb   Thumb Code     0  llshl.o(.text)
    __aeabi_llsr                             0x000002d9   Thumb Code    32  llushr.o(.text)
    _ll_ushift_r                             0x000002d9   Thumb Code     0  llushr.o(.text)
    SVC_Count                                0x000002f8   Data           4  svc_table.o(SVC_TABLE)
    __I$use$fp                               0x000002f9   Thumb Code     0  iusefp.o(.text)
    SVC_Table                                0x000002fc   Data           0  svc_table.o(SVC_TABLE)
    _double_round                            0x00000301   Thumb Code    30  depilogue.o(.text)
    _double_epilogue                         0x0000031f   Thumb Code   156  depilogue.o(.text)
    __aeabi_dadd                             0x000003bb   Thumb Code   322  dadd.o(.text)
    __RL_RTX_VER                             0x00000482   Number         0  rt_system.o ABSOLUTE
    __aeabi_dsub                             0x000004fd   Thumb Code     6  dadd.o(.text)
    __aeabi_drsub                            0x00000503   Thumb Code     6  dadd.o(.text)
    __aeabi_dmul                             0x00000509   Thumb Code   228  dmul.o(.text)
    __aeabi_ddiv                             0x000005ed   Thumb Code   222  ddiv.o(.text)
    __ARM_scalbn                             0x000006cb   Thumb Code    46  dscalb.o(.text)
    scalbn                                   0x000006cb   Thumb Code     0  dscalb.o(.text)
    __aeabi_cdrcmple                         0x000006f9   Thumb Code    48  cdrcmple.o(.text)
    __scatterload                            0x00000729   Thumb Code    28  init.o(.text)
    __scatterload_rt2                        0x00000729   Thumb Code     0  init.o(.text)
    __aeabi_lasr                             0x0000074d   Thumb Code    36  llsshr.o(.text)
    _ll_sshift_r                             0x0000074d   Thumb Code     0  llsshr.o(.text)
    _dsqrt                                   0x00000771   Thumb Code   162  dsqrt.o(.text)
    AppThread                                0x00000815   Thumb Code    56  main.o(i.AppThread)
    CPUThread                                0x00000861   Thumb Code   104  main.o(i.CPUThread)
    DeviceThread                             0x000008e1   Thumb Code    66  main.o(i.DeviceThread)
    Init_Thread                              0x00000935   Thumb Code    78  main.o(i.Init_Thread)
    MemoryThread                             0x000009ad   Thumb Code    54  main.o(i.MemoryThread)
    SystemInit                               0x000009f5   Thumb Code   302  system_lpc17xx.o(i.SystemInit)
    UIThread                                 0x00000b35   Thumb Code    30  main.o(i.UIThread)
    __ARM_fpclassify                         0x00000b5d   Thumb Code    40  fpclassify.o(i.__ARM_fpclassify)
    __kernel_poly                            0x00000b85   Thumb Code   170  poly.o(i.__kernel_poly)
    __mathlib_dbl_divzero                    0x00000c31   Thumb Code    12  dunder.o(i.__mathlib_dbl_divzero)
    __mathlib_dbl_infnan2                    0x00000c41   Thumb Code     4  dunder.o(i.__mathlib_dbl_infnan2)
    __mathlib_dbl_invalid                    0x00000c45   Thumb Code    12  dunder.o(i.__mathlib_dbl_invalid)
    __mathlib_dbl_overflow                   0x00000c51   Thumb Code    14  dunder.o(i.__mathlib_dbl_overflow)
    __mathlib_dbl_underflow                  0x00000c61   Thumb Code    10  dunder.o(i.__mathlib_dbl_underflow)
    __scatterload_copy                       0x00000c71   Thumb Code    14  handlers.o(i.__scatterload_copy)
    __scatterload_null                       0x00000c7f   Thumb Code     2  handlers.o(i.__scatterload_null)
    __scatterload_zeroinit                   0x00000c81   Thumb Code    14  handlers.o(i.__scatterload_zeroinit)
    __set_errno                              0x00000c91   Thumb Code     6  errno.o(i.__set_errno)
    _init_box                                0x00000c9d   Thumb Code    70  rt_membox.o(i._init_box)
    dbg_init                                 0x00000ce5   Thumb Code    34  hal_cm.o(i.dbg_init)
    dbg_task_notify                          0x00000d15   Thumb Code    32  hal_cm.o(i.dbg_task_notify)
    dbg_task_switch                          0x00000d35   Thumb Code    16  hal_cm.o(i.dbg_task_switch)
    isrMessageGet                            0x00000d45   Thumb Code    42  rt_cmsis.o(i.isrMessageGet)
    isrMessagePut                            0x00000d6f   Thumb Code    44  rt_cmsis.o(i.isrMessagePut)
    isrSignalSet                             0x00000d9b   Thumb Code    36  rt_cmsis.o(i.isrSignalSet)
    isr_evt_set                              0x00000dc1   Thumb Code    34  rt_event.o(i.isr_evt_set)
    isr_mbx_receive                          0x00000de9   Thumb Code    86  rt_mailbox.o(i.isr_mbx_receive)
    isr_mbx_send                             0x00000e3f   Thumb Code    14  rt_mailbox.o(i.isr_mbx_send)
    main                                     0x00000e4d   Thumb Code    26  main.o(i.main)
    osDelay                                  0x00000e69   Thumb Code    18  rt_cmsis.o(i.osDelay)
    osKernelInitialize                       0x00000e81   Thumb Code    30  rt_cmsis.o(i.osKernelInitialize)
    osKernelStart                            0x00000ea5   Thumb Code    98  rt_cmsis.o(i.osKernelStart)
    osMessageGet                             0x00000f11   Thumb Code    18  rt_cmsis.o(i.osMessageGet)
    osSignalSet                              0x00000f29   Thumb Code    18  rt_cmsis.o(i.osSignalSet)
    osSignalWait                             0x00000f41   Thumb Code    18  rt_cmsis.o(i.osSignalWait)
    osThreadCreate                           0x00000f59   Thumb Code    36  rt_cmsis.o(i.osThreadCreate)
    osThreadExit                             0x00000f85   Thumb Code    14  rt_cmsis.o(i.osThreadExit)
    osThreadTerminate                        0x00000f9d   Thumb Code    18  rt_cmsis.o(i.osThreadTerminate)
    osThreadYield                            0x00000fb5   Thumb Code    18  rt_cmsis.o(i.osThreadYield)
    osTimerCall                              0x00000fcd   Thumb Code     8  rt_cmsis.o(i.osTimerCall)
    osTimerThread                            0x00000fd9   Thumb Code    38  rt_cmsis.o(i.osTimerThread)
    os_error                                 0x00001005   Thumb Code    34  rtx_conf_cm.o(i.os_error)
    os_idle_demon                            0x00001029   Thumb Code    14  rtx_conf_cm.o(i.os_idle_demon)
    os_tick_init                             0x0000103d   Thumb Code    32  rt_system.o(i.os_tick_init)
    os_tick_irqack                           0x00001065   Thumb Code     2  rt_system.o(i.os_tick_irqack)
    pow                                      0x00001069   Thumb Code  2512  pow.o(i.pow)
    rt_alloc_box                             0x00001a41   Thumb Code    26  rt_membox.o(i.rt_alloc_box)
    rt_alloc_mem                             0x00001a5b   Thumb Code    62  rt_memory.o(i.rt_alloc_mem)
    rt_block                                 0x00001a99   Thumb Code    48  rt_task.o(i.rt_block)
    rt_chk_robin                             0x00001ad1   Thumb Code     2  rtx_conf_cm.o(i.rt_chk_robin)
    rt_dec_dly                               0x00001ad5   Thumb Code   102  rt_list.o(i.rt_dec_dly)
    rt_dispatch                              0x00001b45   Thumb Code    60  rt_task.o(i.rt_dispatch)
    rt_dly_wait                              0x00001b89   Thumb Code     6  rt_time.o(i.rt_dly_wait)
    rt_evt_psh                               0x00001b91   Thumb Code    76  rt_event.o(i.rt_evt_psh)
    rt_evt_set                               0x00001be1   Thumb Code    88  rt_event.o(i.rt_evt_set)
    rt_evt_wait                              0x00001c3d   Thumb Code    56  rt_event.o(i.rt_evt_wait)
    rt_free_box                              0x00001c79   Thumb Code    44  rt_membox.o(i.rt_free_box)
    rt_free_mem                              0x00001ca5   Thumb Code    40  rt_memory.o(i.rt_free_mem)
    rt_get_first                             0x00001ccd   Thumb Code    40  rt_list.o(i.rt_get_first)
    rt_get_same_rdy_prio                     0x00001cf5   Thumb Code    26  rt_list.o(i.rt_get_same_rdy_prio)
    rt_init_mem                              0x00001d69   Thumb Code    26  rt_memory.o(i.rt_init_mem)
    rt_init_robin                            0x00001d83   Thumb Code     2  rtx_conf_cm.o(i.rt_init_robin)
    rt_init_stack                            0x00001d85   Thumb Code   118  hal_cm.o(i.rt_init_stack)
    rt_mbx_check                             0x00001e05   Thumb Code     8  rt_mailbox.o(i.rt_mbx_check)
    rt_mbx_init                              0x00001e0d   Thumb Code    26  rt_mailbox.o(i.rt_mbx_init)
    rt_mbx_psh                               0x00001e29   Thumb Code   236  rt_mailbox.o(i.rt_mbx_psh)
    rt_mbx_wait                              0x00001f19   Thumb Code   174  rt_mailbox.o(i.rt_mbx_wait)
    rt_pop_req                               0x00002011   Thumb Code   112  rt_system.o(i.rt_pop_req)
    rt_psh_req                               0x0000208d   Thumb Code    22  rt_system.o(i.rt_psh_req)
    rt_psq_enq                               0x000020ad   Thumb Code    88  rt_list.o(i.rt_psq_enq)
    rt_put_dly                               0x00002109   Thumb Code    68  rt_list.o(i.rt_put_dly)
    rt_put_prio                              0x00002151   Thumb Code    54  rt_list.o(i.rt_put_prio)
    rt_put_rdy_first                         0x00002189   Thumb Code    14  rt_list.o(i.rt_put_rdy_first)
    rt_resort_prio                           0x0000219d   Thumb Code    46  rt_list.o(i.rt_resort_prio)
    rt_ret_val                               0x000021d1   Thumb Code     6  hal_cm.o(i.rt_ret_val)
    rt_ret_val2                              0x000021d7   Thumb Code     8  hal_cm.o(i.rt_ret_val2)
    rt_rmv_dly                               0x000021df   Thumb Code    40  rt_list.o(i.rt_rmv_dly)
    rt_rmv_list                              0x00002209   Thumb Code    44  rt_list.o(i.rt_rmv_list)
    rt_sem_psh                               0x00002239   Thumb Code    48  rt_semaphore.o(i.rt_sem_psh)
    rt_stk_check                             0x0000226d   Thumb Code    28  rt_system.o(i.rt_stk_check)
    rt_switch_req                            0x00002291   Thumb Code    30  rt_task.o(i.rt_switch_req)
    rt_sys_init                              0x000022b9   Thumb Code   138  rt_task.o(i.rt_sys_init)
    rt_sys_start                             0x00002385   Thumb Code   110  rt_task.o(i.rt_sys_start)
    rt_systick                               0x000023fd   Thumb Code    50  rt_system.o(i.rt_systick)
    rt_tsk_create                            0x00002485   Thumb Code   118  rt_task.o(i.rt_tsk_create)
    rt_tsk_delete                            0x0000250d   Thumb Code   352  rt_task.o(i.rt_tsk_delete)
    rt_tsk_pass                              0x00002689   Thumb Code    38  rt_task.o(i.rt_tsk_pass)
    rt_tsk_prio                              0x000026b9   Thumb Code   108  rt_task.o(i.rt_tsk_prio)
    rt_tsk_self                              0x00002735   Thumb Code    12  rt_task.o(i.rt_tsk_self)
    sqrt                                     0x00002745   Thumb Code    76  sqrt.o(i.sqrt)
    svcDelay                                 0x00002791   Thumb Code    18  rt_cmsis.o(i.svcDelay)
    svcKernelInitialize                      0x000027a5   Thumb Code    80  rt_cmsis.o(i.svcKernelInitialize)
    svcKernelStart                           0x00002815   Thumb Code    62  rt_cmsis.o(i.svcKernelStart)
    svcMessageCreate                         0x0000285d   Thumb Code    36  rt_cmsis.o(i.svcMessageCreate)
    svcMessageGet                            0x00002881   Thumb Code    58  rt_cmsis.o(i.svcMessageGet)
    svcSignalSet                             0x000028bb   Thumb Code    36  rt_cmsis.o(i.svcSignalSet)
    svcSignalWait                            0x000028e1   Thumb Code    80  rt_cmsis.o(i.svcSignalWait)
    svcThreadCreate                          0x00002935   Thumb Code    96  rt_cmsis.o(i.svcThreadCreate)
    svcThreadGetId                           0x000029a1   Thumb Code    22  rt_cmsis.o(i.svcThreadGetId)
    svcThreadTerminate                       0x000029bd   Thumb Code    50  rt_cmsis.o(i.svcThreadTerminate)
    svcThreadYield                           0x000029f5   Thumb Code    10  rt_cmsis.o(i.svcThreadYield)
    svcTimerCall                             0x000029ff   Thumb Code    24  rt_cmsis.o(i.svcTimerCall)
    sysTimerTick                             0x00002a19   Thumb Code    84  rt_cmsis.o(i.sysTimerTick)
    os_thread_def_MemoryThread               0x00002a74   Data          16  main.o(.constdata)
    os_thread_def_CPUThread                  0x00002a84   Data          16  main.o(.constdata)
    os_thread_def_AppThread                  0x00002a94   Data          16  main.o(.constdata)
    os_thread_def_DeviceThread               0x00002aa4   Data          16  main.o(.constdata)
    os_thread_def_UIThread                   0x00002ab4   Data          16  main.o(.constdata)
    os_maxtaskrun                            0x00002ac4   Data           2  rtx_conf_cm.o(.constdata)
    os_stackinfo                             0x00002ac8   Data           4  rtx_conf_cm.o(.constdata)
    os_rrobin                                0x00002acc   Data           4  rtx_conf_cm.o(.constdata)
    os_tickfreq                              0x00002ad0   Data           4  rtx_conf_cm.o(.constdata)
    os_tickus_i                              0x00002ad4   Data           2  rtx_conf_cm.o(.constdata)
    os_tickus_f                              0x00002ad6   Data           2  rtx_conf_cm.o(.constdata)
    os_trv                                   0x00002ad8   Data           4  rtx_conf_cm.o(.constdata)
    os_flags                                 0x00002adc   Data           1  rtx_conf_cm.o(.constdata)
    CMSIS_RTOS_API_Version                   0x00002ae0   Data           4  rtx_conf_cm.o(.constdata)
    CMSIS_RTOS_RTX_Version                   0x00002ae4   Data           4  rtx_conf_cm.o(.constdata)
    os_clockrate                             0x00002ae8   Data           4  rtx_conf_cm.o(.constdata)
    os_timernum                              0x00002aec   Data           4  rtx_conf_cm.o(.constdata)
    mp_tcb_size                              0x00002af0   Data           2  rtx_conf_cm.o(.constdata)
    mp_stk_size                              0x00002af4   Data           4  rtx_conf_cm.o(.constdata)
    os_stack_sz                              0x00002af8   Data           4  rtx_conf_cm.o(.constdata)
    os_fifo_size                             0x00002afc   Data           1  rtx_conf_cm.o(.constdata)
    os_thread_def_osTimerThread              0x00002b00   Data          16  rtx_conf_cm.o(.constdata)
    os_messageQ_def_osTimerMessageQ          0x00002b10   Data           8  rtx_conf_cm.o(.constdata)
    mp_tmr_size                              0x00002b18   Data           2  rtx_conf_cm.o(.constdata)
    os_thread_def_main                       0x00002b1c   Data          16  rtx_conf_cm.o(.constdata)
    __mathlib_zero                           0x00002bb8   Data           8  qnan.o(.constdata)
    Region$$Table$$Base                      0x00002bc0   Number         0  anon$$obj.o(Region$$Table)
    Region$$Table$$Limit                     0x00002bf0   Number         0  anon$$obj.o(Region$$Table)
    mp_tcb                                   0x10000000   Data         376  rtx_conf_cm.o(.bss)
    mp_stk                                   0x10000178   Data       12016  rtx_conf_cm.o(.bss)
    os_stack_mem                             0x10003068   Data        2232  rtx_conf_cm.o(.bss)
    os_fifo                                  0x10003920   Data         132  rtx_conf_cm.o(.bss)
    os_active_TCB                            0x100039a4   Data          28  rtx_conf_cm.o(.bss)
    os_messageQ_q_osTimerMessageQ            0x100039c0   Data          32  rtx_conf_cm.o(.bss)
    bit                                      0x2007c000   Data           4  main.o(.data)
    a                                        0x2007c004   Data           4  main.o(.data)
    b                                        0x2007c008   Data           4  main.o(.data)
    c                                        0x2007c00c   Data           4  main.o(.data)
    x                                        0x2007c010   Data           4  main.o(.data)
    mem                                      0x2007c014   Data           4  main.o(.data)
    dev                                      0x2007c018   Data           4  main.o(.data)
    app                                      0x2007c01c   Data           4  main.o(.data)
    cpu                                      0x2007c020   Data           4  main.o(.data)
    usr                                      0x2007c024   Data           4  main.o(.data)
    tid_MemoryThread                         0x2007c028   Data           4  main.o(.data)
    tid_CPUThread                            0x2007c02c   Data           4  main.o(.data)
    tid_AppThread                            0x2007c030   Data           4  main.o(.data)
    tid_DeviceThread                         0x2007c034   Data           4  main.o(.data)
    tid_UIThread                             0x2007c038   Data           4  main.o(.data)
    idle_count                               0x2007c03c   Data           4  rtx_conf_cm.o(.data)
    osThreadId_osTimerThread                 0x2007c040   Data           4  rtx_conf_cm.o(.data)
    osMessageQId_osTimerMessageQ             0x2007c044   Data           4  rtx_conf_cm.o(.data)
    os_tmr                                   0x2007c048   Data           4  rtx_conf_cm.o(.data)
    m_tmr                                    0x2007c04c   Data           4  rtx_conf_cm.o(.data)
    os_initialized                           0x2007c050   Data           1  rt_cmsis.o(.data)
    os_running                               0x2007c051   Data           1  rt_cmsis.o(.data)
    os_timer_head                            0x2007c054   Data           4  rt_cmsis.o(.data)
    os_tsk                                   0x2007c058   Data           8  rt_task.o(.data)
    os_tick_irqn                             0x2007c064   Data           4  rt_system.o(.data)
    os_time                                  0x2007c068   Data           4  rt_time.o(.data)
    dbg_msg                                  0x2007c06c   Data           1  hal_cm.o(.data)
    var_logger                               0x2007c074   Data          15  main.o(.bss)
    os_idle_TCB                              0x2007c084   Data          52  rt_task.o(.bss)
    os_rdy                                   0x2007c0b8   Data          24  rt_list.o(.bss)
    os_dly                                   0x2007c0d0   Data          24  rt_list.o(.bss)
    __initial_sp                             0x2007c2e8   Data           0  startup_lpc17xx.o(STACK)



==============================================================================

Memory Map of the image

  Image Entry point : 0x000000cd

  Load Region LR_IROM1 (Base: 0x00000000, Size: 0x00002c64, Max: 0x00080000, ABSOLUTE)

    Execution Region ER_IROM1 (Exec base: 0x00000000, Load base: 0x00000000, Size: 0x00002bf0, Max: 0x00080000, ABSOLUTE)

    Exec Addr    Load Addr    Size         Type   Attr      Idx    E Section Name        Object

    0x00000000   0x00000000   0x000000cc   Data   RO          165    RESET               startup_lpc17xx.o
    0x000000cc   0x000000cc   0x00000000   Code   RO         1433  * .ARM.Collect$$$$00000000  mc_w.l(entry.o)
    0x000000cc   0x000000cc   0x00000004   Code   RO         1471    .ARM.Collect$$$$00000001  mc_w.l(entry2.o)
    0x000000d0   0x000000d0   0x00000004   Code   RO         1474    .ARM.Collect$$$$00000004  mc_w.l(entry5.o)
    0x000000d4   0x000000d4   0x00000000   Code   RO         1476    .ARM.Collect$$$$00000008  mc_w.l(entry7b.o)
    0x000000d4   0x000000d4   0x00000000   Code   RO         1478    .ARM.Collect$$$$0000000A  mc_w.l(entry8b.o)
    0x000000d4   0x000000d4   0x00000004   Code   RO         1484    .ARM.Collect$$$$0000000E  mc_w.l(entry12b.o)
    0x000000d8   0x000000d8   0x00000000   Code   RO         1479    .ARM.Collect$$$$0000000F  mc_w.l(entry10a.o)
    0x000000d8   0x000000d8   0x00000000   Code   RO         1481    .ARM.Collect$$$$00000011  mc_w.l(entry11a.o)
    0x000000d8   0x000000d8   0x00000018   Code   RO          116    .ARM.Collect$$$$000000FF  rtx_conf_cm.o
    0x000000f0   0x000000f0   0x00000004   Code   RO         1472    .ARM.Collect$$$$00002712  mc_w.l(entry2.o)
    0x000000f4   0x000000f4   0x00000130   Code   RO         1410    .emb_text           RTX_CM3.lib(hal_cm3.o)
    0x00000224   0x00000224   0x00000024   Code   RO          167    .text               startup_lpc17xx.o
    0x00000248   0x00000248   0x00000012   Code   RO         1438    .text               mc_w.l(strcpy.o)
    0x0000025a   0x0000025a   0x00000022   Code   RO         1440    .text               mf_w.l(dflti.o)
    0x0000027c   0x0000027c   0x0000003e   Code   RO         1442    .text               mf_w.l(dfixi.o)
    0x000002ba   0x000002ba   0x0000001e   Code   RO         1485    .text               mc_w.l(llshl.o)
    0x000002d8   0x000002d8   0x00000020   Code   RO         1487    .text               mc_w.l(llushr.o)
    0x000002f8   0x000002f8   0x00000000   Code   RO         1496    .text               mc_w.l(iusefp.o)
    0x000002f8   0x000002f8   0x00000004   Code   RO         1420    SVC_TABLE           RTX_CM3.lib(svc_table.o)
    0x000002fc   0x000002fc   0x00000004   Code   RO          166    .ARM.__at_0x02FC    startup_lpc17xx.o
    0x00000300   0x00000300   0x000000ba   Code   RO         1497    .text               mf_w.l(depilogue.o)
    0x000003ba   0x000003ba   0x0000014e   Code   RO         1499    .text               mf_w.l(dadd.o)
    0x00000508   0x00000508   0x000000e4   Code   RO         1501    .text               mf_w.l(dmul.o)
    0x000005ec   0x000005ec   0x000000de   Code   RO         1503    .text               mf_w.l(ddiv.o)
    0x000006ca   0x000006ca   0x0000002e   Code   RO         1505    .text               mf_w.l(dscalb.o)
    0x000006f8   0x000006f8   0x00000030   Code   RO         1507    .text               mf_w.l(cdrcmple.o)
    0x00000728   0x00000728   0x00000024   Code   RO         1509    .text               mc_w.l(init.o)
    0x0000074c   0x0000074c   0x00000024   Code   RO         1511    .text               mc_w.l(llsshr.o)
    0x00000770   0x00000770   0x000000a2   Code   RO         1513    .text               mf_w.l(dsqrt.o)
    0x00000812   0x00000812   0x00000002   PAD
    0x00000814   0x00000814   0x0000004c   Code   RO            4    i.AppThread         main.o
    0x00000860   0x00000860   0x00000080   Code   RO            5    i.CPUThread         main.o
    0x000008e0   0x000008e0   0x00000054   Code   RO            6    i.DeviceThread      main.o
    0x00000934   0x00000934   0x00000078   Code   RO            7    i.Init_Thread       main.o
    0x000009ac   0x000009ac   0x00000048   Code   RO            8    i.MemoryThread      main.o
    0x000009f4   0x000009f4   0x00000140   Code   RO          177    i.SystemInit        system_lpc17xx.o
    0x00000b34   0x00000b34   0x00000028   Code   RO            9    i.UIThread          main.o
    0x00000b5c   0x00000b5c   0x00000028   Code   RO         1458    i.__ARM_fpclassify  m_ws.l(fpclassify.o)
    0x00000b84   0x00000b84   0x000000aa   Code   RO         1460    i.__kernel_poly     m_ws.l(poly.o)
    0x00000c2e   0x00000c2e   0x00000002   PAD
    0x00000c30   0x00000c30   0x00000010   Code   RO         1444    i.__mathlib_dbl_divzero  m_ws.l(dunder.o)
    0x00000c40   0x00000c40   0x00000004   Code   RO         1446    i.__mathlib_dbl_infnan2  m_ws.l(dunder.o)
    0x00000c44   0x00000c44   0x0000000c   Code   RO         1447    i.__mathlib_dbl_invalid  m_ws.l(dunder.o)
    0x00000c50   0x00000c50   0x0000000e   Code   RO         1448    i.__mathlib_dbl_overflow  m_ws.l(dunder.o)
    0x00000c5e   0x00000c5e   0x00000002   PAD
    0x00000c60   0x00000c60   0x00000010   Code   RO         1450    i.__mathlib_dbl_underflow  m_ws.l(dunder.o)
    0x00000c70   0x00000c70   0x0000000e   Code   RO         1519    i.__scatterload_copy  mc_w.l(handlers.o)
    0x00000c7e   0x00000c7e   0x00000002   Code   RO         1520    i.__scatterload_null  mc_w.l(handlers.o)
    0x00000c80   0x00000c80   0x0000000e   Code   RO         1521    i.__scatterload_zeroinit  mc_w.l(handlers.o)
    0x00000c8e   0x00000c8e   0x00000002   PAD
    0x00000c90   0x00000c90   0x0000000c   Code   RO         1491    i.__set_errno       mc_w.l(errno.o)
    0x00000c9c   0x00000c9c   0x00000046   Code   RO         1288    i._init_box         RTX_CM3.lib(rt_membox.o)
    0x00000ce2   0x00000ce2   0x00000002   PAD
    0x00000ce4   0x00000ce4   0x00000030   Code   RO         1341    i.dbg_init          RTX_CM3.lib(hal_cm.o)
    0x00000d14   0x00000d14   0x00000020   Code   RO         1342    i.dbg_task_notify   RTX_CM3.lib(hal_cm.o)
    0x00000d34   0x00000d34   0x00000010   Code   RO         1343    i.dbg_task_switch   RTX_CM3.lib(hal_cm.o)
    0x00000d44   0x00000d44   0x0000002a   Code   RO          215    i.isrMessageGet     RTX_CM3.lib(rt_cmsis.o)
    0x00000d6e   0x00000d6e   0x0000002c   Code   RO          216    i.isrMessagePut     RTX_CM3.lib(rt_cmsis.o)
    0x00000d9a   0x00000d9a   0x00000024   Code   RO          218    i.isrSignalSet      RTX_CM3.lib(rt_cmsis.o)
    0x00000dbe   0x00000dbe   0x00000002   PAD
    0x00000dc0   0x00000dc0   0x00000028   Code   RO         1012    i.isr_evt_set       RTX_CM3.lib(rt_event.o)
    0x00000de8   0x00000de8   0x00000056   Code   RO         1134    i.isr_mbx_receive   RTX_CM3.lib(rt_mailbox.o)
    0x00000e3e   0x00000e3e   0x0000000e   Code   RO         1135    i.isr_mbx_send      RTX_CM3.lib(rt_mailbox.o)
    0x00000e4c   0x00000e4c   0x0000001a   Code   RO           10    i.main              main.o
    0x00000e66   0x00000e66   0x00000002   PAD
    0x00000e68   0x00000e68   0x00000018   Code   RO          219    i.osDelay           RTX_CM3.lib(rt_cmsis.o)
    0x00000e80   0x00000e80   0x00000024   Code   RO          220    i.osKernelInitialize  RTX_CM3.lib(rt_cmsis.o)
    0x00000ea4   0x00000ea4   0x0000006c   Code   RO          222    i.osKernelStart     RTX_CM3.lib(rt_cmsis.o)
    0x00000f10   0x00000f10   0x00000018   Code   RO          231    i.osMessageGet      RTX_CM3.lib(rt_cmsis.o)
    0x00000f28   0x00000f28   0x00000018   Code   RO          246    i.osSignalSet       RTX_CM3.lib(rt_cmsis.o)
    0x00000f40   0x00000f40   0x00000018   Code   RO          247    i.osSignalWait      RTX_CM3.lib(rt_cmsis.o)
    0x00000f58   0x00000f58   0x0000002c   Code   RO          248    i.osThreadCreate    RTX_CM3.lib(rt_cmsis.o)
    0x00000f84   0x00000f84   0x00000018   Code   RO          249    i.osThreadExit      RTX_CM3.lib(rt_cmsis.o)
    0x00000f9c   0x00000f9c   0x00000018   Code   RO          253    i.osThreadTerminate  RTX_CM3.lib(rt_cmsis.o)
    0x00000fb4   0x00000fb4   0x00000018   Code   RO          254    i.osThreadYield     RTX_CM3.lib(rt_cmsis.o)
    0x00000fcc   0x00000fcc   0x0000000c   Code   RO          255    i.osTimerCall       RTX_CM3.lib(rt_cmsis.o)
    0x00000fd8   0x00000fd8   0x0000002c   Code   RO          260    i.osTimerThread     RTX_CM3.lib(rt_cmsis.o)
    0x00001004   0x00001004   0x00000022   Code   RO          117    i.os_error          rtx_conf_cm.o
    0x00001026   0x00001026   0x00000002   PAD
    0x00001028   0x00001028   0x00000014   Code   RO          118    i.os_idle_demon     rtx_conf_cm.o
    0x0000103c   0x0000103c   0x00000028   Code   RO          922    i.os_tick_init      RTX_CM3.lib(rt_system.o)
    0x00001064   0x00001064   0x00000002   Code   RO          923    i.os_tick_irqack    RTX_CM3.lib(rt_system.o)
    0x00001066   0x00001066   0x00000002   PAD
    0x00001068   0x00001068   0x000009d8   Code   RO         1424    i.pow               m_ws.l(pow.o)
    0x00001a40   0x00001a40   0x0000001a   Code   RO         1289    i.rt_alloc_box      RTX_CM3.lib(rt_membox.o)
    0x00001a5a   0x00001a5a   0x0000003e   Code   RO         1317    i.rt_alloc_mem      RTX_CM3.lib(rt_memory.o)
    0x00001a98   0x00001a98   0x00000038   Code   RO          837    i.rt_block          RTX_CM3.lib(rt_task.o)
    0x00001ad0   0x00001ad0   0x00000002   Code   RO          119    i.rt_chk_robin      rtx_conf_cm.o
    0x00001ad2   0x00001ad2   0x00000002   PAD
    0x00001ad4   0x00001ad4   0x00000070   Code   RO         1058    i.rt_dec_dly        RTX_CM3.lib(rt_list.o)
    0x00001b44   0x00001b44   0x00000044   Code   RO          838    i.rt_dispatch       RTX_CM3.lib(rt_task.o)
    0x00001b88   0x00001b88   0x00000006   Code   RO         1224    i.rt_dly_wait       RTX_CM3.lib(rt_time.o)
    0x00001b8e   0x00001b8e   0x00000002   PAD
    0x00001b90   0x00001b90   0x00000050   Code   RO         1015    i.rt_evt_psh        RTX_CM3.lib(rt_event.o)
    0x00001be0   0x00001be0   0x0000005c   Code   RO         1016    i.rt_evt_set        RTX_CM3.lib(rt_event.o)
    0x00001c3c   0x00001c3c   0x0000003c   Code   RO         1017    i.rt_evt_wait       RTX_CM3.lib(rt_event.o)
    0x00001c78   0x00001c78   0x0000002c   Code   RO         1290    i.rt_free_box       RTX_CM3.lib(rt_membox.o)
    0x00001ca4   0x00001ca4   0x00000028   Code   RO         1318    i.rt_free_mem       RTX_CM3.lib(rt_memory.o)
    0x00001ccc   0x00001ccc   0x00000028   Code   RO         1059    i.rt_get_first      RTX_CM3.lib(rt_list.o)
    0x00001cf4   0x00001cf4   0x00000024   Code   RO         1060    i.rt_get_same_rdy_prio  RTX_CM3.lib(rt_list.o)
    0x00001d18   0x00001d18   0x00000008   Code   RO          265    i.rt_id2obj         RTX_CM3.lib(rt_cmsis.o)
    0x00001d20   0x00001d20   0x00000048   Code   RO          839    i.rt_init_context   RTX_CM3.lib(rt_task.o)
    0x00001d68   0x00001d68   0x0000001a   Code   RO         1319    i.rt_init_mem       RTX_CM3.lib(rt_memory.o)
    0x00001d82   0x00001d82   0x00000002   Code   RO          120    i.rt_init_robin     rtx_conf_cm.o
    0x00001d84   0x00001d84   0x00000080   Code   RO         1344    i.rt_init_stack     RTX_CM3.lib(hal_cm.o)
    0x00001e04   0x00001e04   0x00000008   Code   RO         1136    i.rt_mbx_check      RTX_CM3.lib(rt_mailbox.o)
    0x00001e0c   0x00001e0c   0x0000001a   Code   RO         1137    i.rt_mbx_init       RTX_CM3.lib(rt_mailbox.o)
    0x00001e26   0x00001e26   0x00000002   PAD
    0x00001e28   0x00001e28   0x000000f0   Code   RO         1138    i.rt_mbx_psh        RTX_CM3.lib(rt_mailbox.o)
    0x00001f18   0x00001f18   0x000000b4   Code   RO         1140    i.rt_mbx_wait       RTX_CM3.lib(rt_mailbox.o)
    0x00001fcc   0x00001fcc   0x00000044   Code   RO          266    i.rt_ms2tick        RTX_CM3.lib(rt_cmsis.o)
    0x00002010   0x00002010   0x0000007c   Code   RO          926    i.rt_pop_req        RTX_CM3.lib(rt_system.o)
    0x0000208c   0x0000208c   0x00000020   Code   RO          927    i.rt_psh_req        RTX_CM3.lib(rt_system.o)
    0x000020ac   0x000020ac   0x0000005c   Code   RO         1061    i.rt_psq_enq        RTX_CM3.lib(rt_list.o)
    0x00002108   0x00002108   0x00000048   Code   RO         1062    i.rt_put_dly        RTX_CM3.lib(rt_list.o)
    0x00002150   0x00002150   0x00000036   Code   RO         1063    i.rt_put_prio       RTX_CM3.lib(rt_list.o)
    0x00002186   0x00002186   0x00000002   PAD
    0x00002188   0x00002188   0x00000014   Code   RO         1064    i.rt_put_rdy_first  RTX_CM3.lib(rt_list.o)
    0x0000219c   0x0000219c   0x00000034   Code   RO         1065    i.rt_resort_prio    RTX_CM3.lib(rt_list.o)
    0x000021d0   0x000021d0   0x00000006   Code   RO         1345    i.rt_ret_val        RTX_CM3.lib(hal_cm.o)
    0x000021d6   0x000021d6   0x00000008   Code   RO         1346    i.rt_ret_val2       RTX_CM3.lib(hal_cm.o)
    0x000021de   0x000021de   0x00000028   Code   RO         1066    i.rt_rmv_dly        RTX_CM3.lib(rt_list.o)
    0x00002206   0x00002206   0x00000002   PAD
    0x00002208   0x00002208   0x00000030   Code   RO         1067    i.rt_rmv_list       RTX_CM3.lib(rt_list.o)
    0x00002238   0x00002238   0x00000034   Code   RO         1185    i.rt_sem_psh        RTX_CM3.lib(rt_semaphore.o)
    0x0000226c   0x0000226c   0x00000024   Code   RO          929    i.rt_stk_check      RTX_CM3.lib(rt_system.o)
    0x00002290   0x00002290   0x00000028   Code   RO          840    i.rt_switch_req     RTX_CM3.lib(rt_task.o)
    0x000022b8   0x000022b8   0x000000cc   Code   RO          841    i.rt_sys_init       RTX_CM3.lib(rt_task.o)
    0x00002384   0x00002384   0x00000078   Code   RO          842    i.rt_sys_start      RTX_CM3.lib(rt_task.o)
    0x000023fc   0x000023fc   0x00000040   Code   RO          931    i.rt_systick        RTX_CM3.lib(rt_system.o)
    0x0000243c   0x0000243c   0x00000012   Code   RO          267    i.rt_tid2ptcb       RTX_CM3.lib(rt_cmsis.o)
    0x0000244e   0x0000244e   0x00000002   PAD
    0x00002450   0x00002450   0x00000034   Code   RO          268    i.rt_timer_insert   RTX_CM3.lib(rt_cmsis.o)
    0x00002484   0x00002484   0x00000088   Code   RO          843    i.rt_tsk_create     RTX_CM3.lib(rt_task.o)
    0x0000250c   0x0000250c   0x0000017c   Code   RO          844    i.rt_tsk_delete     RTX_CM3.lib(rt_task.o)
    0x00002688   0x00002688   0x00000030   Code   RO          845    i.rt_tsk_pass       RTX_CM3.lib(rt_task.o)
    0x000026b8   0x000026b8   0x0000007c   Code   RO          846    i.rt_tsk_prio       RTX_CM3.lib(rt_task.o)
    0x00002734   0x00002734   0x00000010   Code   RO          847    i.rt_tsk_self       RTX_CM3.lib(rt_task.o)
    0x00002744   0x00002744   0x0000004c   Code   RO         1464    i.sqrt              m_ws.l(sqrt.o)
    0x00002790   0x00002790   0x00000012   Code   RO          270    i.svcDelay          RTX_CM3.lib(rt_cmsis.o)
    0x000027a2   0x000027a2   0x00000002   PAD
    0x000027a4   0x000027a4   0x00000070   Code   RO          271    i.svcKernelInitialize  RTX_CM3.lib(rt_cmsis.o)
    0x00002814   0x00002814   0x00000048   Code   RO          273    i.svcKernelStart    RTX_CM3.lib(rt_cmsis.o)
    0x0000285c   0x0000285c   0x00000024   Code   RO          276    i.svcMessageCreate  RTX_CM3.lib(rt_cmsis.o)
    0x00002880   0x00002880   0x0000003a   Code   RO          277    i.svcMessageGet     RTX_CM3.lib(rt_cmsis.o)
    0x000028ba   0x000028ba   0x00000024   Code   RO          289    i.svcSignalSet      RTX_CM3.lib(rt_cmsis.o)
    0x000028de   0x000028de   0x00000002   PAD
    0x000028e0   0x000028e0   0x00000054   Code   RO          290    i.svcSignalWait     RTX_CM3.lib(rt_cmsis.o)
    0x00002934   0x00002934   0x0000006c   Code   RO          291    i.svcThreadCreate   RTX_CM3.lib(rt_cmsis.o)
    0x000029a0   0x000029a0   0x0000001c   Code   RO          292    i.svcThreadGetId    RTX_CM3.lib(rt_cmsis.o)
    0x000029bc   0x000029bc   0x00000038   Code   RO          295    i.svcThreadTerminate  RTX_CM3.lib(rt_cmsis.o)
    0x000029f4   0x000029f4   0x0000000a   Code   RO          296    i.svcThreadYield    RTX_CM3.lib(rt_cmsis.o)
    0x000029fe   0x000029fe   0x00000018   Code   RO          297    i.svcTimerCall      RTX_CM3.lib(rt_cmsis.o)
    0x00002a16   0x00002a16   0x00000002   PAD
    0x00002a18   0x00002a18   0x0000005c   Code   RO          306    i.sysTimerTick      RTX_CM3.lib(rt_cmsis.o)
    0x00002a74   0x00002a74   0x00000050   Data   RO           12    .constdata          main.o
    0x00002ac4   0x00002ac4   0x00000068   Data   RO          122    .constdata          rtx_conf_cm.o
    0x00002b2c   0x00002b2c   0x00000004   PAD
    0x00002b30   0x00002b30   0x00000088   Data   RO         1425    .constdata          m_ws.l(pow.o)
    0x00002bb8   0x00002bb8   0x00000008   Data   RO         1462    .constdata          m_ws.l(qnan.o)
    0x00002bc0   0x00002bc0   0x00000030   Data   RO         1517    Region$$Table       anon$$obj.o


    Execution Region RW_IRAM1 (Exec base: 0x10000000, Load base: 0x00002bf0, Size: 0x000039e0, Max: 0x00008000, ABSOLUTE)

    Exec Addr    Load Addr    Size         Type   Attr      Idx    E Section Name        Object

    0x10000000        -       0x000039e0   Zero   RW          121    .bss                rtx_conf_cm.o


    Execution Region RW_IRAM2 (Exec base: 0x2007c000, Load base: 0x00002bf0, Size: 0x000002e8, Max: 0x00008000, ABSOLUTE)

    Exec Addr    Load Addr    Size         Type   Attr      Idx    E Section Name        Object

    0x2007c000   0x00002bf0   0x0000003c   Data   RW           13    .data               main.o
    0x2007c03c   0x00002c2c   0x00000014   Data   RW          123    .data               rtx_conf_cm.o
    0x2007c050   0x00002c40   0x00000008   Data   RW          309    .data               RTX_CM3.lib(rt_cmsis.o)
    0x2007c058   0x00002c48   0x00000008   Data   RW          849    .data               RTX_CM3.lib(rt_task.o)
    0x2007c060   0x00002c50   0x00000008   Data   RW          934    .data               RTX_CM3.lib(rt_system.o)
    0x2007c068   0x00002c58   0x00000004   Data   RW         1228    .data               RTX_CM3.lib(rt_time.o)
    0x2007c06c   0x00002c5c   0x00000001   Data   RW         1347    .data               RTX_CM3.lib(hal_cm.o)
    0x2007c06d   0x00002c5d   0x00000003   PAD
    0x2007c070   0x00002c60   0x00000004   Data   RW         1492    .data               mc_w.l(errno.o)
    0x2007c074        -       0x0000000f   Zero   RW           11    .bss                main.o
    0x2007c083   0x00002c64   0x00000001   PAD
    0x2007c084        -       0x00000034   Zero   RW          848    .bss                RTX_CM3.lib(rt_task.o)
    0x2007c0b8        -       0x00000030   Zero   RW         1068    .bss                RTX_CM3.lib(rt_list.o)
    0x2007c0e8        -       0x00000200   Zero   RW          163    STACK               startup_lpc17xx.o


==============================================================================

Image component sizes


      Code (inc. data)   RO Data    RW Data    ZI Data      Debug   Object Name

       546        132         80         60         15      13917   main.o
        82         12        104         20      14816       8774   rtx_conf_cm.o
        40         12        204          0        512       1036   startup_lpc17xx.o
       320         18          0          0          0        597   system_lpc17xx.o

    ----------------------------------------------------------------------
       994        174        440         80      15344      24324   Object Totals
         0          0         48          0          0          0   (incl. Generated)
         6          0          4          0          1          0   (incl. Padding)

    ----------------------------------------------------------------------

      Code (inc. data)   RO Data    RW Data    ZI Data      Debug   Library Member Name

       238         24          0          1          0       3244   hal_cm.o
       304         36          0          0          0        756   hal_cm3.o
      1414        172          0          8          0      38243   rt_cmsis.o
       272         18          0          0          0       2606   rt_event.o
       566         44          0          0         48       8688   rt_list.o
       554         10          0          0          0       3889   rt_mailbox.o
       140          0          0          0          0       1889   rt_membox.o
       128          0          0          0          0       2267   rt_memory.o
        52          4          0          0          0        565   rt_semaphore.o
       298         52          0          8          0       6139   rt_system.o
      1264        184          0          8         52      10023   rt_task.o
         6          0          0          4          0        636   rt_time.o
         4          4          0          0          0        196   svc_table.o
        62         10          0          0          0        340   dunder.o
        40          0          0          0          0         68   fpclassify.o
       170          0          0          0          0         96   poly.o
      2520        190        136          0          0        324   pow.o
         0          0          8          0          0          0   qnan.o
        76          0          0          0          0         84   sqrt.o
         0          0          0          0          0          0   entry.o
         0          0          0          0          0          0   entry10a.o
         0          0          0          0          0          0   entry11a.o
         4          0          0          0          0          0   entry12b.o
         8          4          0          0          0          0   entry2.o
         4          0          0          0          0          0   entry5.o
         0          0          0          0          0          0   entry7b.o
         0          0          0          0          0          0   entry8b.o
        12          6          0          4          0         68   errno.o
        30          0          0          0          0          0   handlers.o
        36          8          0          0          0         68   init.o
         0          0          0          0          0          0   iusefp.o
        30          0          0          0          0         68   llshl.o
        36          0          0          0          0         68   llsshr.o
        32          0          0          0          0         68   llushr.o
        18          0          0          0          0         68   strcpy.o
        48          0          0          0          0         68   cdrcmple.o
       334          0          0          0          0        148   dadd.o
       222          0          0          0          0        100   ddiv.o
       186          0          0          0          0        176   depilogue.o
        62          0          0          0          0         80   dfixi.o
        34          0          0          0          0         76   dflti.o
       228          0          0          0          0         96   dmul.o
        46          0          0          0          0         80   dscalb.o
       162          0          0          0          0        100   dsqrt.o

    ----------------------------------------------------------------------
      9670        766        144         36        100      81385   Library Totals
        30          0          0          3          0          0   (incl. Padding)

    ----------------------------------------------------------------------

      Code (inc. data)   RO Data    RW Data    ZI Data      Debug   Library Name

      5240        548          0         29        100      79141   RTX_CM3.lib
      2868        200        144          0          0        912   m_ws.l
       210         18          0          4          0        408   mc_w.l
      1322          0          0          0          0        924   mf_w.l

    ----------------------------------------------------------------------
      9670        766        144         36        100      81385   Library Totals

    ----------------------------------------------------------------------

==============================================================================


      Code (inc. data)   RO Data    RW Data    ZI Data      Debug   

     10664        940        584        116      15444      99985   Grand Totals
     10664        940        584        116      15444      99985   ELF Image Totals
     10664        940        584        116          0          0   ROM Totals

==============================================================================

    Total RO  Size (Code + RO Data)                11248 (  10.98kB)
    Total RW  Size (RW Data + ZI Data)             15560 (  15.20kB)
    Total ROM Size (Code + RO Data + RW Data)      11364 (  11.10kB)

==============================================================================

