Component: ARM Compiler 5.06 update 6 (build 750) Tool: armlink [4d35ed]

==============================================================================

Section Cross References

    main.o(i.main) refers to led.o(i.LED_Init) for LED_Init
    main.o(i.main) refers to glcd_spi_lpc1700.o(i.GLCD_Init) for GLCD_Init
    main.o(i.main) refers to glcd_spi_lpc1700.o(i.GLCD_Clear) for GLCD_Clear
    main.o(i.main) refers to glcd_spi_lpc1700.o(i.GLCD_SetTextColor) for GLCD_SetTextColor
    main.o(i.main) refers to glcd_spi_lpc1700.o(i.GLCD_SetBackColor) for GLCD_SetBackColor
    main.o(i.main) refers to glcd_spi_lpc1700.o(i.GLCD_DisplayString) for GLCD_DisplayString
    main.o(i.main) refers to rt_cmsis.o(i.osKernelInitialize) for osKernelInitialize
    main.o(i.main) refers to thread.o(i.Init_Thread) for Init_Thread
    main.o(i.main) refers to rt_cmsis.o(i.osKernelStart) for osKernelStart
    main.o(i.main) refers to rt_cmsis.o(i.osDelay) for osDelay
    thread.o(i.Init_Thread) refers to rt_cmsis.o(i.osThreadCreate) for osThreadCreate
    thread.o(i.Init_Thread) refers to thread.o(.constdata) for os_thread_def_ThreadA
    thread.o(i.Init_Thread) refers to thread.o(.data) for tid_ThreadA
    thread.o(i.ThreadA) refers to led.o(i.LED_On) for LED_On
    thread.o(i.ThreadA) refers to led.o(i.LED_Off) for LED_Off
    thread.o(i.ThreadA) refers to printf8.o(i.__0sprintf$8) for __2sprintf
    thread.o(i.ThreadA) refers to glcd_spi_lpc1700.o(i.GLCD_DisplayString) for GLCD_DisplayString
    thread.o(i.ThreadA) refers to thread.o(.data) for counter
    thread.o(i.ThreadA) refers to thread.o(.bss) for Ac_str
    thread.o(i.ThreadB) refers to led.o(i.LED_On) for LED_On
    thread.o(i.ThreadB) refers to led.o(i.LED_Off) for LED_Off
    thread.o(i.ThreadB) refers to printf8.o(i.__0sprintf$8) for __2sprintf
    thread.o(i.ThreadB) refers to glcd_spi_lpc1700.o(i.GLCD_DisplayString) for GLCD_DisplayString
    thread.o(i.ThreadB) refers to dflti.o(.text) for __aeabi_i2d
    thread.o(i.ThreadB) refers to pow.o(i.pow) for pow
    thread.o(i.ThreadB) refers to ddiv.o(.text) for __aeabi_ddiv
    thread.o(i.ThreadB) refers to dadd.o(.text) for __aeabi_dadd
    thread.o(i.ThreadB) refers to dfixi.o(.text) for __aeabi_d2iz
    thread.o(i.ThreadB) refers to thread.o(.data) for counter
    thread.o(i.ThreadB) refers to thread.o(.bss) for Bc_str
    thread.o(i.ThreadC) refers to led.o(i.LED_On) for LED_On
    thread.o(i.ThreadC) refers to led.o(i.LED_Off) for LED_Off
    thread.o(i.ThreadC) refers to printf8.o(i.__0sprintf$8) for __2sprintf
    thread.o(i.ThreadC) refers to glcd_spi_lpc1700.o(i.GLCD_DisplayString) for GLCD_DisplayString
    thread.o(i.ThreadC) refers to thread.o(.data) for n
    thread.o(i.ThreadC) refers to thread.o(.bss) for Cc_str
    thread.o(i.ThreadD) refers to led.o(i.LED_On) for LED_On
    thread.o(i.ThreadD) refers to led.o(i.LED_Off) for LED_Off
    thread.o(i.ThreadD) refers to printf8.o(i.__0sprintf$8) for __2sprintf
    thread.o(i.ThreadD) refers to glcd_spi_lpc1700.o(i.GLCD_DisplayString) for GLCD_DisplayString
    thread.o(i.ThreadD) refers to dflti.o(.text) for __aeabi_i2d
    thread.o(i.ThreadD) refers to pow.o(i.pow) for pow
    thread.o(i.ThreadD) refers to ddiv.o(.text) for __aeabi_ddiv
    thread.o(i.ThreadD) refers to dadd.o(.text) for __aeabi_dadd
    thread.o(i.ThreadD) refers to dfixi.o(.text) for __aeabi_d2iz
    thread.o(i.ThreadD) refers to thread.o(.data) for n
    thread.o(i.ThreadD) refers to thread.o(.bss) for Dc_str
    thread.o(i.ThreadE) refers to led.o(i.LED_On) for LED_On
    thread.o(i.ThreadE) refers to led.o(i.LED_Off) for LED_Off
    thread.o(i.ThreadE) refers to printf8.o(i.__0sprintf$8) for __2sprintf
    thread.o(i.ThreadE) refers to glcd_spi_lpc1700.o(i.GLCD_DisplayString) for GLCD_DisplayString
    thread.o(i.ThreadE) refers to dflti.o(.text) for __aeabi_i2d
    thread.o(i.ThreadE) refers to pow.o(i.pow) for pow
    thread.o(i.ThreadE) refers to dmul.o(.text) for __aeabi_dmul
    thread.o(i.ThreadE) refers to dadd.o(.text) for __aeabi_dadd
    thread.o(i.ThreadE) refers to dfixi.o(.text) for __aeabi_d2iz
    thread.o(i.ThreadE) refers to thread.o(.data) for r
    thread.o(i.ThreadE) refers to thread.o(.bss) for Ec_str
    thread.o(.constdata) refers to thread.o(i.ThreadA) for ThreadA
    thread.o(.constdata) refers to thread.o(i.ThreadB) for ThreadB
    thread.o(.constdata) refers to thread.o(i.ThreadC) for ThreadC
    thread.o(.constdata) refers to thread.o(i.ThreadD) for ThreadD
    thread.o(.constdata) refers to thread.o(i.ThreadE) for ThreadE
    glcd_spi_lpc1700.o(i.GLCD_Bargraph) refers to glcd_spi_lpc1700.o(i.GLCD_SetWindow) for GLCD_SetWindow
    glcd_spi_lpc1700.o(i.GLCD_Bargraph) refers to glcd_spi_lpc1700.o(i.wr_cmd) for wr_cmd
    glcd_spi_lpc1700.o(i.GLCD_Bargraph) refers to glcd_spi_lpc1700.o(i.wr_dat_start) for wr_dat_start
[...]
    Removing startup_lpc17xx.o(HEAP), (0 bytes).
    Removing system_lpc17xx.o(.rev16_text), (4 bytes).
    Removing system_lpc17xx.o(.revsh_text), (4 bytes).
    Removing system_lpc17xx.o(.rrx_text), (6 bytes).
    Removing system_lpc17xx.o(i.SystemCoreClockUpdate), (424 bytes).
    Removing system_lpc17xx.o(.data), (4 bytes).
    Removing rt_cmsis.o(.rev16_text), (4 bytes).
    Removing rt_cmsis.o(.revsh_text), (4 bytes).
    Removing rt_cmsis.o(.rrx_text), (6 bytes).
    Removing rt_cmsis.o(i.isrSemaphoreRelease), (40 bytes).
    Removing rt_cmsis.o(i.isrSignalSet), (36 bytes).
    Removing rt_cmsis.o(i.osKernelRunning), (36 bytes).
    Removing rt_cmsis.o(i.osKernelSysTick), (24 bytes).
    Removing rt_cmsis.o(i.osMailAlloc), (28 bytes).
    Removing rt_cmsis.o(i.osMailCAlloc), (48 bytes).
    Removing rt_cmsis.o(i.osMailCreate), (44 bytes).
    Removing rt_cmsis.o(i.osMailFree), (28 bytes).
    Removing rt_cmsis.o(i.osMailGet), (22 bytes).
    Removing rt_cmsis.o(i.osMailPut), (20 bytes).
    Removing rt_cmsis.o(i.osMessageCreate), (44 bytes).
    Removing rt_cmsis.o(i.osMessagePut), (24 bytes).
    Removing rt_cmsis.o(i.osMutexCreate), (44 bytes).
    Removing rt_cmsis.o(i.osMutexDelete), (24 bytes).
    Removing rt_cmsis.o(i.osMutexRelease), (24 bytes).
    Removing rt_cmsis.o(i.osMutexWait), (24 bytes).
    Removing rt_cmsis.o(i.osPoolAlloc), (32 bytes).
    Removing rt_cmsis.o(i.osPoolCAlloc), (52 bytes).
    Removing rt_cmsis.o(i.osPoolCreate), (44 bytes).
    Removing rt_cmsis.o(i.osPoolFree), (32 bytes).
    Removing rt_cmsis.o(i.osSemaphoreCreate), (44 bytes).
    Removing rt_cmsis.o(i.osSemaphoreDelete), (24 bytes).
    Removing rt_cmsis.o(i.osSemaphoreRelease), (24 bytes).
    Removing rt_cmsis.o(i.osSemaphoreWait), (24 bytes).
    Removing rt_cmsis.o(i.osSignalClear), (24 bytes).
    Removing rt_cmsis.o(i.osSignalSet), (24 bytes).
    Removing rt_cmsis.o(i.osSignalWait), (24 bytes).
    Removing rt_cmsis.o(i.osThreadGetId), (24 bytes).
    Removing rt_cmsis.o(i.osThreadGetPriority), (24 bytes).
    Removing rt_cmsis.o(i.osThreadSetPriority), (24 bytes).
    Removing rt_cmsis.o(i.osThreadTerminate), (24 bytes).
    Removing rt_cmsis.o(i.osThreadYield), (24 bytes).
    Removing rt_cmsis.o(i.osTimerCreate), (44 bytes).
    Removing rt_cmsis.o(i.osTimerDelete), (24 bytes).
    Removing rt_cmsis.o(i.osTimerStart), (24 bytes).
    Removing rt_cmsis.o(i.osTimerStop), (24 bytes).
    Removing rt_cmsis.o(i.osWait), (4 bytes).
    Removing rt_cmsis.o(i.os_resume), (12 bytes).
    Removing rt_cmsis.o(i.os_suspend), (12 bytes).
    Removing rt_cmsis.o(i.rt_clr_box), (24 bytes).
    Removing rt_cmsis.o(i.rt_timer_remove), (60 bytes).
    Removing rt_cmsis.o(i.svcKernelRunning), (12 bytes).
    Removing rt_cmsis.o(i.svcKernelSysTick), (56 bytes).
    Removing rt_cmsis.o(i.svcMailCreate), (66 bytes).
    Removing rt_cmsis.o(i.svcMessagePut), (54 bytes).
    Removing rt_cmsis.o(i.svcMutexCreate), (28 bytes).
    Removing rt_cmsis.o(i.svcMutexDelete), (26 bytes).
    Removing rt_cmsis.o(i.svcMutexRelease), (34 bytes).
    Removing rt_cmsis.o(i.svcMutexWait), (58 bytes).
    Removing rt_cmsis.o(i.svcPoolCreate), (40 bytes).
    Removing rt_cmsis.o(i.svcSemaphoreCreate), (36 bytes).
    Removing rt_cmsis.o(i.svcSemaphoreDelete), (26 bytes).
    Removing rt_cmsis.o(i.svcSemaphoreRelease), (40 bytes).
    Removing rt_cmsis.o(i.svcSemaphoreWait), (50 bytes).
    Removing rt_cmsis.o(i.svcSignalClear), (36 bytes).
    Removing rt_cmsis.o(i.svcSignalSet), (36 bytes).
    Removing rt_cmsis.o(i.svcSignalWait), (84 bytes).
    Removing rt_cmsis.o(i.svcThreadGetPriority), (18 bytes).
    Removing rt_cmsis.o(i.svcThreadSetPriority), (46 bytes).
    Removing rt_cmsis.o(i.svcThreadYield), (10 bytes).
    Removing rt_cmsis.o(i.svcTimerCreate), (56 bytes).
    Removing rt_cmsis.o(i.svcTimerDelete), (40 bytes).
    Removing rt_cmsis.o(i.svcTimerStart), (100 bytes).
    Removing rt_cmsis.o(i.svcTimerStop), (36 bytes).
    Removing rt_cmsis.o(i.sysMailAlloc), (88 bytes).
    Removing rt_cmsis.o(i.sysMailFree), (96 bytes).
    Removing rt_cmsis.o(i.sysPoolAlloc), (10 bytes).
    Removing rt_cmsis.o(i.sysPoolFree), (20 bytes).
    Removing rt_cmsis.o(i.sysUserTimerUpdate), (48 bytes).
    Removing rt_cmsis.o(i.sysUserTimerWakeupTime), (20 bytes).
    Removing rt_task.o(i.rt_tsk_pass), (48 bytes).
    Removing rt_system.o(.emb_text), (0 bytes).
    Removing rt_system.o(i.os_tick_ovf), (16 bytes).
    Removing rt_system.o(i.os_tick_val), (20 bytes).
    Removing rt_system.o(i.rt_resume), (136 bytes).
    Removing rt_system.o(i.rt_suspend), (36 bytes).
    Removing rt_system.o(i.rt_tsk_lock), (80 bytes).
    Removing rt_system.o(i.rt_tsk_unlock), (80 bytes).
    Removing rt_event.o(i.isr_evt_set), (40 bytes).
    Removing rt_event.o(i.rt_evt_clr), (28 bytes).
    Removing rt_event.o(i.rt_evt_get), (12 bytes).
    Removing rt_event.o(i.rt_evt_set), (92 bytes).
    Removing rt_event.o(i.rt_evt_wait), (60 bytes).
    Removing rt_list.o(i.rt_get_same_rdy_prio), (36 bytes).
    Removing rt_mailbox.o(i.rt_mbx_send), (152 bytes).
    Removing rt_semaphore.o(i.isr_sem_send), (16 bytes).
    Removing rt_semaphore.o(i.rt_sem_delete), (92 bytes).
    Removing rt_semaphore.o(i.rt_sem_init), (12 bytes).
    Removing rt_semaphore.o(i.rt_sem_send), (42 bytes).
    Removing rt_semaphore.o(i.rt_sem_wait), (64 bytes).
    Removing rt_time.o(i.rt_itv_set), (24 bytes).
    Removing rt_time.o(i.rt_itv_wait), (40 bytes).
    Removing rt_time.o(i.rt_time_get), (12 bytes).
    Removing rt_mutex.o(i.rt_mut_delete), (176 bytes).
    Removing rt_mutex.o(i.rt_mut_init), (16 bytes).
    Removing rt_mutex.o(i.rt_mut_release), (216 bytes).
    Removing rt_mutex.o(i.rt_mut_wait), (120 bytes).
    Removing rt_membox.o(i._calloc_box), (30 bytes).
    Removing rt_robin.o(i.rt_chk_robin), (72 bytes).
    Removing rt_robin.o(i.rt_init_robin), (24 bytes).
    Removing rt_robin.o(.data), (8 bytes).
    Removing dfixul.o(.text), (48 bytes).
    Removing cdcmple.o(.text), (48 bytes).

131 unused section(s) (total 5390 bytes) removed from the image.

==============================================================================

Image Symbol Table

    Local Symbols

    Symbol Name                              Value     Ov Type        Size  Object(Section)

    RESET                                    0x00000000   Section      204  startup_lpc17xx.o(RESET)
    ../clib/microlib/division.c              0x00000000   Number         0  uidiv.o ABSOLUTE
    ../clib/microlib/division.c              0x00000000   Number         0  uldiv.o ABSOLUTE
    ../clib/microlib/errno.c                 0x00000000   Number         0  errno.o ABSOLUTE
    ../clib/microlib/init/entry.s            0x00000000   Number         0  entry10b.o ABSOLUTE
    ../clib/microlib/init/entry.s            0x00000000   Number         0  entry8b.o ABSOLUTE
    ../clib/microlib/init/entry.s            0x00000000   Number         0  entry2.o ABSOLUTE
    ../clib/microlib/init/entry.s            0x00000000   Number         0  entry11b.o ABSOLUTE
    ../clib/microlib/init/entry.s            0x00000000   Number         0  entry.o ABSOLUTE
    ../clib/microlib/init/entry.s            0x00000000   Number         0  entry11a.o ABSOLUTE
    ../clib/microlib/init/entry.s            0x00000000   Number         0  entry5.o ABSOLUTE
    ../clib/microlib/init/entry.s            0x00000000   Number         0  entry7a.o ABSOLUTE
    ../clib/microlib/init/entry.s            0x00000000   Number         0  entry7b.o ABSOLUTE
    ../clib/microlib/init/entry.s            0x00000000   Number         0  entry8a.o ABSOLUTE
    ../clib/microlib/init/entry.s            0x00000000   Number         0  entry10a.o ABSOLUTE
    ../clib/microlib/longlong.c              0x00000000   Number         0  llsshr.o ABSOLUTE
    ../clib/microlib/longlong.c              0x00000000   Number         0  llushr.o ABSOLUTE
    ../clib/microlib/longlong.c              0x00000000   Number         0  llshl.o ABSOLUTE
    ../clib/microlib/printf/printf.c         0x00000000   Number         0  printf6.o ABSOLUTE
    ../clib/microlib/printf/printf.c         0x00000000   Number         0  printf7.o ABSOLUTE
    ../clib/microlib/printf/printf.c         0x00000000   Number         0  printf8.o ABSOLUTE
    ../clib/microlib/printf/printf.c         0x00000000   Number         0  printf0.o ABSOLUTE
    ../clib/microlib/printf/printf.c         0x00000000   Number         0  printfb.o ABSOLUTE
    ../clib/microlib/printf/printf.c         0x00000000   Number         0  printfa.o ABSOLUTE
    ../clib/microlib/printf/printf.c         0x00000000   Number         0  printf1.o ABSOLUTE
    ../clib/microlib/printf/printf.c         0x00000000   Number         0  printf5.o ABSOLUTE
    ../clib/microlib/printf/printf.c         0x00000000   Number         0  printf4.o ABSOLUTE
    ../clib/microlib/printf/printf.c         0x00000000   Number         0  printf3.o ABSOLUTE
    ../clib/microlib/printf/printf.c         0x00000000   Number         0  printf2.o ABSOLUTE
    ../clib/microlib/printf/stubs.s          0x00000000   Number         0  stubs.o ABSOLUTE
    ../clib/microlib/stubs.s                 0x00000000   Number         0  iusefp.o ABSOLUTE
    ../fplib/microlib/fpadd.c                0x00000000   Number         0  dadd.o ABSOLUTE
    ../fplib/microlib/fpdiv.c                0x00000000   Number         0  ddiv.o ABSOLUTE
    ../fplib/microlib/fpepilogue.c           0x00000000   Number         0  depilogue.o ABSOLUTE
    ../fplib/microlib/fpfix.c                0x00000000   Number         0  dfixul.o ABSOLUTE
    ../fplib/microlib/fpfix.c                0x00000000   Number         0  dfixi.o ABSOLUTE
    ../fplib/microlib/fpflt.c                0x00000000   Number         0  dflti.o ABSOLUTE
    ../fplib/microlib/fpmul.c                0x00000000   Number         0  dmul.o ABSOLUTE
    ../fplib/microlib/fpscalb.c              0x00000000   Number         0  dscalb.o ABSOLUTE
    ../fplib/microlib/fpsqrt.c               0x00000000   Number         0  dsqrt.o ABSOLUTE
    ../mathlib/dunder.c                      0x00000000   Number         0  dunder.o ABSOLUTE
    ../mathlib/fpclassify.c                  0x00000000   Number         0  fpclassify.o ABSOLUTE
    ../mathlib/poly.c                        0x00000000   Number         0  poly.o ABSOLUTE
    ../mathlib/pow.c                         0x00000000   Number         0  pow_x.o ABSOLUTE
    ../mathlib/pow.c                         0x00000000   Number         0  pow.o ABSOLUTE
    ../mathlib/qnan.c                        0x00000000   Number         0  qnan.o ABSOLUTE
    ../mathlib/sqrt.c                        0x00000000   Number         0  sqrt_x.o ABSOLUTE
    ../mathlib/sqrt.c                        0x00000000   Number         0  sqrt.o ABSOLUTE
    ..\HAL_CM.c                              0x00000000   Number         0  hal_cm.o ABSOLUTE
    ..\\rt_CMSIS.c                           0x00000000   Number         0  rt_cmsis.o ABSOLUTE
    ..\\rt_System.c                          0x00000000   Number         0  rt_system.o ABSOLUTE
    ..\rt_CMSIS.c                            0x00000000   Number         0  rt_cmsis.o ABSOLUTE
    ..\rt_Event.c                            0x00000000   Number         0  rt_event.o ABSOLUTE
    ..\rt_List.c                             0x00000000   Number         0  rt_list.o ABSOLUTE
    ..\rt_Mailbox.c                          0x00000000   Number         0  rt_mailbox.o ABSOLUTE
    ..\rt_MemBox.c                           0x00000000   Number         0  rt_membox.o ABSOLUTE
    ..\rt_Memory.c                           0x00000000   Number         0  rt_memory.o ABSOLUTE
    ..\rt_Mutex.c                            0x00000000   Number         0  rt_mutex.o ABSOLUTE
    ..\rt_Robin.c                            0x00000000   Number         0  rt_robin.o ABSOLUTE
    ..\rt_Semaphore.c                        0x00000000   Number         0  rt_semaphore.o ABSOLUTE
    ..\rt_System.c                           0x00000000   Number         0  rt_system.o ABSOLUTE
    ..\rt_Task.c                             0x00000000   Number         0  rt_task.o ABSOLUTE
    ..\rt_Time.c                             0x00000000   Number         0  rt_time.o ABSOLUTE
    GLCD_SPI_LPC1700.c                       0x00000000   Number         0  glcd_spi_lpc1700.o ABSOLUTE
    GLCD_SPI_LPC1700.c                       0x00000000   Number         0  glcd_spi_lpc1700.o ABSOLUTE
    HAL_CM3.c                                0x00000000   Number         0  hal_cm3.o ABSOLUTE
    HAL_CM3.c                                0x00000000   Number         0  hal_cm3.o ABSOLUTE
    LED.c                                    0x00000000   Number         0  led.o ABSOLUTE
    LED.c                                    0x00000000   Number         0  led.o ABSOLUTE
    RTE\CMSIS\RTX_Conf_CM.c                  0x00000000   Number         0  rtx_conf_cm.o ABSOLUTE
    RTE\Device\LPC1768\startup_LPC17xx.s     0x00000000   Number         0  startup_lpc17xx.o ABSOLUTE
    RTE\Device\LPC1768\system_LPC17xx.c      0x00000000   Number         0  system_lpc17xx.o ABSOLUTE
    RTE\\Device\\LPC1768\\system_LPC17xx.c   0x00000000   Number         0  system_lpc17xx.o ABSOLUTE
    SVC_Table.s                              0x00000000   Number         0  svc_table.o ABSOLUTE
    Thread.c                                 0x00000000   Number         0  thread.o ABSOLUTE
    cdcmple.s                                0x00000000   Number         0  cdcmple.o ABSOLUTE
    cdrcmple.s                               0x00000000   Number         0  cdrcmple.o ABSOLUTE
    dc.s                                     0x00000000   Number         0  dc.o ABSOLUTE
    handlers.s                               0x00000000   Number         0  handlers.o ABSOLUTE
    init.s                                   0x00000000   Number         0  init.o ABSOLUTE
    main.c                                   0x00000000   Number         0  main.o ABSOLUTE
    main.c                                   0x00000000   Number         0  main.o ABSOLUTE
    .ARM.Collect$$$$00000000                 0x000000cc   Section        0  entry.o(.ARM.Collect$$$$00000000)
    .ARM.Collect$$$$00000001                 0x000000cc   Section        4  entry2.o(.ARM.Collect$$$$00000001)
    .ARM.Collect$$$$00000004                 0x000000d0   Section        4  entry5.o(.ARM.Collect$$$$00000004)
    .ARM.Collect$$$$00000008                 0x000000d4   Section        0  entry7b.o(.ARM.Collect$$$$00000008)
    .ARM.Collect$$$$0000000A                 0x000000d4   Section        0  entry8b.o(.ARM.Collect$$$$0000000A)
    .ARM.Collect$$$$0000000D                 0x000000d4   Section        0  entry10a.o(.ARM.Collect$$$$0000000D)
    .ARM.Collect$$$$0000000F                 0x000000d4   Section        0  entry11a.o(.ARM.Collect$$$$0000000F)
    .ARM.Collect$$$$000000FF                 0x000000d4   Section        0  rtx_conf_cm.o(.ARM.Collect$$$$000000FF)
    .ARM.Collect$$$$00002712                 0x000000ec   Section        4  entry2.o(.ARM.Collect$$$$00002712)
    __lit__00000000                          0x000000ec   Data           4  entry2.o(.ARM.Collect$$$$00002712)
    .emb_text                                0x000000f0   Section      304  hal_cm3.o(.emb_text)
    .text                                    0x00000220   Section       36  startup_lpc17xx.o(.text)
    .text                                    0x00000244   Section        0  uldiv.o(.text)
    .text                                    0x000002a6   Section        0  dflti.o(.text)
    .text                                    0x000002c8   Section        0  llshl.o(.text)
    .text                                    0x000002e6   Section        0  iusefp.o(.text)
    SVC_TABLE                                0x000002e8   Section        4  svc_table.o(SVC_TABLE)
    i.GLCD_SetBackColor                      0x000002ec   Section        0  glcd_spi_lpc1700.o(i.GLCD_SetBackColor)
    i.__mathlib_dbl_infnan2                  0x000002f8   Section        0  dunder.o(i.__mathlib_dbl_infnan2)
    .ARM.__at_0x02FC                         0x000002fc   Section        4  startup_lpc17xx.o(.ARM.__at_0x02FC)
    .text                                    0x00000300   Section        0  dadd.o(.text)
    .text                                    0x0000044e   Section        0  dmul.o(.text)
    .text                                    0x00000532   Section        0  ddiv.o(.text)
    .text                                    0x00000610   Section        0  dfixi.o(.text)
    .text                                    0x0000064e   Section        0  llushr.o(.text)
    .text                                    0x0000066e   Section        0  llsshr.o(.text)
    .text                                    0x00000692   Section        0  depilogue.o(.text)
    .text                                    0x0000074c   Section        0  dscalb.o(.text)
    .text                                    0x0000077c   Section       48  cdrcmple.o(.text)
    .text                                    0x000007ac   Section       36  init.o(.text)
    .text                                    0x000007d0   Section        0  dsqrt.o(.text)
    i.GLCD_Clear                             0x00000872   Section        0  glcd_spi_lpc1700.o(i.GLCD_Clear)
    i.GLCD_DisplayChar                       0x0000089c   Section        0  glcd_spi_lpc1700.o(i.GLCD_DisplayChar)
    i.GLCD_DisplayString                     0x000008f8   Section        0  glcd_spi_lpc1700.o(i.GLCD_DisplayString)
    i.GLCD_DrawChar                          0x00000920   Section        0  glcd_spi_lpc1700.o(i.GLCD_DrawChar)
    i.GLCD_Init                              0x000009bc   Section        0  glcd_spi_lpc1700.o(i.GLCD_Init)
    i.GLCD_SetTextColor                      0x00000fa4   Section        0  glcd_spi_lpc1700.o(i.GLCD_SetTextColor)
    i.GLCD_SetWindow                         0x00000fb0   Section        0  glcd_spi_lpc1700.o(i.GLCD_SetWindow)
    i.GLCD_WindowMax                         0x0000105c   Section        0  glcd_spi_lpc1700.o(i.GLCD_WindowMax)
    i.Init_Thread                            0x00001070   Section        0  thread.o(i.Init_Thread)
    i.LED_Init                               0x000010e8   Section        0  led.o(i.LED_Init)
    i.LED_Off                                0x00001118   Section        0  led.o(i.LED_Off)
    i.LED_On                                 0x00001148   Section        0  led.o(i.LED_On)
    i.SystemInit                             0x00001178   Section        0  system_lpc17xx.o(i.SystemInit)
    i.ThreadA                                0x000012b8   Section        0  thread.o(i.ThreadA)
    i.ThreadB                                0x0000135c   Section        0  thread.o(i.ThreadB)
    i.ThreadC                                0x00001450   Section        0  thread.o(i.ThreadC)
    i.ThreadD                                0x000014fc   Section        0  thread.o(i.ThreadD)
    i.ThreadE                                0x00001608   Section        0  thread.o(i.ThreadE)
    i.__0sprintf$8                           0x00001704   Section        0  printf8.o(i.__0sprintf$8)
    i.__ARM_fpclassify                       0x0000172c   Section        0  fpclassify.o(i.__ARM_fpclassify)
    i.__kernel_poly                          0x00001754   Section        0  poly.o(i.__kernel_poly)
    i.__mathlib_dbl_divzero                  0x00001800   Section        0  dunder.o(i.__mathlib_dbl_divzero)
    i.__mathlib_dbl_invalid                  0x00001810   Section        0  dunder.o(i.__mathlib_dbl_invalid)
    i.__mathlib_dbl_overflow                 0x0000181c   Section        0  dunder.o(i.__mathlib_dbl_overflow)
    i.__mathlib_dbl_underflow                0x0000182c   Section        0  dunder.o(i.__mathlib_dbl_underflow)
    i.__scatterload_copy                     0x0000183c   Section       14  handlers.o(i.__scatterload_copy)
    i.__scatterload_null                     0x0000184a   Section        2  handlers.o(i.__scatterload_null)
    i.__scatterload_zeroinit                 0x0000184c   Section       14  handlers.o(i.__scatterload_zeroinit)
    i.__set_errno                            0x0000185c   Section        0  errno.o(i.__set_errno)
    i._init_box                              0x00001868   Section        0  rt_membox.o(i._init_box)
    i._printf_core                           0x000018b0   Section        0  printf8.o(i._printf_core)
    _printf_core                             0x000018b1   Thumb Code   996  printf8.o(i._printf_core)
    i._printf_post_padding                   0x00001cc0   Section        0  printf8.o(i._printf_post_padding)
    _printf_post_padding                     0x00001cc1   Thumb Code    36  printf8.o(i._printf_post_padding)
    i._printf_pre_padding                    0x00001ce4   Section        0  printf8.o(i._printf_pre_padding)
    _printf_pre_padding                      0x00001ce5   Thumb Code    46  printf8.o(i._printf_pre_padding)
    i._sputc                                 0x00001d12   Section        0  printf8.o(i._sputc)
    _sputc                                   0x00001d13   Thumb Code    10  printf8.o(i._sputc)
    i.dbg_init                               0x00001d1c   Section        0  hal_cm.o(i.dbg_init)
    i.dbg_task_notify                        0x00001d4c   Section        0  hal_cm.o(i.dbg_task_notify)
    i.dbg_task_switch                        0x00001d6c   Section        0  hal_cm.o(i.dbg_task_switch)
    i.delay                                  0x00001d7c   Section        0  glcd_spi_lpc1700.o(i.delay)
    delay                                    0x00001d7d   Thumb Code    14  glcd_spi_lpc1700.o(i.delay)
    i.isrMessageGet                          0x00001d8a   Section        0  rt_cmsis.o(i.isrMessageGet)
    i.isrMessagePut                          0x00001db4   Section        0  rt_cmsis.o(i.isrMessagePut)
    i.isr_mbx_receive                        0x00001de0   Section        0  rt_mailbox.o(i.isr_mbx_receive)
    i.isr_mbx_send                           0x00001e36   Section        0  rt_mailbox.o(i.isr_mbx_send)
    i.main                                   0x00001e44   Section        0  main.o(i.main)
    i.osDelay                                0x00001f4c   Section        0  rt_cmsis.o(i.osDelay)
    i.osKernelInitialize                     0x00001f64   Section        0  rt_cmsis.o(i.osKernelInitialize)
    i.osKernelStart                          0x00001f88   Section        0  rt_cmsis.o(i.osKernelStart)
    i.osMessageGet                           0x00001ff4   Section        0  rt_cmsis.o(i.osMessageGet)
    i.osThreadCreate                         0x0000200c   Section        0  rt_cmsis.o(i.osThreadCreate)
    i.osThreadExit                           0x00002038   Section        0  rt_cmsis.o(i.osThreadExit)
    i.osTimerCall                            0x00002050   Section        0  rt_cmsis.o(i.osTimerCall)
    i.osTimerThread                          0x0000205c   Section        0  rt_cmsis.o(i.osTimerThread)
    i.os_error                               0x00002088   Section        0  rtx_conf_cm.o(i.os_error)
    i.os_idle_demon                          0x000020ac   Section        0  rtx_conf_cm.o(i.os_idle_demon)
    i.os_tick_init                           0x000020c0   Section        0  rt_system.o(i.os_tick_init)
    i.os_tick_irqack                         0x000020e8   Section        0  rt_system.o(i.os_tick_irqack)
    i.pow                                    0x000020ec   Section        0  pow.o(i.pow)
    i.rd_id_man                              0x00002ac4   Section        0  glcd_spi_lpc1700.o(i.rd_id_man)
    rd_id_man                                0x00002ac5   Thumb Code   132  glcd_spi_lpc1700.o(i.rd_id_man)
    i.rd_reg                                 0x00002b50   Section        0  glcd_spi_lpc1700.o(i.rd_reg)
    rd_reg                                   0x00002b51   Thumb Code    66  glcd_spi_lpc1700.o(i.rd_reg)
    i.rt_alloc_box                           0x00002b98   Section        0  rt_membox.o(i.rt_alloc_box)
    i.rt_alloc_mem                           0x00002bb2   Section        0  rt_memory.o(i.rt_alloc_mem)
    i.rt_block                               0x00002bf0   Section        0  rt_task.o(i.rt_block)
    i.rt_chk_robin                           0x00002c28   Section        0  rtx_conf_cm.o(i.rt_chk_robin)
    i.rt_dec_dly                             0x00002c2c   Section        0  rt_list.o(i.rt_dec_dly)
    i.rt_dispatch                            0x00002c9c   Section        0  rt_task.o(i.rt_dispatch)
    i.rt_dly_wait                            0x00002ce0   Section        0  rt_time.o(i.rt_dly_wait)
    i.rt_evt_psh                             0x00002ce8   Section        0  rt_event.o(i.rt_evt_psh)
    i.rt_free_box                            0x00002d38   Section        0  rt_membox.o(i.rt_free_box)
    i.rt_free_mem                            0x00002d64   Section        0  rt_memory.o(i.rt_free_mem)
    i.rt_get_first                           0x00002d8c   Section        0  rt_list.o(i.rt_get_first)
    i.rt_id2obj                              0x00002db4   Section        0  rt_cmsis.o(i.rt_id2obj)
    rt_id2obj                                0x00002db5   Thumb Code     8  rt_cmsis.o(i.rt_id2obj)
    i.rt_init_context                        0x00002dbc   Section        0  rt_task.o(i.rt_init_context)
    rt_init_context                          0x00002dbd   Thumb Code    66  rt_task.o(i.rt_init_context)
    i.rt_init_mem                            0x00002e04   Section        0  rt_memory.o(i.rt_init_mem)
    i.rt_init_robin                          0x00002e1e   Section        0  rtx_conf_cm.o(i.rt_init_robin)
    i.rt_init_stack                          0x00002e20   Section        0  hal_cm.o(i.rt_init_stack)
    i.rt_mbx_check                           0x00002ea0   Section        0  rt_mailbox.o(i.rt_mbx_check)
    i.rt_mbx_init                            0x00002ea8   Section        0  rt_mailbox.o(i.rt_mbx_init)
    i.rt_mbx_psh                             0x00002ec4   Section        0  rt_mailbox.o(i.rt_mbx_psh)
    i.rt_mbx_wait                            0x00002fb4   Section        0  rt_mailbox.o(i.rt_mbx_wait)
    i.rt_ms2tick                             0x00003068   Section        0  rt_cmsis.o(i.rt_ms2tick)
    rt_ms2tick                               0x00003069   Thumb Code    58  rt_cmsis.o(i.rt_ms2tick)
    i.rt_pop_req                             0x000030ac   Section        0  rt_system.o(i.rt_pop_req)
    i.rt_psh_req                             0x00003128   Section        0  rt_system.o(i.rt_psh_req)
    i.rt_psq_enq                             0x00003148   Section        0  rt_list.o(i.rt_psq_enq)
    i.rt_put_dly                             0x000031a4   Section        0  rt_list.o(i.rt_put_dly)
    i.rt_put_prio                            0x000031ec   Section        0  rt_list.o(i.rt_put_prio)
    i.rt_put_rdy_first                       0x00003224   Section        0  rt_list.o(i.rt_put_rdy_first)
    i.rt_resort_prio                         0x00003238   Section        0  rt_list.o(i.rt_resort_prio)
    i.rt_ret_val                             0x0000326c   Section        0  hal_cm.o(i.rt_ret_val)
    i.rt_ret_val2                            0x00003272   Section        0  hal_cm.o(i.rt_ret_val2)
    i.rt_rmv_dly                             0x0000327a   Section        0  rt_list.o(i.rt_rmv_dly)
    i.rt_rmv_list                            0x000032a4   Section        0  rt_list.o(i.rt_rmv_list)
    i.rt_sem_psh                             0x000032d4   Section        0  rt_semaphore.o(i.rt_sem_psh)
    i.rt_stk_check                           0x00003308   Section        0  rt_system.o(i.rt_stk_check)
    i.rt_switch_req                          0x0000332c   Section        0  rt_task.o(i.rt_switch_req)
    i.rt_sys_init                            0x00003354   Section        0  rt_task.o(i.rt_sys_init)
    i.rt_sys_start                           0x00003420   Section        0  rt_task.o(i.rt_sys_start)
    i.rt_systick                             0x00003498   Section        0  rt_system.o(i.rt_systick)
    i.rt_tid2ptcb                            0x000034d8   Section        0  rt_cmsis.o(i.rt_tid2ptcb)
    rt_tid2ptcb                              0x000034d9   Thumb Code    18  rt_cmsis.o(i.rt_tid2ptcb)
    i.rt_timer_insert                        0x000034ec   Section        0  rt_cmsis.o(i.rt_timer_insert)
    rt_timer_insert                          0x000034ed   Thumb Code    48  rt_cmsis.o(i.rt_timer_insert)
    i.rt_tsk_create                          0x00003520   Section        0  rt_task.o(i.rt_tsk_create)
    i.rt_tsk_delete                          0x000035a8   Section        0  rt_task.o(i.rt_tsk_delete)
    i.rt_tsk_prio                            0x00003724   Section        0  rt_task.o(i.rt_tsk_prio)
    i.rt_tsk_self                            0x000037a0   Section        0  rt_task.o(i.rt_tsk_self)
    i.spi_tran                               0x000037b0   Section        0  glcd_spi_lpc1700.o(i.spi_tran)
    spi_tran                                 0x000037b1   Thumb Code    28  glcd_spi_lpc1700.o(i.spi_tran)
    i.spi_tran_man                           0x000037d0   Section        0  glcd_spi_lpc1700.o(i.spi_tran_man)
    spi_tran_man                             0x000037d1   Thumb Code   124  glcd_spi_lpc1700.o(i.spi_tran_man)
    i.sqrt                                   0x00003850   Section        0  sqrt.o(i.sqrt)
    i.svcDelay                               0x0000389c   Section        0  rt_cmsis.o(i.svcDelay)
    i.svcKernelInitialize                    0x000038b0   Section        0  rt_cmsis.o(i.svcKernelInitialize)
    i.svcKernelStart                         0x00003920   Section        0  rt_cmsis.o(i.svcKernelStart)
    i.svcMessageCreate                       0x00003968   Section        0  rt_cmsis.o(i.svcMessageCreate)
    i.svcMessageGet                          0x0000398c   Section        0  rt_cmsis.o(i.svcMessageGet)
    i.svcThreadCreate                        0x000039c8   Section        0  rt_cmsis.o(i.svcThreadCreate)
    i.svcThreadGetId                         0x00003a34   Section        0  rt_cmsis.o(i.svcThreadGetId)
    i.svcThreadTerminate                     0x00003a50   Section        0  rt_cmsis.o(i.svcThreadTerminate)
    i.svcTimerCall                           0x00003a88   Section        0  rt_cmsis.o(i.svcTimerCall)
    i.sysTimerTick                           0x00003aa0   Section        0  rt_cmsis.o(i.sysTimerTick)
    i.wr_cmd                                 0x00003afc   Section        0  glcd_spi_lpc1700.o(i.wr_cmd)
    wr_cmd                                   0x00003afd   Thumb Code    36  glcd_spi_lpc1700.o(i.wr_cmd)
    i.wr_dat                                 0x00003b24   Section        0  glcd_spi_lpc1700.o(i.wr_dat)
    wr_dat                                   0x00003b25   Thumb Code    36  glcd_spi_lpc1700.o(i.wr_dat)
    i.wr_dat_only                            0x00003b4c   Section        0  glcd_spi_lpc1700.o(i.wr_dat_only)
    wr_dat_only                              0x00003b4d   Thumb Code    18  glcd_spi_lpc1700.o(i.wr_dat_only)
    i.wr_dat_start                           0x00003b60   Section        0  glcd_spi_lpc1700.o(i.wr_dat_start)
    wr_dat_start                             0x00003b61   Thumb Code    16  glcd_spi_lpc1700.o(i.wr_dat_start)
    i.wr_dat_stop                            0x00003b74   Section        0  glcd_spi_lpc1700.o(i.wr_dat_stop)
    wr_dat_stop                              0x00003b75   Thumb Code     8  glcd_spi_lpc1700.o(i.wr_dat_stop)
    i.wr_reg                                 0x00003b80   Section        0  glcd_spi_lpc1700.o(i.wr_reg)
    wr_reg                                   0x00003b81   Thumb Code    20  glcd_spi_lpc1700.o(i.wr_reg)
    .constdata                               0x00003b94   Section       80  thread.o(.constdata)
    .constdata                               0x00003be4   Section     6272  glcd_spi_lpc1700.o(.constdata)
    .constdata                               0x00005464   Section       32  led.o(.constdata)
    .constdata                               0x00005484   Section      104  rtx_conf_cm.o(.constdata)
    __tagsym$$used                           0x000054a0   Number         0  rtx_conf_cm.o(.constdata)
    __tagsym$$used                           0x000054a4   Number         0  rtx_conf_cm.o(.constdata)
    __tagsym$$used                           0x000054a8   Number         0  rtx_conf_cm.o(.constdata)
    __tagsym$$used                           0x000054ac   Number         0  rtx_conf_cm.o(.constdata)
    .constdata                               0x000054f0   Section      136  pow.o(.constdata)
    bp                                       0x000054f0   Data          16  pow.o(.constdata)
    dp_h                                     0x00005500   Data          16  pow.o(.constdata)
    dp_l                                     0x00005510   Data          16  pow.o(.constdata)
    L                                        0x00005520   Data          48  pow.o(.constdata)
    P                                        0x00005550   Data          40  pow.o(.constdata)
    .constdata                               0x00005578   Section        8  qnan.o(.constdata)
    .bss                                     0x10000000   Section    14816  rtx_conf_cm.o(.bss)
    .data                                    0x2007c000   Section       76  thread.o(.data)
    .data                                    0x2007c04c   Section        5  glcd_spi_lpc1700.o(.data)
    Color                                    0x2007c04c   Data           4  glcd_spi_lpc1700.o(.data)
    Himax                                    0x2007c050   Data           1  glcd_spi_lpc1700.o(.data)
    .data                                    0x2007c054   Section       20  rtx_conf_cm.o(.data)
    .data                                    0x2007c068   Section        8  rt_cmsis.o(.data)
    .data                                    0x2007c070   Section        8  rt_task.o(.data)
    .data                                    0x2007c078   Section        8  rt_system.o(.data)
    os_lock                                  0x2007c078   Data           1  rt_system.o(.data)
    os_psh_flag                              0x2007c079   Data           1  rt_system.o(.data)
    pend_flags                               0x2007c07a   Data           1  rt_system.o(.data)
    .data                                    0x2007c080   Section        4  rt_time.o(.data)
    .data                                    0x2007c084   Section        1  hal_cm.o(.data)
    .data                                    0x2007c088   Section        4  errno.o(.data)
    _errno                                   0x2007c088   Data           4  errno.o(.data)
    .bss                                     0x2007c08c   Section       50  thread.o(.bss)
    .bss                                     0x2007c0c0   Section       52  rt_task.o(.bss)
    .bss                                     0x2007c0f4   Section       48  rt_list.o(.bss)
    STACK                                    0x2007c128   Section      512  startup_lpc17xx.o(STACK)

    Global Symbols

    Symbol Name                              Value     Ov Type        Size  Object(Section)

    BuildAttributes$$THM_ISAv4$P$D$K$B$S$PE$A:L22UL41UL21$X:L11$S22US41US21$IEEE1$IW$USESV6$~STKCKD$USESV7$~SHL$OTIME$ROPI$IEEEX$EBA8$MICROLIB$REQ8$PRES8$EABIv2 0x00000000   Number         0  anon$$obj.o ABSOLUTE
    __ARM_use_no_argv                        0x00000000   Number         0  main.o ABSOLUTE
    __Vectors                                0x00000000   Data           4  startup_lpc17xx.o(RESET)
    _printf_a                                0x00000000   Number         0  stubs.o ABSOLUTE
    _printf_c                                0x00000000   Number         0  stubs.o ABSOLUTE
    _printf_charcount                        0x00000000   Number         0  stubs.o ABSOLUTE
    _printf_d                                0x00000000   Number         0  stubs.o ABSOLUTE
    _printf_e                                0x00000000   Number         0  stubs.o ABSOLUTE
    _printf_f                                0x00000000   Number         0  stubs.o ABSOLUTE
    _printf_flags                            0x00000000   Number         0  stubs.o ABSOLUTE
    _printf_fp_dec                           0x00000000   Number         0  stubs.o ABSOLUTE
    _printf_fp_hex                           0x00000000   Number         0  stubs.o ABSOLUTE
    _printf_g                                0x00000000   Number         0  stubs.o ABSOLUTE
    _printf_i                                0x00000000   Number         0  stubs.o ABSOLUTE
    _printf_int_dec                          0x00000000   Number         0  stubs.o ABSOLUTE
    _printf_l                                0x00000000   Number         0  stubs.o ABSOLUTE
    _printf_lc                               0x00000000   Number         0  stubs.o ABSOLUTE
    _printf_ll                               0x00000000   Number         0  stubs.o ABSOLUTE
    _printf_lld                              0x00000000   Number         0  stubs.o ABSOLUTE
    _printf_lli                              0x00000000   Number         0  stubs.o ABSOLUTE
    _printf_llo                              0x00000000   Number         0  stubs.o ABSOLUTE
    _printf_llu                              0x00000000   Number         0  stubs.o ABSOLUTE
    _printf_llx                              0x00000000   Number         0  stubs.o ABSOLUTE
    _printf_longlong_dec                     0x00000000   Number         0  stubs.o ABSOLUTE
    _printf_longlong_hex                     0x00000000   Number         0  stubs.o ABSOLUTE
    _printf_longlong_oct                     0x00000000   Number         0  stubs.o ABSOLUTE
    _printf_ls                               0x00000000   Number         0  stubs.o ABSOLUTE
    _printf_mbtowc                           0x00000000   Number         0  stubs.o ABSOLUTE
    _printf_n                                0x00000000   Number         0  stubs.o ABSOLUTE
    _printf_o                                0x00000000   Number         0  stubs.o ABSOLUTE
    _printf_p                                0x00000000   Number         0  stubs.o ABSOLUTE
    _printf_percent                          0x00000000   Number         0  stubs.o ABSOLUTE
    _printf_pre_padding                      0x00000000   Number         0  stubs.o ABSOLUTE
    _printf_return_value                     0x00000000   Number         0  stubs.o ABSOLUTE
    _printf_s                                0x00000000   Number         0  stubs.o ABSOLUTE
    _printf_sizespec                         0x00000000   Number         0  stubs.o ABSOLUTE
    _printf_str                              0x00000000   Number         0  stubs.o ABSOLUTE
    _printf_truncate_signed                  0x00000000   Number         0  stubs.o ABSOLUTE
    _printf_truncate_unsigned                0x00000000   Number         0  stubs.o ABSOLUTE
    _printf_u                                0x00000000   Number         0  stubs.o ABSOLUTE
    _printf_wc                               0x00000000   Number         0  stubs.o ABSOLUTE
    _printf_wctomb                           0x00000000   Number         0  stubs.o ABSOLUTE
    _printf_widthprec                        0x00000000   Number         0  stubs.o ABSOLUTE
    _printf_x                                0x00000000   Number         0  stubs.o ABSOLUTE
    __cpp_initialize__aeabi_                  - Undefined Weak Reference
    __cxa_finalize                            - Undefined Weak Reference
    __decompress                              - Undefined Weak Reference
    _clock_init                               - Undefined Weak Reference
    _microlib_exit                            - Undefined Weak Reference
    __main                                   0x000000cd   Thumb Code     0  entry.o(.ARM.Collect$$$$00000000)
    _main_stk                                0x000000cd   Thumb Code     0  entry2.o(.ARM.Collect$$$$00000001)
    _main_scatterload                        0x000000d1   Thumb Code     0  entry5.o(.ARM.Collect$$$$00000004)
    __main_after_scatterload                 0x000000d5   Thumb Code     0  entry5.o(.ARM.Collect$$$$00000004)
    __rt_final_cpp                           0x000000d5   Thumb Code     0  entry10a.o(.ARM.Collect$$$$0000000D)
    __rt_final_exit                          0x000000d5   Thumb Code     0  entry11a.o(.ARM.Collect$$$$0000000F)
    _main_clock                              0x000000d5   Thumb Code     0  entry7b.o(.ARM.Collect$$$$00000008)
    _main_cpp_init                           0x000000d5   Thumb Code     0  entry8b.o(.ARM.Collect$$$$0000000A)
    _main_init                               0x000000d5   Thumb Code    18  rtx_conf_cm.o(.ARM.Collect$$$$000000FF)
    rt_set_PSP                               0x000000f1   Thumb Code     6  hal_cm3.o(.emb_text)
    rt_get_PSP                               0x000000f7   Thumb Code     6  hal_cm3.o(.emb_text)
    os_set_env                               0x000000fd   Thumb Code    24  hal_cm3.o(.emb_text)
    _alloc_box                               0x00000119   Thumb Code    28  hal_cm3.o(.emb_text)
    _free_box                                0x00000139   Thumb Code    28  hal_cm3.o(.emb_text)
    SVC_Handler                              0x00000159   Thumb Code   108  hal_cm3.o(.emb_text)
    PendSV_Handler                           0x000001d1   Thumb Code    56  hal_cm3.o(.emb_text)
    SysTick_Handler                          0x0000020d   Thumb Code     8  hal_cm3.o(.emb_text)
    OS_Tick_Handler                          0x00000215   Thumb Code    12  hal_cm3.o(.emb_text)
    Reset_Handler                            0x00000221   Thumb Code     8  startup_lpc17xx.o(.text)
    NMI_Handler                              0x00000229   Thumb Code     2  startup_lpc17xx.o(.text)
    HardFault_Handler                        0x0000022b   Thumb Code     2  startup_lpc17xx.o(.text)
    MemManage_Handler                        0x0000022d   Thumb Code     2  startup_lpc17xx.o(.text)
    BusFault_Handler                         0x0000022f   Thumb Code     2  startup_lpc17xx.o(.text)
    UsageFault_Handler                       0x00000231   Thumb Code     2  startup_lpc17xx.o(.text)
    DebugMon_Handler                         0x00000235   Thumb Code     2  startup_lpc17xx.o(.text)
    ADC_IRQHandler                           0x0000023b   Thumb Code     0  startup_lpc17xx.o(.text)
    BOD_IRQHandler                           0x0000023b   Thumb Code     0  startup_lpc17xx.o(.text)
    CANActivity_IRQHandler                   0x0000023b   Thumb Code     0  startup_lpc17xx.o(.text)
    CAN_IRQHandler                           0x0000023b   Thumb Code     0  startup_lpc17xx.o(.text)
    DMA_IRQHandler                           0x0000023b   Thumb Code     0  startup_lpc17xx.o(.text)
    EINT0_IRQHandler                         0x0000023b   Thumb Code     0  startup_lpc17xx.o(.text)
    EINT1_IRQHandler                         0x0000023b   Thumb Code     0  startup_lpc17xx.o(.text)
    EINT2_IRQHandler                         0x0000023b   Thumb Code     0  startup_lpc17xx.o(.text)
    EINT3_IRQHandler                         0x0000023b   Thumb Code     0  startup_lpc17xx.o(.text)
    ENET_IRQHandler                          0x0000023b   Thumb Code     0  startup_lpc17xx.o(.text)
    I2C0_IRQHandler                          0x0000023b   Thumb Code     0  startup_lpc17xx.o(.text)
    I2C1_IRQHandler                          0x0000023b   Thumb Code     0  startup_lpc17xx.o(.text)
    I2C2_IRQHandler                          0x0000023b   Thumb Code     0  startup_lpc17xx.o(.text)
    I2S_IRQHandler                           0x0000023b   Thumb Code     0  startup_lpc17xx.o(.text)
    MCPWM_IRQHandler                         0x0000023b   Thumb Code     0  startup_lpc17xx.o(.text)
    PLL0_IRQHandler                          0x0000023b   Thumb Code     0  startup_lpc17xx.o(.text)
    PLL1_IRQHandler                          0x0000023b   Thumb Code     0  startup_lpc17xx.o(.text)
    PWM1_IRQHandler                          0x0000023b   Thumb Code     0  startup_lpc17xx.o(.text)
    QEI_IRQHandler                           0x0000023b   Thumb Code     0  startup_lpc17xx.o(.text)
    RIT_IRQHandler                           0x0000023b   Thumb Code     0  startup_lpc17xx.o(.text)
    RTC_IRQHandler                           0x0000023b   Thumb Code     0  startup_lpc17xx.o(.text)
    SPI_IRQHandler                           0x0000023b   Thumb Code     0  startup_lpc17xx.o(.text)
    SSP0_IRQHandler                          0x0000023b   Thumb Code     0  startup_lpc17xx.o(.text)
    SSP1_IRQHandler                          0x0000023b   Thumb Code     0  startup_lpc17xx.o(.text)
    TIMER0_IRQHandler                        0x0000023b   Thumb Code     0  startup_lpc17xx.o(.text)
    TIMER1_IRQHandler                        0x0000023b   Thumb Code     0  startup_lpc17xx.o(.text)
    TIMER2_IRQHandler                        0x0000023b   Thumb Code     0  startup_lpc17xx.o(.text)
    TIMER3_IRQHandler                        0x0000023b   Thumb Code     0  startup_lpc17xx.o(.text)
    UART0_IRQHandler                         0x0000023b   Thumb Code     0  startup_lpc17xx.o(.text)
    UART1_IRQHandler                         0x0000023b   Thumb Code     0  startup_lpc17xx.o(.text)
    UART2_IRQHandler                         0x0000023b   Thumb Code     0  startup_lpc17xx.o(.text)
    UART3_IRQHandler                         0x0000023b   Thumb Code     0  startup_lpc17xx.o(.text)
    USBActivity_IRQHandler                   0x0000023b   Thumb Code     0  startup_lpc17xx.o(.text)
    USB_IRQHandler                           0x0000023b   Thumb Code     0  startup_lpc17xx.o(.text)
    WDT_IRQHandler                           0x0000023b   Thumb Code     0  startup_lpc17xx.o(.text)
    __aeabi_uldivmod                         0x00000245   Thumb Code    98  uldiv.o(.text)
    __aeabi_i2d                              0x000002a7   Thumb Code    34  dflti.o(.text)
    __aeabi_llsl                             0x000002c9   Thumb Code    30  llshl.o(.text)
    _ll_shift_l                              0x000002c9   Thumb Code     0  llshl.o(.text)
    __I$use$fp                               0x000002e7   Thumb Code     0  iusefp.o(.text)
    SVC_Count                                0x000002e8   Data           4  svc_table.o(SVC_TABLE)
    GLCD_SetBackColor                        0x000002ed   Thumb Code     6  glcd_spi_lpc1700.o(i.GLCD_SetBackColor)
    SVC_Table                                0x000002ec   Data           0  svc_table.o(SVC_TABLE)
    __mathlib_dbl_infnan2                    0x000002f9   Thumb Code     4  dunder.o(i.__mathlib_dbl_infnan2)
    __aeabi_dadd                             0x00000301   Thumb Code   322  dadd.o(.text)
    __aeabi_dsub                             0x00000443   Thumb Code     6  dadd.o(.text)
    __aeabi_drsub                            0x00000449   Thumb Code     6  dadd.o(.text)
    __aeabi_dmul                             0x0000044f   Thumb Code   228  dmul.o(.text)
    __RL_RTX_VER                             0x00000482   Number         0  rt_system.o ABSOLUTE
    __aeabi_ddiv                             0x00000533   Thumb Code   222  ddiv.o(.text)
    __aeabi_d2iz                             0x00000611   Thumb Code    62  dfixi.o(.text)
    __aeabi_llsr                             0x0000064f   Thumb Code    32  llushr.o(.text)
    _ll_ushift_r                             0x0000064f   Thumb Code     0  llushr.o(.text)
    __aeabi_lasr                             0x0000066f   Thumb Code    36  llsshr.o(.text)
    _ll_sshift_r                             0x0000066f   Thumb Code     0  llsshr.o(.text)
    _double_round                            0x00000693   Thumb Code    30  depilogue.o(.text)
    _double_epilogue                         0x000006b1   Thumb Code   156  depilogue.o(.text)
    __ARM_scalbn                             0x0000074d   Thumb Code    46  dscalb.o(.text)
    scalbn                                   0x0000074d   Thumb Code     0  dscalb.o(.text)
    __aeabi_cdrcmple                         0x0000077d   Thumb Code    48  cdrcmple.o(.text)
    __scatterload                            0x000007ad   Thumb Code    28  init.o(.text)
    __scatterload_rt2                        0x000007ad   Thumb Code     0  init.o(.text)
    _dsqrt                                   0x000007d1   Thumb Code   162  dsqrt.o(.text)
    GLCD_Clear                               0x00000873   Thumb Code    42  glcd_spi_lpc1700.o(i.GLCD_Clear)
    GLCD_DisplayChar                         0x0000089d   Thumb Code    84  glcd_spi_lpc1700.o(i.GLCD_DisplayChar)
    GLCD_DisplayString                       0x000008f9   Thumb Code    40  glcd_spi_lpc1700.o(i.GLCD_DisplayString)
    GLCD_DrawChar                            0x00000921   Thumb Code   150  glcd_spi_lpc1700.o(i.GLCD_DrawChar)
    GLCD_Init                                0x000009bd   Thumb Code  1506  glcd_spi_lpc1700.o(i.GLCD_Init)
    GLCD_SetTextColor                        0x00000fa5   Thumb Code     6  glcd_spi_lpc1700.o(i.GLCD_SetTextColor)
    GLCD_SetWindow                           0x00000fb1   Thumb Code   168  glcd_spi_lpc1700.o(i.GLCD_SetWindow)
    GLCD_WindowMax                           0x0000105d   Thumb Code    18  glcd_spi_lpc1700.o(i.GLCD_WindowMax)
    Init_Thread                              0x00001071   Thumb Code    78  thread.o(i.Init_Thread)
    LED_Init                                 0x000010e9   Thumb Code    40  led.o(i.LED_Init)
    LED_Off                                  0x00001119   Thumb Code    40  led.o(i.LED_Off)
    LED_On                                   0x00001149   Thumb Code    40  led.o(i.LED_On)
    SystemInit                               0x00001179   Thumb Code   302  system_lpc17xx.o(i.SystemInit)
    ThreadA                                  0x000012b9   Thumb Code   134  thread.o(i.ThreadA)
    ThreadB                                  0x0000135d   Thumb Code   212  thread.o(i.ThreadB)
    ThreadC                                  0x00001451   Thumb Code   144  thread.o(i.ThreadC)
    ThreadD                                  0x000014fd   Thumb Code   230  thread.o(i.ThreadD)
    ThreadE                                  0x00001609   Thumb Code   216  thread.o(i.ThreadE)
    __0sprintf$8                             0x00001705   Thumb Code    34  printf8.o(i.__0sprintf$8)
    __1sprintf$8                             0x00001705   Thumb Code     0  printf8.o(i.__0sprintf$8)
    __2sprintf                               0x00001705   Thumb Code     0  printf8.o(i.__0sprintf$8)
    __ARM_fpclassify                         0x0000172d   Thumb Code    40  fpclassify.o(i.__ARM_fpclassify)
    __kernel_poly                            0x00001755   Thumb Code   170  poly.o(i.__kernel_poly)
    __mathlib_dbl_divzero                    0x00001801   Thumb Code    12  dunder.o(i.__mathlib_dbl_divzero)
    __mathlib_dbl_invalid                    0x00001811   Thumb Code    12  dunder.o(i.__mathlib_dbl_invalid)
    __mathlib_dbl_overflow                   0x0000181d   Thumb Code    14  dunder.o(i.__mathlib_dbl_overflow)
    __mathlib_dbl_underflow                  0x0000182d   Thumb Code    10  dunder.o(i.__mathlib_dbl_underflow)
    __scatterload_copy                       0x0000183d   Thumb Code    14  handlers.o(i.__scatterload_copy)
    __scatterload_null                       0x0000184b   Thumb Code     2  handlers.o(i.__scatterload_null)
    __scatterload_zeroinit                   0x0000184d   Thumb Code    14  handlers.o(i.__scatterload_zeroinit)
    __set_errno                              0x0000185d   Thumb Code     6  errno.o(i.__set_errno)
    _init_box                                0x00001869   Thumb Code    70  rt_membox.o(i._init_box)
    dbg_init                                 0x00001d1d   Thumb Code    34  hal_cm.o(i.dbg_init)
    dbg_task_notify                          0x00001d4d   Thumb Code    32  hal_cm.o(i.dbg_task_notify)
    dbg_task_switch                          0x00001d6d   Thumb Code    16  hal_cm.o(i.dbg_task_switch)
    isrMessageGet                            0x00001d8b   Thumb Code    42  rt_cmsis.o(i.isrMessageGet)
    isrMessagePut                            0x00001db5   Thumb Code    44  rt_cmsis.o(i.isrMessagePut)
    isr_mbx_receive                          0x00001de1   Thumb Code    86  rt_mailbox.o(i.isr_mbx_receive)
    isr_mbx_send                             0x00001e37   Thumb Code    14  rt_mailbox.o(i.isr_mbx_send)
    main                                     0x00001e45   Thumb Code   156  main.o(i.main)
    osDelay                                  0x00001f4d   Thumb Code    18  rt_cmsis.o(i.osDelay)
    osKernelInitialize                       0x00001f65   Thumb Code    30  rt_cmsis.o(i.osKernelInitialize)
    osKernelStart                            0x00001f89   Thumb Code    98  rt_cmsis.o(i.osKernelStart)
    osMessageGet                             0x00001ff5   Thumb Code    18  rt_cmsis.o(i.osMessageGet)
    osThreadCreate                           0x0000200d   Thumb Code    36  rt_cmsis.o(i.osThreadCreate)
    osThreadExit                             0x00002039   Thumb Code    14  rt_cmsis.o(i.osThreadExit)
    osTimerCall                              0x00002051   Thumb Code     8  rt_cmsis.o(i.osTimerCall)
    osTimerThread                            0x0000205d   Thumb Code    38  rt_cmsis.o(i.osTimerThread)
    os_error                                 0x00002089   Thumb Code    34  rtx_conf_cm.o(i.os_error)
    os_idle_demon                            0x000020ad   Thumb Code    14  rtx_conf_cm.o(i.os_idle_demon)
    os_tick_init                             0x000020c1   Thumb Code    32  rt_system.o(i.os_tick_init)
    os_tick_irqack                           0x000020e9   Thumb Code     2  rt_system.o(i.os_tick_irqack)
    pow                                      0x000020ed   Thumb Code  2512  pow.o(i.pow)
    rt_alloc_box                             0x00002b99   Thumb Code    26  rt_membox.o(i.rt_alloc_box)
    rt_alloc_mem                             0x00002bb3   Thumb Code    62  rt_memory.o(i.rt_alloc_mem)
    rt_block                                 0x00002bf1   Thumb Code    48  rt_task.o(i.rt_block)
    rt_chk_robin                             0x00002c29   Thumb Code     2  rtx_conf_cm.o(i.rt_chk_robin)
    rt_dec_dly                               0x00002c2d   Thumb Code   102  rt_list.o(i.rt_dec_dly)
    rt_dispatch                              0x00002c9d   Thumb Code    60  rt_task.o(i.rt_dispatch)
    rt_dly_wait                              0x00002ce1   Thumb Code     6  rt_time.o(i.rt_dly_wait)
    rt_evt_psh                               0x00002ce9   Thumb Code    76  rt_event.o(i.rt_evt_psh)
    rt_free_box                              0x00002d39   Thumb Code    44  rt_membox.o(i.rt_free_box)
    rt_free_mem                              0x00002d65   Thumb Code    40  rt_memory.o(i.rt_free_mem)
    rt_get_first                             0x00002d8d   Thumb Code    40  rt_list.o(i.rt_get_first)
    rt_init_mem                              0x00002e05   Thumb Code    26  rt_memory.o(i.rt_init_mem)
    rt_init_robin                            0x00002e1f   Thumb Code     2  rtx_conf_cm.o(i.rt_init_robin)
    rt_init_stack                            0x00002e21   Thumb Code   118  hal_cm.o(i.rt_init_stack)
    rt_mbx_check                             0x00002ea1   Thumb Code     8  rt_mailbox.o(i.rt_mbx_check)
    rt_mbx_init                              0x00002ea9   Thumb Code    26  rt_mailbox.o(i.rt_mbx_init)
    rt_mbx_psh                               0x00002ec5   Thumb Code   236  rt_mailbox.o(i.rt_mbx_psh)
    rt_mbx_wait                              0x00002fb5   Thumb Code   174  rt_mailbox.o(i.rt_mbx_wait)
    rt_pop_req                               0x000030ad   Thumb Code   112  rt_system.o(i.rt_pop_req)
    rt_psh_req                               0x00003129   Thumb Code    22  rt_system.o(i.rt_psh_req)
    rt_psq_enq                               0x00003149   Thumb Code    88  rt_list.o(i.rt_psq_enq)
    rt_put_dly                               0x000031a5   Thumb Code    68  rt_list.o(i.rt_put_dly)
    rt_put_prio                              0x000031ed   Thumb Code    54  rt_list.o(i.rt_put_prio)
    rt_put_rdy_first                         0x00003225   Thumb Code    14  rt_list.o(i.rt_put_rdy_first)
    rt_resort_prio                           0x00003239   Thumb Code    46  rt_list.o(i.rt_resort_prio)
    rt_ret_val                               0x0000326d   Thumb Code     6  hal_cm.o(i.rt_ret_val)
    rt_ret_val2                              0x00003273   Thumb Code     8  hal_cm.o(i.rt_ret_val2)
    rt_rmv_dly                               0x0000327b   Thumb Code    40  rt_list.o(i.rt_rmv_dly)
    rt_rmv_list                              0x000032a5   Thumb Code    44  rt_list.o(i.rt_rmv_list)
    rt_sem_psh                               0x000032d5   Thumb Code    48  rt_semaphore.o(i.rt_sem_psh)
    rt_stk_check                             0x00003309   Thumb Code    28  rt_system.o(i.rt_stk_check)
    rt_switch_req                            0x0000332d   Thumb Code    30  rt_task.o(i.rt_switch_req)
    rt_sys_init                              0x00003355   Thumb Code   138  rt_task.o(i.rt_sys_init)
    rt_sys_start                             0x00003421   Thumb Code   110  rt_task.o(i.rt_sys_start)
    rt_systick                               0x00003499   Thumb Code    50  rt_system.o(i.rt_systick)
    rt_tsk_create                            0x00003521   Thumb Code   118  rt_task.o(i.rt_tsk_create)
    rt_tsk_delete                            0x000035a9   Thumb Code   352  rt_task.o(i.rt_tsk_delete)
    rt_tsk_prio                              0x00003725   Thumb Code   108  rt_task.o(i.rt_tsk_prio)
    rt_tsk_self                              0x000037a1   Thumb Code    12  rt_task.o(i.rt_tsk_self)
    sqrt                                     0x00003851   Thumb Code    76  sqrt.o(i.sqrt)
    svcDelay                                 0x0000389d   Thumb Code    18  rt_cmsis.o(i.svcDelay)
    svcKernelInitialize                      0x000038b1   Thumb Code    80  rt_cmsis.o(i.svcKernelInitialize)
    svcKernelStart                           0x00003921   Thumb Code    62  rt_cmsis.o(i.svcKernelStart)
    svcMessageCreate                         0x00003969   Thumb Code    36  rt_cmsis.o(i.svcMessageCreate)
    svcMessageGet                            0x0000398d   Thumb Code    58  rt_cmsis.o(i.svcMessageGet)
    svcThreadCreate                          0x000039c9   Thumb Code    96  rt_cmsis.o(i.svcThreadCreate)
    svcThreadGetId                           0x00003a35   Thumb Code    22  rt_cmsis.o(i.svcThreadGetId)
    svcThreadTerminate                       0x00003a51   Thumb Code    50  rt_cmsis.o(i.svcThreadTerminate)
    svcTimerCall                             0x00003a89   Thumb Code    24  rt_cmsis.o(i.svcTimerCall)
    sysTimerTick                             0x00003aa1   Thumb Code    84  rt_cmsis.o(i.sysTimerTick)
    os_thread_def_ThreadA                    0x00003b94   Data          16  thread.o(.constdata)
    os_thread_def_ThreadB                    0x00003ba4   Data          16  thread.o(.constdata)
    os_thread_def_ThreadC                    0x00003bb4   Data          16  thread.o(.constdata)
    os_thread_def_ThreadD                    0x00003bc4   Data          16  thread.o(.constdata)
    os_thread_def_ThreadE                    0x00003bd4   Data          16  thread.o(.constdata)
    Font_6x8_h                               0x00003be4   Data         896  glcd_spi_lpc1700.o(.constdata)
    Font_16x24_h                             0x00003f64   Data        5376  glcd_spi_lpc1700.o(.constdata)
    led_mask                                 0x00005464   Data          32  led.o(.constdata)
    os_maxtaskrun                            0x00005484   Data           2  rtx_conf_cm.o(.constdata)
    os_stackinfo                             0x00005488   Data           4  rtx_conf_cm.o(.constdata)
    os_rrobin                                0x0000548c   Data           4  rtx_conf_cm.o(.constdata)
    os_tickfreq                              0x00005490   Data           4  rtx_conf_cm.o(.constdata)
    os_tickus_i                              0x00005494   Data           2  rtx_conf_cm.o(.constdata)
    os_tickus_f                              0x00005496   Data           2  rtx_conf_cm.o(.constdata)
    os_trv                                   0x00005498   Data           4  rtx_conf_cm.o(.constdata)
    os_flags                                 0x0000549c   Data           1  rtx_conf_cm.o(.constdata)
    CMSIS_RTOS_API_Version                   0x000054a0   Data           4  rtx_conf_cm.o(.constdata)
    CMSIS_RTOS_RTX_Version                   0x000054a4   Data           4  rtx_conf_cm.o(.constdata)
    os_clockrate                             0x000054a8   Data           4  rtx_conf_cm.o(.constdata)
    os_timernum                              0x000054ac   Data           4  rtx_conf_cm.o(.constdata)
    mp_tcb_size                              0x000054b0   Data           2  rtx_conf_cm.o(.constdata)
    mp_stk_size                              0x000054b4   Data           4  rtx_conf_cm.o(.constdata)
    os_stack_sz                              0x000054b8   Data           4  rtx_conf_cm.o(.constdata)
    os_fifo_size                             0x000054bc   Data           1  rtx_conf_cm.o(.constdata)
    os_thread_def_osTimerThread              0x000054c0   Data          16  rtx_conf_cm.o(.constdata)
    os_messageQ_def_osTimerMessageQ          0x000054d0   Data           8  rtx_conf_cm.o(.constdata)
    mp_tmr_size                              0x000054d8   Data           2  rtx_conf_cm.o(.constdata)
    os_thread_def_main                       0x000054dc   Data          16  rtx_conf_cm.o(.constdata)
    __mathlib_zero                           0x00005578   Data           8  qnan.o(.constdata)
    Region$$Table$$Base                      0x00005580   Number         0  anon$$obj.o(Region$$Table)
    Region$$Table$$Limit                     0x000055b0   Number         0  anon$$obj.o(Region$$Table)
    mp_tcb                                   0x10000000   Data         376  rtx_conf_cm.o(.bss)
    mp_stk                                   0x10000178   Data       12016  rtx_conf_cm.o(.bss)
    os_stack_mem                             0x10003068   Data        2232  rtx_conf_cm.o(.bss)
    os_fifo                                  0x10003920   Data         132  rtx_conf_cm.o(.bss)
    os_active_TCB                            0x100039a4   Data          28  rtx_conf_cm.o(.bss)
    os_messageQ_q_osTimerMessageQ            0x100039c0   Data          32  rtx_conf_cm.o(.bss)
    testcount                                0x2007c000   Data           4  thread.o(.data)
    x                                        0x2007c004   Data           4  thread.o(.data)
    n                                        0x2007c008   Data           4  thread.o(.data)
    r                                        0x2007c00c   Data           4  thread.o(.data)
    counter                                  0x2007c010   Data           4  thread.o(.data)
    A                                        0x2007c014   Data           4  thread.o(.data)
    B                                        0x2007c018   Data           4  thread.o(.data)
    C                                        0x2007c01c   Data           4  thread.o(.data)
    D                                        0x2007c020   Data           4  thread.o(.data)
    E                                        0x2007c024   Data           4  thread.o(.data)
    bf                                       0x2007c028   Data           4  thread.o(.data)
    df                                       0x2007c02c   Data           4  thread.o(.data)
    PI                                       0x2007c030   Data           8  thread.o(.data)
    tid_ThreadA                              0x2007c038   Data           4  thread.o(.data)
    tid_ThreadB                              0x2007c03c   Data           4  thread.o(.data)
    tid_ThreadC                              0x2007c040   Data           4  thread.o(.data)
    tid_ThreadD                              0x2007c044   Data           4  thread.o(.data)
    tid_ThreadE                              0x2007c048   Data           4  thread.o(.data)
    idle_count                               0x2007c054   Data           4  rtx_conf_cm.o(.data)
    osThreadId_osTimerThread                 0x2007c058   Data           4  rtx_conf_cm.o(.data)
    osMessageQId_osTimerMessageQ             0x2007c05c   Data           4  rtx_conf_cm.o(.data)
    os_tmr                                   0x2007c060   Data           4  rtx_conf_cm.o(.data)
    m_tmr                                    0x2007c064   Data           4  rtx_conf_cm.o(.data)
    os_initialized                           0x2007c068   Data           1  rt_cmsis.o(.data)
    os_running                               0x2007c069   Data           1  rt_cmsis.o(.data)
    os_timer_head                            0x2007c06c   Data           4  rt_cmsis.o(.data)
    os_tsk                                   0x2007c070   Data           8  rt_task.o(.data)
    os_tick_irqn                             0x2007c07c   Data           4  rt_system.o(.data)
    os_time                                  0x2007c080   Data           4  rt_time.o(.data)
    dbg_msg                                  0x2007c084   Data           1  hal_cm.o(.data)
    Ac_str                                   0x2007c08c   Data          10  thread.o(.bss)
    Bc_str                                   0x2007c096   Data          10  thread.o(.bss)
    Cc_str                                   0x2007c0a0   Data          10  thread.o(.bss)
    Dc_str                                   0x2007c0aa   Data          10  thread.o(.bss)
    Ec_str                                   0x2007c0b4   Data          10  thread.o(.bss)
    os_idle_TCB                              0x2007c0c0   Data          52  rt_task.o(.bss)
    os_rdy                                   0x2007c0f4   Data          24  rt_list.o(.bss)
    os_dly                                   0x2007c10c   Data          24  rt_list.o(.bss)
    __initial_sp                             0x2007c328   Data           0  startup_lpc17xx.o(STACK)



==============================================================================

Memory Map of the image

  Image Entry point : 0x000000cd

  Load Region LR_IROM1 (Base: 0x00000000, Size: 0x0000563c, Max: 0x00080000, ABSOLUTE)

    Execution Region ER_IROM1 (Exec base: 0x00000000, Load base: 0x00000000, Size: 0x000055b0, Max: 0x00080000, ABSOLUTE)

    Exec Addr    Load Addr    Size         Type   Attr      Idx    E Section Name        Object

    0x00000000   0x00000000   0x000000cc   Data   RO          421    RESET               startup_lpc17xx.o
    0x000000cc   0x000000cc   0x00000000   Code   RO         1686  * .ARM.Collect$$$$00000000  mc_w.l(entry.o)
    0x000000cc   0x000000cc   0x00000004   Code   RO         1989    .ARM.Collect$$$$00000001  mc_w.l(entry2.o)
    0x000000d0   0x000000d0   0x00000004   Code   RO         1992    .ARM.Collect$$$$00000004  mc_w.l(entry5.o)
    0x000000d4   0x000000d4   0x00000000   Code   RO         1994    .ARM.Collect$$$$00000008  mc_w.l(entry7b.o)
    0x000000d4   0x000000d4   0x00000000   Code   RO         1996    .ARM.Collect$$$$0000000A  mc_w.l(entry8b.o)
    0x000000d4   0x000000d4   0x00000000   Code   RO         1997    .ARM.Collect$$$$0000000D  mc_w.l(entry10a.o)
    0x000000d4   0x000000d4   0x00000000   Code   RO         1999    .ARM.Collect$$$$0000000F  mc_w.l(entry11a.o)
    0x000000d4   0x000000d4   0x00000018   Code   RO          372    .ARM.Collect$$$$000000FF  rtx_conf_cm.o
    0x000000ec   0x000000ec   0x00000004   Code   RO         1990    .ARM.Collect$$$$00002712  mc_w.l(entry2.o)
    0x000000f0   0x000000f0   0x00000130   Code   RO         1663    .emb_text           RTX_CM3.lib(hal_cm3.o)
    0x00000220   0x00000220   0x00000024   Code   RO          423    .text               startup_lpc17xx.o
    0x00000244   0x00000244   0x00000062   Code   RO         1689    .text               mc_w.l(uldiv.o)
    0x000002a6   0x000002a6   0x00000022   Code   RO         1958    .text               mf_w.l(dflti.o)
    0x000002c8   0x000002c8   0x0000001e   Code   RO         2003    .text               mc_w.l(llshl.o)
    0x000002e6   0x000002e6   0x00000000   Code   RO         2016    .text               mc_w.l(iusefp.o)
    0x000002e6   0x000002e6   0x00000002   PAD
    0x000002e8   0x000002e8   0x00000004   Code   RO         1673    SVC_TABLE           RTX_CM3.lib(svc_table.o)
    0x000002ec   0x000002ec   0x0000000c   Code   RO          151    i.GLCD_SetBackColor  glcd_spi_lpc1700.o
    0x000002f8   0x000002f8   0x00000004   Code   RO         1964    i.__mathlib_dbl_infnan2  m_ws.l(dunder.o)
    0x000002fc   0x000002fc   0x00000004   Code   RO          422    .ARM.__at_0x02FC    startup_lpc17xx.o
    0x00000300   0x00000300   0x0000014e   Code   RO         1952    .text               mf_w.l(dadd.o)
    0x0000044e   0x0000044e   0x000000e4   Code   RO         1954    .text               mf_w.l(dmul.o)
    0x00000532   0x00000532   0x000000de   Code   RO         1956    .text               mf_w.l(ddiv.o)
    0x00000610   0x00000610   0x0000003e   Code   RO         1960    .text               mf_w.l(dfixi.o)
    0x0000064e   0x0000064e   0x00000020   Code   RO         2005    .text               mc_w.l(llushr.o)
    0x0000066e   0x0000066e   0x00000024   Code   RO         2007    .text               mc_w.l(llsshr.o)
    0x00000692   0x00000692   0x000000ba   Code   RO         2017    .text               mf_w.l(depilogue.o)
    0x0000074c   0x0000074c   0x0000002e   Code   RO         2019    .text               mf_w.l(dscalb.o)
    0x0000077a   0x0000077a   0x00000002   PAD
    0x0000077c   0x0000077c   0x00000030   Code   RO         2023    .text               mf_w.l(cdrcmple.o)
    0x000007ac   0x000007ac   0x00000024   Code   RO         2025    .text               mc_w.l(init.o)
    0x000007d0   0x000007d0   0x000000a2   Code   RO         2027    .text               mf_w.l(dsqrt.o)
    0x00000872   0x00000872   0x0000002a   Code   RO          143    i.GLCD_Clear        glcd_spi_lpc1700.o
    0x0000089c   0x0000089c   0x0000005c   Code   RO          145    i.GLCD_DisplayChar  glcd_spi_lpc1700.o
    0x000008f8   0x000008f8   0x00000028   Code   RO          146    i.GLCD_DisplayString  glcd_spi_lpc1700.o
    0x00000920   0x00000920   0x0000009c   Code   RO          147    i.GLCD_DrawChar     glcd_spi_lpc1700.o
    0x000009bc   0x000009bc   0x000005e8   Code   RO          148    i.GLCD_Init         glcd_spi_lpc1700.o
    0x00000fa4   0x00000fa4   0x0000000c   Code   RO          152    i.GLCD_SetTextColor  glcd_spi_lpc1700.o
    0x00000fb0   0x00000fb0   0x000000ac   Code   RO          153    i.GLCD_SetWindow    glcd_spi_lpc1700.o
    0x0000105c   0x0000105c   0x00000012   Code   RO          154    i.GLCD_WindowMax    glcd_spi_lpc1700.o
    0x0000106e   0x0000106e   0x00000002   PAD
    0x00001070   0x00001070   0x00000078   Code   RO           83    i.Init_Thread       thread.o
    0x000010e8   0x000010e8   0x00000030   Code   RO          330    i.LED_Init          led.o
    0x00001118   0x00001118   0x00000030   Code   RO          331    i.LED_Off           led.o
    0x00001148   0x00001148   0x00000030   Code   RO          332    i.LED_On            led.o
    0x00001178   0x00001178   0x00000140   Code   RO          433    i.SystemInit        system_lpc17xx.o
    0x000012b8   0x000012b8   0x000000a4   Code   RO           84    i.ThreadA           thread.o
    0x0000135c   0x0000135c   0x000000f4   Code   RO           85    i.ThreadB           thread.o
    0x00001450   0x00001450   0x000000ac   Code   RO           86    i.ThreadC           thread.o
    0x000014fc   0x000014fc   0x0000010c   Code   RO           87    i.ThreadD           thread.o
    0x00001608   0x00001608   0x000000fc   Code   RO           88    i.ThreadE           thread.o
    0x00001704   0x00001704   0x00000028   Code   RO         1900    i.__0sprintf$8      mc_w.l(printf8.o)
    0x0000172c   0x0000172c   0x00000028   Code   RO         1976    i.__ARM_fpclassify  m_ws.l(fpclassify.o)
    0x00001754   0x00001754   0x000000aa   Code   RO         1978    i.__kernel_poly     m_ws.l(poly.o)
    0x000017fe   0x000017fe   0x00000002   PAD
    0x00001800   0x00001800   0x00000010   Code   RO         1962    i.__mathlib_dbl_divzero  m_ws.l(dunder.o)
    0x00001810   0x00001810   0x0000000c   Code   RO         1965    i.__mathlib_dbl_invalid  m_ws.l(dunder.o)
    0x0000181c   0x0000181c   0x0000000e   Code   RO         1966    i.__mathlib_dbl_overflow  m_ws.l(dunder.o)
    0x0000182a   0x0000182a   0x00000002   PAD
    0x0000182c   0x0000182c   0x00000010   Code   RO         1968    i.__mathlib_dbl_underflow  m_ws.l(dunder.o)
    0x0000183c   0x0000183c   0x0000000e   Code   RO         2033    i.__scatterload_copy  mc_w.l(handlers.o)
    0x0000184a   0x0000184a   0x00000002   Code   RO         2034    i.__scatterload_null  mc_w.l(handlers.o)
    0x0000184c   0x0000184c   0x0000000e   Code   RO         2035    i.__scatterload_zeroinit  mc_w.l(handlers.o)
    0x0000185a   0x0000185a   0x00000002   PAD
    0x0000185c   0x0000185c   0x0000000c   Code   RO         2011    i.__set_errno       mc_w.l(errno.o)
    0x00001868   0x00001868   0x00000046   Code   RO         1541    i._init_box         RTX_CM3.lib(rt_membox.o)
    0x000018ae   0x000018ae   0x00000002   PAD
    0x000018b0   0x000018b0   0x00000410   Code   RO         1905    i._printf_core      mc_w.l(printf8.o)
    0x00001cc0   0x00001cc0   0x00000024   Code   RO         1906    i._printf_post_padding  mc_w.l(printf8.o)
    0x00001ce4   0x00001ce4   0x0000002e   Code   RO         1907    i._printf_pre_padding  mc_w.l(printf8.o)
    0x00001d12   0x00001d12   0x0000000a   Code   RO         1909    i._sputc            mc_w.l(printf8.o)
    0x00001d1c   0x00001d1c   0x00000030   Code   RO         1594    i.dbg_init          RTX_CM3.lib(hal_cm.o)
    0x00001d4c   0x00001d4c   0x00000020   Code   RO         1595    i.dbg_task_notify   RTX_CM3.lib(hal_cm.o)
    0x00001d6c   0x00001d6c   0x00000010   Code   RO         1596    i.dbg_task_switch   RTX_CM3.lib(hal_cm.o)
    0x00001d7c   0x00001d7c   0x0000000e   Code   RO          157    i.delay             glcd_spi_lpc1700.o
    0x00001d8a   0x00001d8a   0x0000002a   Code   RO          468    i.isrMessageGet     RTX_CM3.lib(rt_cmsis.o)
    0x00001db4   0x00001db4   0x0000002c   Code   RO          469    i.isrMessagePut     RTX_CM3.lib(rt_cmsis.o)
    0x00001de0   0x00001de0   0x00000056   Code   RO         1387    i.isr_mbx_receive   RTX_CM3.lib(rt_mailbox.o)
    0x00001e36   0x00001e36   0x0000000e   Code   RO         1388    i.isr_mbx_send      RTX_CM3.lib(rt_mailbox.o)
    0x00001e44   0x00001e44   0x00000108   Code   RO            5    i.main              main.o
    0x00001f4c   0x00001f4c   0x00000018   Code   RO          472    i.osDelay           RTX_CM3.lib(rt_cmsis.o)
    0x00001f64   0x00001f64   0x00000024   Code   RO          473    i.osKernelInitialize  RTX_CM3.lib(rt_cmsis.o)
    0x00001f88   0x00001f88   0x0000006c   Code   RO          475    i.osKernelStart     RTX_CM3.lib(rt_cmsis.o)
    0x00001ff4   0x00001ff4   0x00000018   Code   RO          484    i.osMessageGet      RTX_CM3.lib(rt_cmsis.o)
    0x0000200c   0x0000200c   0x0000002c   Code   RO          501    i.osThreadCreate    RTX_CM3.lib(rt_cmsis.o)
    0x00002038   0x00002038   0x00000018   Code   RO          502    i.osThreadExit      RTX_CM3.lib(rt_cmsis.o)
    0x00002050   0x00002050   0x0000000c   Code   RO          508    i.osTimerCall       RTX_CM3.lib(rt_cmsis.o)
    0x0000205c   0x0000205c   0x0000002c   Code   RO          513    i.osTimerThread     RTX_CM3.lib(rt_cmsis.o)
    0x00002088   0x00002088   0x00000022   Code   RO          373    i.os_error          rtx_conf_cm.o
    0x000020aa   0x000020aa   0x00000002   PAD
    0x000020ac   0x000020ac   0x00000014   Code   RO          374    i.os_idle_demon     rtx_conf_cm.o
    0x000020c0   0x000020c0   0x00000028   Code   RO         1175    i.os_tick_init      RTX_CM3.lib(rt_system.o)
    0x000020e8   0x000020e8   0x00000002   Code   RO         1176    i.os_tick_irqack    RTX_CM3.lib(rt_system.o)
    0x000020ea   0x000020ea   0x00000002   PAD
    0x000020ec   0x000020ec   0x000009d8   Code   RO         1677    i.pow               m_ws.l(pow.o)
    0x00002ac4   0x00002ac4   0x0000008c   Code   RO          158    i.rd_id_man         glcd_spi_lpc1700.o
    0x00002b50   0x00002b50   0x00000048   Code   RO          159    i.rd_reg            glcd_spi_lpc1700.o
    0x00002b98   0x00002b98   0x0000001a   Code   RO         1542    i.rt_alloc_box      RTX_CM3.lib(rt_membox.o)
    0x00002bb2   0x00002bb2   0x0000003e   Code   RO         1570    i.rt_alloc_mem      RTX_CM3.lib(rt_memory.o)
    0x00002bf0   0x00002bf0   0x00000038   Code   RO         1090    i.rt_block          RTX_CM3.lib(rt_task.o)
    0x00002c28   0x00002c28   0x00000002   Code   RO          375    i.rt_chk_robin      rtx_conf_cm.o
    0x00002c2a   0x00002c2a   0x00000002   PAD
    0x00002c2c   0x00002c2c   0x00000070   Code   RO         1311    i.rt_dec_dly        RTX_CM3.lib(rt_list.o)
    0x00002c9c   0x00002c9c   0x00000044   Code   RO         1091    i.rt_dispatch       RTX_CM3.lib(rt_task.o)
    0x00002ce0   0x00002ce0   0x00000006   Code   RO         1477    i.rt_dly_wait       RTX_CM3.lib(rt_time.o)
    0x00002ce6   0x00002ce6   0x00000002   PAD
    0x00002ce8   0x00002ce8   0x00000050   Code   RO         1268    i.rt_evt_psh        RTX_CM3.lib(rt_event.o)
    0x00002d38   0x00002d38   0x0000002c   Code   RO         1543    i.rt_free_box       RTX_CM3.lib(rt_membox.o)
    0x00002d64   0x00002d64   0x00000028   Code   RO         1571    i.rt_free_mem       RTX_CM3.lib(rt_memory.o)
    0x00002d8c   0x00002d8c   0x00000028   Code   RO         1312    i.rt_get_first      RTX_CM3.lib(rt_list.o)
    0x00002db4   0x00002db4   0x00000008   Code   RO          518    i.rt_id2obj         RTX_CM3.lib(rt_cmsis.o)
    0x00002dbc   0x00002dbc   0x00000048   Code   RO         1092    i.rt_init_context   RTX_CM3.lib(rt_task.o)
    0x00002e04   0x00002e04   0x0000001a   Code   RO         1572    i.rt_init_mem       RTX_CM3.lib(rt_memory.o)
    0x00002e1e   0x00002e1e   0x00000002   Code   RO          376    i.rt_init_robin     rtx_conf_cm.o
    0x00002e20   0x00002e20   0x00000080   Code   RO         1597    i.rt_init_stack     RTX_CM3.lib(hal_cm.o)
    0x00002ea0   0x00002ea0   0x00000008   Code   RO         1389    i.rt_mbx_check      RTX_CM3.lib(rt_mailbox.o)
    0x00002ea8   0x00002ea8   0x0000001a   Code   RO         1390    i.rt_mbx_init       RTX_CM3.lib(rt_mailbox.o)
    0x00002ec2   0x00002ec2   0x00000002   PAD
    0x00002ec4   0x00002ec4   0x000000f0   Code   RO         1391    i.rt_mbx_psh        RTX_CM3.lib(rt_mailbox.o)
    0x00002fb4   0x00002fb4   0x000000b4   Code   RO         1393    i.rt_mbx_wait       RTX_CM3.lib(rt_mailbox.o)
    0x00003068   0x00003068   0x00000044   Code   RO          519    i.rt_ms2tick        RTX_CM3.lib(rt_cmsis.o)
    0x000030ac   0x000030ac   0x0000007c   Code   RO         1179    i.rt_pop_req        RTX_CM3.lib(rt_system.o)
    0x00003128   0x00003128   0x00000020   Code   RO         1180    i.rt_psh_req        RTX_CM3.lib(rt_system.o)
    0x00003148   0x00003148   0x0000005c   Code   RO         1314    i.rt_psq_enq        RTX_CM3.lib(rt_list.o)
    0x000031a4   0x000031a4   0x00000048   Code   RO         1315    i.rt_put_dly        RTX_CM3.lib(rt_list.o)
    0x000031ec   0x000031ec   0x00000036   Code   RO         1316    i.rt_put_prio       RTX_CM3.lib(rt_list.o)
    0x00003222   0x00003222   0x00000002   PAD
    0x00003224   0x00003224   0x00000014   Code   RO         1317    i.rt_put_rdy_first  RTX_CM3.lib(rt_list.o)
    0x00003238   0x00003238   0x00000034   Code   RO         1318    i.rt_resort_prio    RTX_CM3.lib(rt_list.o)
    0x0000326c   0x0000326c   0x00000006   Code   RO         1598    i.rt_ret_val        RTX_CM3.lib(hal_cm.o)
    0x00003272   0x00003272   0x00000008   Code   RO         1599    i.rt_ret_val2       RTX_CM3.lib(hal_cm.o)
    0x0000327a   0x0000327a   0x00000028   Code   RO         1319    i.rt_rmv_dly        RTX_CM3.lib(rt_list.o)
    0x000032a2   0x000032a2   0x00000002   PAD
    0x000032a4   0x000032a4   0x00000030   Code   RO         1320    i.rt_rmv_list       RTX_CM3.lib(rt_list.o)
    0x000032d4   0x000032d4   0x00000034   Code   RO         1438    i.rt_sem_psh        RTX_CM3.lib(rt_semaphore.o)
    0x00003308   0x00003308   0x00000024   Code   RO         1182    i.rt_stk_check      RTX_CM3.lib(rt_system.o)
    0x0000332c   0x0000332c   0x00000028   Code   RO         1093    i.rt_switch_req     RTX_CM3.lib(rt_task.o)
    0x00003354   0x00003354   0x000000cc   Code   RO         1094    i.rt_sys_init       RTX_CM3.lib(rt_task.o)
    0x00003420   0x00003420   0x00000078   Code   RO         1095    i.rt_sys_start      RTX_CM3.lib(rt_task.o)
    0x00003498   0x00003498   0x00000040   Code   RO         1184    i.rt_systick        RTX_CM3.lib(rt_system.o)
    0x000034d8   0x000034d8   0x00000012   Code   RO          520    i.rt_tid2ptcb       RTX_CM3.lib(rt_cmsis.o)
    0x000034ea   0x000034ea   0x00000002   PAD
    0x000034ec   0x000034ec   0x00000034   Code   RO          521    i.rt_timer_insert   RTX_CM3.lib(rt_cmsis.o)
    0x00003520   0x00003520   0x00000088   Code   RO         1096    i.rt_tsk_create     RTX_CM3.lib(rt_task.o)
    0x000035a8   0x000035a8   0x0000017c   Code   RO         1097    i.rt_tsk_delete     RTX_CM3.lib(rt_task.o)
    0x00003724   0x00003724   0x0000007c   Code   RO         1099    i.rt_tsk_prio       RTX_CM3.lib(rt_task.o)
    0x000037a0   0x000037a0   0x00000010   Code   RO         1100    i.rt_tsk_self       RTX_CM3.lib(rt_task.o)
    0x000037b0   0x000037b0   0x00000020   Code   RO          160    i.spi_tran          glcd_spi_lpc1700.o
    0x000037d0   0x000037d0   0x00000080   Code   RO          161    i.spi_tran_man      glcd_spi_lpc1700.o
    0x00003850   0x00003850   0x0000004c   Code   RO         1982    i.sqrt              m_ws.l(sqrt.o)
    0x0000389c   0x0000389c   0x00000012   Code   RO          523    i.svcDelay          RTX_CM3.lib(rt_cmsis.o)
    0x000038ae   0x000038ae   0x00000002   PAD
    0x000038b0   0x000038b0   0x00000070   Code   RO          524    i.svcKernelInitialize  RTX_CM3.lib(rt_cmsis.o)
    0x00003920   0x00003920   0x00000048   Code   RO          526    i.svcKernelStart    RTX_CM3.lib(rt_cmsis.o)
    0x00003968   0x00003968   0x00000024   Code   RO          529    i.svcMessageCreate  RTX_CM3.lib(rt_cmsis.o)
    0x0000398c   0x0000398c   0x0000003a   Code   RO          530    i.svcMessageGet     RTX_CM3.lib(rt_cmsis.o)
    0x000039c6   0x000039c6   0x00000002   PAD
    0x000039c8   0x000039c8   0x0000006c   Code   RO          544    i.svcThreadCreate   RTX_CM3.lib(rt_cmsis.o)
    0x00003a34   0x00003a34   0x0000001c   Code   RO          545    i.svcThreadGetId    RTX_CM3.lib(rt_cmsis.o)
    0x00003a50   0x00003a50   0x00000038   Code   RO          548    i.svcThreadTerminate  RTX_CM3.lib(rt_cmsis.o)
    0x00003a88   0x00003a88   0x00000018   Code   RO          550    i.svcTimerCall      RTX_CM3.lib(rt_cmsis.o)
    0x00003aa0   0x00003aa0   0x0000005c   Code   RO          559    i.sysTimerTick      RTX_CM3.lib(rt_cmsis.o)
    0x00003afc   0x00003afc   0x00000028   Code   RO          162    i.wr_cmd            glcd_spi_lpc1700.o
    0x00003b24   0x00003b24   0x00000028   Code   RO          163    i.wr_dat            glcd_spi_lpc1700.o
    0x00003b4c   0x00003b4c   0x00000012   Code   RO          164    i.wr_dat_only       glcd_spi_lpc1700.o
    0x00003b5e   0x00003b5e   0x00000002   PAD
    0x00003b60   0x00003b60   0x00000014   Code   RO          165    i.wr_dat_start      glcd_spi_lpc1700.o
    0x00003b74   0x00003b74   0x0000000c   Code   RO          166    i.wr_dat_stop       glcd_spi_lpc1700.o
    0x00003b80   0x00003b80   0x00000014   Code   RO          167    i.wr_reg            glcd_spi_lpc1700.o
    0x00003b94   0x00003b94   0x00000050   Data   RO           90    .constdata          thread.o
    0x00003be4   0x00003be4   0x00001880   Data   RO          168    .constdata          glcd_spi_lpc1700.o
    0x00005464   0x00005464   0x00000020   Data   RO          334    .constdata          led.o
    0x00005484   0x00005484   0x00000068   Data   RO          378    .constdata          rtx_conf_cm.o
    0x000054ec   0x000054ec   0x00000004   PAD
    0x000054f0   0x000054f0   0x00000088   Data   RO         1678    .constdata          m_ws.l(pow.o)
    0x00005578   0x00005578   0x00000008   Data   RO         1980    .constdata          m_ws.l(qnan.o)
    0x00005580   0x00005580   0x00000030   Data   RO         2031    Region$$Table       anon$$obj.o


    Execution Region RW_IRAM1 (Exec base: 0x10000000, Load base: 0x000055b0, Size: 0x000039e0, Max: 0x00008000, ABSOLUTE)

    Exec Addr    Load Addr    Size         Type   Attr      Idx    E Section Name        Object

    0x10000000        -       0x000039e0   Zero   RW          377    .bss                rtx_conf_cm.o


    Execution Region RW_IRAM2 (Exec base: 0x2007c000, Load base: 0x000055b0, Size: 0x00000328, Max: 0x00008000, ABSOLUTE)

    Exec Addr    Load Addr    Size         Type   Attr      Idx    E Section Name        Object

    0x2007c000   0x000055b0   0x0000004c   Data   RW           91    .data               thread.o
    0x2007c04c   0x000055fc   0x00000005   Data   RW          169    .data               glcd_spi_lpc1700.o
    0x2007c051   0x00005601   0x00000003   PAD
    0x2007c054   0x00005604   0x00000014   Data   RW          379    .data               rtx_conf_cm.o
    0x2007c068   0x00005618   0x00000008   Data   RW          562    .data               RTX_CM3.lib(rt_cmsis.o)
    0x2007c070   0x00005620   0x00000008   Data   RW         1102    .data               RTX_CM3.lib(rt_task.o)
    0x2007c078   0x00005628   0x00000008   Data   RW         1187    .data               RTX_CM3.lib(rt_system.o)
    0x2007c080   0x00005630   0x00000004   Data   RW         1481    .data               RTX_CM3.lib(rt_time.o)
    0x2007c084   0x00005634   0x00000001   Data   RW         1600    .data               RTX_CM3.lib(hal_cm.o)
    0x2007c085   0x00005635   0x00000003   PAD
    0x2007c088   0x00005638   0x00000004   Data   RW         2012    .data               mc_w.l(errno.o)
    0x2007c08c        -       0x00000032   Zero   RW           89    .bss                thread.o
    0x2007c0be   0x0000563c   0x00000002   PAD
    0x2007c0c0        -       0x00000034   Zero   RW         1101    .bss                RTX_CM3.lib(rt_task.o)
    0x2007c0f4        -       0x00000030   Zero   RW         1321    .bss                RTX_CM3.lib(rt_list.o)
    0x2007c124   0x0000563c   0x00000004   PAD
    0x2007c128        -       0x00000200   Zero   RW          419    STACK               startup_lpc17xx.o


==============================================================================

Image component sizes


      Code (inc. data)   RO Data    RW Data    ZI Data      Debug   Object Name

      2592         94       6272          5          0      13785   glcd_spi_lpc1700.o
       144         24         32          0          0       1873   led.o
       264        108          0          0          0       9153   main.o
        82         12        104         20      14816       8770   rtx_conf_cm.o
        40         12        204          0        512       1044   startup_lpc17xx.o
       320         18          0          0          0        601   system_lpc17xx.o
      1220        206         80         76         50       4978   thread.o

    ----------------------------------------------------------------------
      4670        474       6744        104      15380      40204   Object Totals
         0          0         48          0          0          0   (incl. Generated)
         8          0          4          3          2          0   (incl. Padding)

    ----------------------------------------------------------------------

      Code (inc. data)   RO Data    RW Data    ZI Data      Debug   Library Member Name

       238         24          0          1          0       3244   hal_cm.o
       304         36          0          0          0        756   hal_cm3.o
      1152        144          0          8          0      33322   rt_cmsis.o
        80          4          0          0          0        649   rt_event.o
       530         34          0          0         48       8157   rt_list.o
       554         10          0          0          0       3889   rt_mailbox.o
       140          0          0          0          0       1889   rt_membox.o
       128          0          0          0          0       2267   rt_memory.o
        52          4          0          0          0        565   rt_semaphore.o
       298         52          0          8          0       6139   rt_system.o
      1216        174          0          8         52       9537   rt_task.o
         6          0          0          4          0        636   rt_time.o
         4          4          0          0          0        196   svc_table.o
        62         10          0          0          0        340   dunder.o
        40          0          0          0          0         68   fpclassify.o
       170          0          0          0          0         96   poly.o
      2520        190        136          0          0        324   pow.o
         0          0          8          0          0          0   qnan.o
        76          0          0          0          0         84   sqrt.o
         0          0          0          0          0          0   entry.o
         0          0          0          0          0          0   entry10a.o
         0          0          0          0          0          0   entry11a.o
         8          4          0          0          0          0   entry2.o
         4          0          0          0          0          0   entry5.o
         0          0          0          0          0          0   entry7b.o
         0          0          0          0          0          0   entry8b.o
        12          6          0          4          0         68   errno.o
        30          0          0          0          0          0   handlers.o
        36          8          0          0          0         68   init.o
         0          0          0          0          0          0   iusefp.o
        30          0          0          0          0         68   llshl.o
        36          0          0          0          0         68   llsshr.o
        32          0          0          0          0         68   llushr.o
      1172         50          0          0          0        420   printf8.o
        98          0          0          0          0         92   uldiv.o
        48          0          0          0          0         68   cdrcmple.o
       334          0          0          0          0        148   dadd.o
       222          0          0          0          0        100   ddiv.o
       186          0          0          0          0        176   depilogue.o
        62          0          0          0          0         80   dfixi.o
        34          0          0          0          0         76   dflti.o
       228          0          0          0          0         96   dmul.o
        46          0          0          0          0         80   dscalb.o
       162          0          0          0          0        100   dsqrt.o

    ----------------------------------------------------------------------
     10378        754        144         36        104      73934   Library Totals
        28          0          0          3          4          0   (incl. Padding)

    ----------------------------------------------------------------------

      Code (inc. data)   RO Data    RW Data    ZI Data      Debug   Library Name

      4702        486          0         29        100      71246   RTX_CM3.lib
      2868        200        144          0          0        912   m_ws.l
      1458         68          0          4          0        852   mc_w.l
      1322          0          0          0          0        924   mf_w.l

    ----------------------------------------------------------------------
     10378        754        144         36        104      73934   Library Totals

    ----------------------------------------------------------------------

==============================================================================


      Code (inc. data)   RO Data    RW Data    ZI Data      Debug   

     15048       1228       6888        140      15484     107686   Grand Totals
     15048       1228       6888        140      15484     107686   ELF Image Totals
     15048       1228       6888        140          0          0   ROM Totals

==============================================================================

    Total RO  Size (Code + RO Data)                21936 (  21.42kB)
    Total RW  Size (RW Data + ZI Data)             15624 (  15.26kB)
    Total ROM Size (Code + RO Data + RW Data)      22076 (  21.56kB)

==============================================================================

